Archive member included to satisfy reference by file (symbol)

d:/programs/stm32cubeide_1.3.0/stm32cubeide/plugins/com.st.stm32cube.ide.mcu.externaltools.gnu-tools-for-stm32.7-2018-q2-update.win32_1.0.0.201904181610/tools/bin/../lib/gcc/arm-none-eabi/7.3.1/../../../../arm-none-eabi/lib/thumb/v7e-m/fpv4-sp/hard\libc_nano.a(lib_a-atoi.o)
                              Core/Src/main.o (atoi)
d:/programs/stm32cubeide_1.3.0/stm32cubeide/plugins/com.st.stm32cube.ide.mcu.externaltools.gnu-tools-for-stm32.7-2018-q2-update.win32_1.0.0.201904181610/tools/bin/../lib/gcc/arm-none-eabi/7.3.1/../../../../arm-none-eabi/lib/thumb/v7e-m/fpv4-sp/hard\libc_nano.a(lib_a-calloc.o)
                              Core/Src/main.o (calloc)
d:/programs/stm32cubeide_1.3.0/stm32cubeide/plugins/com.st.stm32cube.ide.mcu.externaltools.gnu-tools-for-stm32.7-2018-q2-update.win32_1.0.0.201904181610/tools/bin/../lib/gcc/arm-none-eabi/7.3.1/../../../../arm-none-eabi/lib/thumb/v7e-m/fpv4-sp/hard\libc_nano.a(lib_a-errno.o)
                              Core/Src/syscalls.o (__errno)
d:/programs/stm32cubeide_1.3.0/stm32cubeide/plugins/com.st.stm32cube.ide.mcu.externaltools.gnu-tools-for-stm32.7-2018-q2-update.win32_1.0.0.201904181610/tools/bin/../lib/gcc/arm-none-eabi/7.3.1/../../../../arm-none-eabi/lib/thumb/v7e-m/fpv4-sp/hard\libc_nano.a(lib_a-exit.o)
                              d:/programs/stm32cubeide_1.3.0/stm32cubeide/plugins/com.st.stm32cube.ide.mcu.externaltools.gnu-tools-for-stm32.7-2018-q2-update.win32_1.0.0.201904181610/tools/bin/../lib/gcc/arm-none-eabi/7.3.1/../../../../arm-none-eabi/lib/thumb/v7e-m/fpv4-sp/hard/crt0.o (exit)
d:/programs/stm32cubeide_1.3.0/stm32cubeide/plugins/com.st.stm32cube.ide.mcu.externaltools.gnu-tools-for-stm32.7-2018-q2-update.win32_1.0.0.201904181610/tools/bin/../lib/gcc/arm-none-eabi/7.3.1/../../../../arm-none-eabi/lib/thumb/v7e-m/fpv4-sp/hard\libc_nano.a(lib_a-impure.o)
                              d:/programs/stm32cubeide_1.3.0/stm32cubeide/plugins/com.st.stm32cube.ide.mcu.externaltools.gnu-tools-for-stm32.7-2018-q2-update.win32_1.0.0.201904181610/tools/bin/../lib/gcc/arm-none-eabi/7.3.1/../../../../arm-none-eabi/lib/thumb/v7e-m/fpv4-sp/hard\libc_nano.a(lib_a-exit.o) (_global_impure_ptr)
d:/programs/stm32cubeide_1.3.0/stm32cubeide/plugins/com.st.stm32cube.ide.mcu.externaltools.gnu-tools-for-stm32.7-2018-q2-update.win32_1.0.0.201904181610/tools/bin/../lib/gcc/arm-none-eabi/7.3.1/../../../../arm-none-eabi/lib/thumb/v7e-m/fpv4-sp/hard\libc_nano.a(lib_a-init.o)
                              d:/programs/stm32cubeide_1.3.0/stm32cubeide/plugins/com.st.stm32cube.ide.mcu.externaltools.gnu-tools-for-stm32.7-2018-q2-update.win32_1.0.0.201904181610/tools/bin/../lib/gcc/arm-none-eabi/7.3.1/../../../../arm-none-eabi/lib/thumb/v7e-m/fpv4-sp/hard/crt0.o (__libc_init_array)
d:/programs/stm32cubeide_1.3.0/stm32cubeide/plugins/com.st.stm32cube.ide.mcu.externaltools.gnu-tools-for-stm32.7-2018-q2-update.win32_1.0.0.201904181610/tools/bin/../lib/gcc/arm-none-eabi/7.3.1/../../../../arm-none-eabi/lib/thumb/v7e-m/fpv4-sp/hard\libc_nano.a(lib_a-malloc.o)
                              Core/Src/main.o (free)
d:/programs/stm32cubeide_1.3.0/stm32cubeide/plugins/com.st.stm32cube.ide.mcu.externaltools.gnu-tools-for-stm32.7-2018-q2-update.win32_1.0.0.201904181610/tools/bin/../lib/gcc/arm-none-eabi/7.3.1/../../../../arm-none-eabi/lib/thumb/v7e-m/fpv4-sp/hard\libc_nano.a(lib_a-memcpy-stub.o)
                              Core/Src/main.o (memcpy)
d:/programs/stm32cubeide_1.3.0/stm32cubeide/plugins/com.st.stm32cube.ide.mcu.externaltools.gnu-tools-for-stm32.7-2018-q2-update.win32_1.0.0.201904181610/tools/bin/../lib/gcc/arm-none-eabi/7.3.1/../../../../arm-none-eabi/lib/thumb/v7e-m/fpv4-sp/hard\libc_nano.a(lib_a-memset.o)
                              d:/programs/stm32cubeide_1.3.0/stm32cubeide/plugins/com.st.stm32cube.ide.mcu.externaltools.gnu-tools-for-stm32.7-2018-q2-update.win32_1.0.0.201904181610/tools/bin/../lib/gcc/arm-none-eabi/7.3.1/../../../../arm-none-eabi/lib/thumb/v7e-m/fpv4-sp/hard/crt0.o (memset)
d:/programs/stm32cubeide_1.3.0/stm32cubeide/plugins/com.st.stm32cube.ide.mcu.externaltools.gnu-tools-for-stm32.7-2018-q2-update.win32_1.0.0.201904181610/tools/bin/../lib/gcc/arm-none-eabi/7.3.1/../../../../arm-none-eabi/lib/thumb/v7e-m/fpv4-sp/hard\libc_nano.a(lib_a-nano-callocr.o)
                              d:/programs/stm32cubeide_1.3.0/stm32cubeide/plugins/com.st.stm32cube.ide.mcu.externaltools.gnu-tools-for-stm32.7-2018-q2-update.win32_1.0.0.201904181610/tools/bin/../lib/gcc/arm-none-eabi/7.3.1/../../../../arm-none-eabi/lib/thumb/v7e-m/fpv4-sp/hard\libc_nano.a(lib_a-calloc.o) (_calloc_r)
d:/programs/stm32cubeide_1.3.0/stm32cubeide/plugins/com.st.stm32cube.ide.mcu.externaltools.gnu-tools-for-stm32.7-2018-q2-update.win32_1.0.0.201904181610/tools/bin/../lib/gcc/arm-none-eabi/7.3.1/../../../../arm-none-eabi/lib/thumb/v7e-m/fpv4-sp/hard\libc_nano.a(lib_a-nano-freer.o)
[...]
Memory Configuration

Name             Origin             Length             Attributes
RAM              0x0000000020000000 0x0000000000020000 xrw
FLASH            0x0000000008000000 0x0000000000080000 xr
*default*        0x0000000000000000 0xffffffffffffffff

Linker script and memory map

LOAD d:/programs/stm32cubeide_1.3.0/stm32cubeide/plugins/com.st.stm32cube.ide.mcu.externaltools.gnu-tools-for-stm32.7-2018-q2-update.win32_1.0.0.201904181610/tools/bin/../lib/gcc/arm-none-eabi/7.3.1/thumb/v7e-m/fpv4-sp/hard/crti.o
LOAD d:/programs/stm32cubeide_1.3.0/stm32cubeide/plugins/com.st.stm32cube.ide.mcu.externaltools.gnu-tools-for-stm32.7-2018-q2-update.win32_1.0.0.201904181610/tools/bin/../lib/gcc/arm-none-eabi/7.3.1/thumb/v7e-m/fpv4-sp/hard/crtbegin.o
LOAD d:/programs/stm32cubeide_1.3.0/stm32cubeide/plugins/com.st.stm32cube.ide.mcu.externaltools.gnu-tools-for-stm32.7-2018-q2-update.win32_1.0.0.201904181610/tools/bin/../lib/gcc/arm-none-eabi/7.3.1/../../../../arm-none-eabi/lib/thumb/v7e-m/fpv4-sp/hard/crt0.o
LOAD Core/Src/IR_Ext_Aiwa.o
LOAD Core/Src/IR_Ext_Denon.o
LOAD Core/Src/IR_Ext_JVC.o
LOAD Core/Src/IR_Ext_LG.o
LOAD Core/Src/IR_Ext_NEC.o
LOAD Core/Src/IR_Ext_Panasonic.o
LOAD Core/Src/IR_Ext_RC56.o
LOAD Core/Src/IR_Ext_Samsung.o
LOAD Core/Src/IR_Ext_Sony.o
LOAD Core/Src/IR_Ext_Whynter.o
LOAD Core/Src/IR_Remote.o
LOAD Core/Src/IR_Send.o
LOAD Core/Src/main.o
LOAD Core/Src/stm32f4xx_hal_msp.o
LOAD Core/Src/stm32f4xx_it.o
LOAD Core/Src/syscalls.o
LOAD Core/Src/sysmem.o
LOAD Core/Src/system_stm32f4xx.o
LOAD Core/Startup/startup_stm32f411retx.o
LOAD Drivers/STM32F4xx_HAL_Driver/Src/stm32f4xx_hal.o
LOAD Drivers/STM32F4xx_HAL_Driver/Src/stm32f4xx_hal_cortex.o
LOAD Drivers/STM32F4xx_HAL_Driver/Src/stm32f4xx_hal_dma.o
LOAD Drivers/STM32F4xx_HAL_Driver/Src/stm32f4xx_hal_dma_ex.o
LOAD Drivers/STM32F4xx_HAL_Driver/Src/stm32f4xx_hal_exti.o
LOAD Drivers/STM32F4xx_HAL_Driver/Src/stm32f4xx_hal_flash.o
LOAD Drivers/STM32F4xx_HAL_Driver/Src/stm32f4xx_hal_flash_ex.o
LOAD Drivers/STM32F4xx_HAL_Driver/Src/stm32f4xx_hal_flash_ramfunc.o
LOAD Drivers/STM32F4xx_HAL_Driver/Src/stm32f4xx_hal_gpio.o
LOAD Drivers/STM32F4xx_HAL_Driver/Src/stm32f4xx_hal_pwr.o
LOAD Drivers/STM32F4xx_HAL_Driver/Src/stm32f4xx_hal_pwr_ex.o
LOAD Drivers/STM32F4xx_HAL_Driver/Src/stm32f4xx_hal_rcc.o
LOAD Drivers/STM32F4xx_HAL_Driver/Src/stm32f4xx_hal_rcc_ex.o
LOAD Drivers/STM32F4xx_HAL_Driver/Src/stm32f4xx_hal_tim.o
LOAD Drivers/STM32F4xx_HAL_Driver/Src/stm32f4xx_hal_tim_ex.o
LOAD Drivers/STM32F4xx_HAL_Driver/Src/stm32f4xx_hal_uart.o
START GROUP
LOAD d:/programs/stm32cubeide_1.3.0/stm32cubeide/plugins/com.st.stm32cube.ide.mcu.externaltools.gnu-tools-for-stm32.7-2018-q2-update.win32_1.0.0.201904181610/tools/bin/../lib/gcc/arm-none-eabi/7.3.1/../../../../arm-none-eabi/lib/thumb/v7e-m/fpv4-sp/hard\libc_nano.a
LOAD d:/programs/stm32cubeide_1.3.0/stm32cubeide/plugins/com.st.stm32cube.ide.mcu.externaltools.gnu-tools-for-stm32.7-2018-q2-update.win32_1.0.0.201904181610/tools/bin/../lib/gcc/arm-none-eabi/7.3.1/../../../../arm-none-eabi/lib/thumb/v7e-m/fpv4-sp/hard\libm.a
END GROUP
START GROUP
LOAD d:/programs/stm32cubeide_1.3.0/stm32cubeide/plugins/com.st.stm32cube.ide.mcu.externaltools.gnu-tools-for-stm32.7-2018-q2-update.win32_1.0.0.201904181610/tools/bin/../lib/gcc/arm-none-eabi/7.3.1/thumb/v7e-m/fpv4-sp/hard\libgcc.a
LOAD d:/programs/stm32cubeide_1.3.0/stm32cubeide/plugins/com.st.stm32cube.ide.mcu.externaltools.gnu-tools-for-stm32.7-2018-q2-update.win32_1.0.0.201904181610/tools/bin/../lib/gcc/arm-none-eabi/7.3.1/../../../../arm-none-eabi/lib/thumb/v7e-m/fpv4-sp/hard\libc_nano.a
END GROUP
START GROUP
LOAD d:/programs/stm32cubeide_1.3.0/stm32cubeide/plugins/com.st.stm32cube.ide.mcu.externaltools.gnu-tools-for-stm32.7-2018-q2-update.win32_1.0.0.201904181610/tools/bin/../lib/gcc/arm-none-eabi/7.3.1/thumb/v7e-m/fpv4-sp/hard\libgcc.a
LOAD d:/programs/stm32cubeide_1.3.0/stm32cubeide/plugins/com.st.stm32cube.ide.mcu.externaltools.gnu-tools-for-stm32.7-2018-q2-update.win32_1.0.0.201904181610/tools/bin/../lib/gcc/arm-none-eabi/7.3.1/../../../../arm-none-eabi/lib/thumb/v7e-m/fpv4-sp/hard\libc_nano.a
LOAD d:/programs/stm32cubeide_1.3.0/stm32cubeide/plugins/com.st.stm32cube.ide.mcu.externaltools.gnu-tools-for-stm32.7-2018-q2-update.win32_1.0.0.201904181610/tools/bin/../lib/gcc/arm-none-eabi/7.3.1/../../../../arm-none-eabi/lib/thumb/v7e-m/fpv4-sp/hard\libnosys.a
END GROUP
START GROUP
LOAD d:/programs/stm32cubeide_1.3.0/stm32cubeide/plugins/com.st.stm32cube.ide.mcu.externaltools.gnu-tools-for-stm32.7-2018-q2-update.win32_1.0.0.201904181610/tools/bin/../lib/gcc/arm-none-eabi/7.3.1/thumb/v7e-m/fpv4-sp/hard\libgcc.a
LOAD d:/programs/stm32cubeide_1.3.0/stm32cubeide/plugins/com.st.stm32cube.ide.mcu.externaltools.gnu-tools-for-stm32.7-2018-q2-update.win32_1.0.0.201904181610/tools/bin/../lib/gcc/arm-none-eabi/7.3.1/../../../../arm-none-eabi/lib/thumb/v7e-m/fpv4-sp/hard\libc_nano.a
LOAD d:/programs/stm32cubeide_1.3.0/stm32cubeide/plugins/com.st.stm32cube.ide.mcu.externaltools.gnu-tools-for-stm32.7-2018-q2-update.win32_1.0.0.201904181610/tools/bin/../lib/gcc/arm-none-eabi/7.3.1/../../../../arm-none-eabi/lib/thumb/v7e-m/fpv4-sp/hard\libnosys.a
END GROUP
LOAD d:/programs/stm32cubeide_1.3.0/stm32cubeide/plugins/com.st.stm32cube.ide.mcu.externaltools.gnu-tools-for-stm32.7-2018-q2-update.win32_1.0.0.201904181610/tools/bin/../lib/gcc/arm-none-eabi/7.3.1/thumb/v7e-m/fpv4-sp/hard/crtend.o
LOAD d:/programs/stm32cubeide_1.3.0/stm32cubeide/plugins/com.st.stm32cube.ide.mcu.externaltools.gnu-tools-for-stm32.7-2018-q2-update.win32_1.0.0.201904181610/tools/bin/../lib/gcc/arm-none-eabi/7.3.1/thumb/v7e-m/fpv4-sp/hard/crtn.o
                0x0000000020020000                _estack = (ORIGIN (RAM) + LENGTH (RAM))
                0x0000000000000200                _Min_Heap_Size = 0x200
                0x0000000000000400                _Min_Stack_Size = 0x400

.isr_vector     0x0000000008000000      0x198
                0x0000000008000000                . = ALIGN (0x4)
 *(.isr_vector)
 .isr_vector    0x0000000008000000      0x198 Core/Startup/startup_stm32f411retx.o
                0x0000000008000000                g_pfnVectors
                0x0000000008000198                . = ALIGN (0x4)

.text           0x00000000080001a0     0x7060
                0x00000000080001a0                . = ALIGN (0x4)
 *(.text)
 .text          0x00000000080001a0       0x40 d:/programs/stm32cubeide_1.3.0/stm32cubeide/plugins/com.st.stm32cube.ide.mcu.externaltools.gnu-tools-for-stm32.7-2018-q2-update.win32_1.0.0.201904181610/tools/bin/../lib/gcc/arm-none-eabi/7.3.1/thumb/v7e-m/fpv4-sp/hard/crtbegin.o
 .text          0x00000000080001e0       0x14 d:/programs/stm32cubeide_1.3.0/stm32cubeide/plugins/com.st.stm32cube.ide.mcu.externaltools.gnu-tools-for-stm32.7-2018-q2-update.win32_1.0.0.201904181610/tools/bin/../lib/gcc/arm-none-eabi/7.3.1/../../../../arm-none-eabi/lib/thumb/v7e-m/fpv4-sp/hard\libc_nano.a(lib_a-strcmp.o)
                0x00000000080001e0                strcmp
 .text          0x00000000080001f4       0x10 d:/programs/stm32cubeide_1.3.0/stm32cubeide/plugins/com.st.stm32cube.ide.mcu.externaltools.gnu-tools-for-stm32.7-2018-q2-update.win32_1.0.0.201904181610/tools/bin/../lib/gcc/arm-none-eabi/7.3.1/../../../../arm-none-eabi/lib/thumb/v7e-m/fpv4-sp/hard\libc_nano.a(lib_a-strlen.o)
                0x00000000080001f4                strlen
 *fill*         0x0000000008000204        0xc 
 .text          0x0000000008000210       0xa0 d:/programs/stm32cubeide_1.3.0/stm32cubeide/plugins/com.st.stm32cube.ide.mcu.externaltools.gnu-tools-for-stm32.7-2018-q2-update.win32_1.0.0.201904181610/tools/bin/../lib/gcc/arm-none-eabi/7.3.1/../../../../arm-none-eabi/lib/thumb/v7e-m/fpv4-sp/hard\libc_nano.a(lib_a-memchr.o)
                0x0000000008000210                memchr
 .text          0x00000000080002b0      0x378 d:/programs/stm32cubeide_1.3.0/stm32cubeide/plugins/com.st.stm32cube.ide.mcu.externaltools.gnu-tools-for-stm32.7-2018-q2-update.win32_1.0.0.201904181610/tools/bin/../lib/gcc/arm-none-eabi/7.3.1/thumb/v7e-m/fpv4-sp/hard\libgcc.a(_arm_addsubdf3.o)
                0x00000000080002b0                __aeabi_drsub
                0x00000000080002b8                __aeabi_dsub
                0x00000000080002b8                __subdf3
                0x00000000080002bc                __aeabi_dadd
                0x00000000080002bc                __adddf3
                0x0000000008000534                __floatunsidf
                0x0000000008000534                __aeabi_ui2d
                0x0000000008000554                __floatsidf
                0x0000000008000554                __aeabi_i2d
                0x0000000008000578                __aeabi_f2d
                0x0000000008000578                __extendsfdf2
                0x00000000080005bc                __floatundidf
                0x00000000080005bc                __aeabi_ul2d
                0x00000000080005cc                __floatdidf
                0x00000000080005cc                __aeabi_l2d
 .text          0x0000000008000628      0x424 d:/programs/stm32cubeide_1.3.0/stm32cubeide/plugins/com.st.stm32cube.ide.mcu.externaltools.gnu-tools-for-stm32.7-2018-q2-update.win32_1.0.0.201904181610/tools/bin/../lib/gcc/arm-none-eabi/7.3.1/thumb/v7e-m/fpv4-sp/hard\libgcc.a(_arm_muldivdf3.o)
                0x0000000008000628                __aeabi_dmul
                0x0000000008000628                __muldf3
                0x000000000800087c                __divdf3
                0x000000000800087c                __aeabi_ddiv
 .text          0x0000000008000a4c      0x110 d:/programs/stm32cubeide_1.3.0/stm32cubeide/plugins/com.st.stm32cube.ide.mcu.externaltools.gnu-tools-for-stm32.7-2018-q2-update.win32_1.0.0.201904181610/tools/bin/../lib/gcc/arm-none-eabi/7.3.1/thumb/v7e-m/fpv4-sp/hard\libgcc.a(_arm_cmpdf2.o)
                0x0000000008000a4c                __gtdf2
                0x0000000008000a4c                __gedf2
                0x0000000008000a54                __ltdf2
                0x0000000008000a54                __ledf2
                0x0000000008000a5c                __nedf2
                0x0000000008000a5c                __eqdf2
                0x0000000008000a5c                __cmpdf2
                0x0000000008000ad8                __aeabi_cdrcmple
                0x0000000008000ae8                __aeabi_cdcmpeq
                0x0000000008000ae8                __aeabi_cdcmple
                0x0000000008000af8                __aeabi_dcmpeq
                0x0000000008000b0c                __aeabi_dcmplt
                0x0000000008000b20                __aeabi_dcmple
                0x0000000008000b34                __aeabi_dcmpge
                0x0000000008000b48                __aeabi_dcmpgt
 .text          0x0000000008000b5c       0x50 d:/programs/stm32cubeide_1.3.0/stm32cubeide/plugins/com.st.stm32cube.ide.mcu.externaltools.gnu-tools-for-stm32.7-2018-q2-update.win32_1.0.0.201904181610/tools/bin/../lib/gcc/arm-none-eabi/7.3.1/thumb/v7e-m/fpv4-sp/hard\libgcc.a(_arm_fixdfsi.o)
                0x0000000008000b5c                __aeabi_d2iz
                0x0000000008000b5c                __fixdfsi
 .text          0x0000000008000bac       0x30 d:/programs/stm32cubeide_1.3.0/stm32cubeide/plugins/com.st.stm32cube.ide.mcu.externaltools.gnu-tools-for-stm32.7-2018-q2-update.win32_1.0.0.201904181610/tools/bin/../lib/gcc/arm-none-eabi/7.3.1/thumb/v7e-m/fpv4-sp/hard\libgcc.a(_aeabi_uldivmod.o)
                0x0000000008000bac                __aeabi_uldivmod
 .text          0x0000000008000bdc      0x2cc d:/programs/stm32cubeide_1.3.0/stm32cubeide/plugins/com.st.stm32cube.ide.mcu.externaltools.gnu-tools-for-stm32.7-2018-q2-update.win32_1.0.0.201904181610/tools/bin/../lib/gcc/arm-none-eabi/7.3.1/thumb/v7e-m/fpv4-sp/hard\libgcc.a(_udivmoddi4.o)
                0x0000000008000bdc                __udivmoddi4
 .text          0x0000000008000ea8        0x4 d:/programs/stm32cubeide_1.3.0/stm32cubeide/plugins/com.st.stm32cube.ide.mcu.externaltools.gnu-tools-for-stm32.7-2018-q2-update.win32_1.0.0.201904181610/tools/bin/../lib/gcc/arm-none-eabi/7.3.1/thumb/v7e-m/fpv4-sp/hard\libgcc.a(_dvmd_tls.o)
                0x0000000008000ea8                __aeabi_idiv0
                0x0000000008000ea8                __aeabi_ldiv0
 *(.text*)
 .text.sendAiwaRCT501
                0x0000000008000eac       0xc4 Core/Src/IR_Ext_Aiwa.o
                0x0000000008000eac                sendAiwaRCT501
 .text.decodeAiwaRCT501
                0x0000000008000f70      0x13c Core/Src/IR_Ext_Aiwa.o
                0x0000000008000f70                decodeAiwaRCT501
 .text.sendDenon
                0x00000000080010ac       0x7c Core/Src/IR_Ext_Denon.o
                0x00000000080010ac                sendDenon
 .text.decodeDenon
                0x0000000008001128      0x11c Core/Src/IR_Ext_Denon.o
                0x0000000008001128                decodeDenon
 .text.sendJVC  0x0000000008001244       0x86 Core/Src/IR_Ext_JVC.o
                0x0000000008001244                sendJVC
 *fill*         0x00000000080012ca        0x2 
 .text.decodeJVC
                0x00000000080012cc      0x1a8 Core/Src/IR_Ext_JVC.o
                0x00000000080012cc                decodeJVC
 .text.decodeLG
                0x0000000008001474      0x140 Core/Src/IR_Ext_LG.o
                0x0000000008001474                decodeLG
 .text.sendLG   0x00000000080015b4       0x7c Core/Src/IR_Ext_LG.o
                0x00000000080015b4                sendLG
 .text.sendNEC  0x0000000008001630       0x7c Core/Src/IR_Ext_NEC.o
                0x0000000008001630                sendNEC
 .text.decodeNEC
                0x00000000080016ac      0x184 Core/Src/IR_Ext_NEC.o
                0x00000000080016ac                decodeNEC
 .text.sendPanasonic
                0x0000000008001830       0xa6 Core/Src/IR_Ext_Panasonic.o
                0x0000000008001830                sendPanasonic
 .text.decodePanasonic
                0x00000000080018d6      0x14c Core/Src/IR_Ext_Panasonic.o
                0x00000000080018d6                decodePanasonic
 .text.getRClevel
                0x0000000008001a22       0xe0 Core/Src/IR_Ext_RC56.o
                0x0000000008001a22                getRClevel
 .text.sendRC5  0x0000000008001b02       0x7c Core/Src/IR_Ext_RC56.o
                0x0000000008001b02                sendRC5
 *fill*         0x0000000008001b7e        0x2 
 .text.decodeRC5
                0x0000000008001b80      0x10c Core/Src/IR_Ext_RC56.o
                0x0000000008001b80                decodeRC5
 .text.sendRC6  0x0000000008001c8c       0xa0 Core/Src/IR_Ext_RC56.o
                0x0000000008001c8c                sendRC6
 .text.decodeRC6
                0x0000000008001d2c      0x17e Core/Src/IR_Ext_RC56.o
                0x0000000008001d2c                decodeRC6
 .text.sendSAMSUNG
                0x0000000008001eaa       0x7c Core/Src/IR_Ext_Samsung.o
                0x0000000008001eaa                sendSAMSUNG
 *fill*         0x0000000008001f26        0x2 
 .text.decodeSAMSUNG
                0x0000000008001f28      0x180 Core/Src/IR_Ext_Samsung.o
                0x0000000008001f28                decodeSAMSUNG
 .text.sendSony
                0x00000000080020a8       0x6e Core/Src/IR_Ext_Sony.o
                0x00000000080020a8                sendSony
 *fill*         0x0000000008002116        0x2 
 .text.decodeSony
                0x0000000008002118      0x144 Core/Src/IR_Ext_Sony.o
                0x0000000008002118                decodeSony
 .text.sendWhynter
                0x000000000800225c       0x8e Core/Src/IR_Ext_Whynter.o
                0x000000000800225c                sendWhynter
 *fill*         0x00000000080022ea        0x2 
 .text.decodeWhynter
                0x00000000080022ec      0x18c Core/Src/IR_Ext_Whynter.o
                0x00000000080022ec                decodeWhynter
 .text.HAL_TIM_PeriodElapsedCallback
                0x0000000008002478      0x16c Core/Src/IR_Remote.o
                0x0000000008002478                HAL_TIM_PeriodElapsedCallback
 .text.MATCH    0x00000000080025e4       0xa8 Core/Src/IR_Remote.o
                0x00000000080025e4                MATCH
 .text.MATCH_MARK
                0x000000000800268c       0x1c Core/Src/IR_Remote.o
                0x000000000800268c                MATCH_MARK
 .text.MATCH_SPACE
                0x00000000080026a8       0x1c Core/Src/IR_Remote.o
                0x00000000080026a8                MATCH_SPACE
 .text.my_decode
                0x00000000080026c4      0x10c Core/Src/IR_Remote.o
                0x00000000080026c4                my_decode
 .text.my_enableIRIn
                0x00000000080027d0       0xb0 Core/Src/IR_Remote.o
                0x00000000080027d0                my_enableIRIn
 .text.my_disable
                0x0000000008002880       0x28 Core/Src/IR_Remote.o
                0x0000000008002880                my_disable
 .text.my_resume
                0x00000000080028a8       0x20 Core/Src/IR_Remote.o
                0x00000000080028a8                my_resume
 .text.compare  0x00000000080028c8       0x80 Core/Src/IR_Remote.o
                0x00000000080028c8                compare
 .text.decodeHash
                0x0000000008002948       0xa0 Core/Src/IR_Remote.o
                0x0000000008002948                decodeHash
 .text.DWT_Init
                0x00000000080029e8       0x34 Core/Src/IR_Send.o
                0x00000000080029e8                DWT_Init
 .text.send     0x0000000008002a1c      0x104 Core/Src/IR_Send.o
                0x0000000008002a1c                send
 .text.sendRaw  0x0000000008002b20       0x8e Core/Src/IR_Send.o
                0x0000000008002b20                sendRaw
 *fill*         0x0000000008002bae        0x2 
 .text.mark     0x0000000008002bb0       0x28 Core/Src/IR_Send.o
                0x0000000008002bb0                mark
 .text.space    0x0000000008002bd8       0x28 Core/Src/IR_Send.o
                0x0000000008002bd8                space
 .text.enableIROut
                0x0000000008002c00      0x10c Core/Src/IR_Send.o
                0x0000000008002c00                enableIROut
 .text.custom_delay_usec
                0x0000000008002d0c       0x40 Core/Src/IR_Send.o
                0x0000000008002d0c                custom_delay_usec
 .text.main     0x0000000008002d4c      0x264 Core/Src/main.o
                0x0000000008002d4c                main
 .text.SystemClock_Config
                0x0000000008002fb0       0xd0 Core/Src/main.o
                0x0000000008002fb0                SystemClock_Config
 .text.MX_TIM4_Init
                0x0000000008003080       0xec Core/Src/main.o
 .text.MX_USART1_UART_Init
                0x000000000800316c       0x64 Core/Src/main.o
 .text.MX_USART2_UART_Init
                0x00000000080031d0       0x54 Core/Src/main.o
 .text.MX_GPIO_Init
                0x0000000008003224       0xfc Core/Src/main.o
 .text.reset    0x0000000008003320       0x60 Core/Src/main.o
                0x0000000008003320                reset
 .text.HAL_UART_RxCpltCallback
                0x0000000008003380      0x1ac Core/Src/main.o
                0x0000000008003380                HAL_UART_RxCpltCallback
 .text.Error_Handler
                0x000000000800352c        0xe Core/Src/main.o
                0x000000000800352c                Error_Handler
 *fill*         0x000000000800353a        0x2 
 .text.HAL_MspInit
                0x000000000800353c       0x50 Core/Src/stm32f4xx_hal_msp.o
                0x000000000800353c                HAL_MspInit
 .text.HAL_TIM_Base_MspInit
                0x000000000800358c       0x50 Core/Src/stm32f4xx_hal_msp.o
                0x000000000800358c                HAL_TIM_Base_MspInit
 .text.HAL_TIM_MspPostInit
                0x00000000080035dc       0x74 Core/Src/stm32f4xx_hal_msp.o
                0x00000000080035dc                HAL_TIM_MspPostInit
 .text.HAL_TIM_Base_MspDeInit
                0x0000000008003650       0x34 Core/Src/stm32f4xx_hal_msp.o
                0x0000000008003650                HAL_TIM_Base_MspDeInit
 .text.HAL_UART_MspInit
                0x0000000008003684      0x108 Core/Src/stm32f4xx_hal_msp.o
                0x0000000008003684                HAL_UART_MspInit
 .text.NMI_Handler
                0x000000000800378c        0xe Core/Src/stm32f4xx_it.o
                0x000000000800378c                NMI_Handler
 .text.HardFault_Handler
                0x000000000800379a        0x6 Core/Src/stm32f4xx_it.o
                0x000000000800379a                HardFault_Handler
 .text.MemManage_Handler
                0x00000000080037a0        0x6 Core/Src/stm32f4xx_it.o
                0x00000000080037a0                MemManage_Handler
 .text.BusFault_Handler
                0x00000000080037a6        0x6 Core/Src/stm32f4xx_it.o
                0x00000000080037a6                BusFault_Handler
 .text.UsageFault_Handler
                0x00000000080037ac        0x6 Core/Src/stm32f4xx_it.o
                0x00000000080037ac                UsageFault_Handler
 .text.SVC_Handler
                0x00000000080037b2        0xe Core/Src/stm32f4xx_it.o
                0x00000000080037b2                SVC_Handler
 .text.DebugMon_Handler
                0x00000000080037c0        0xe Core/Src/stm32f4xx_it.o
                0x00000000080037c0                DebugMon_Handler
 .text.PendSV_Handler
                0x00000000080037ce        0xe Core/Src/stm32f4xx_it.o
                0x00000000080037ce                PendSV_Handler
 .text.SysTick_Handler
                0x00000000080037dc        0xc Core/Src/stm32f4xx_it.o
                0x00000000080037dc                SysTick_Handler
 .text.TIM4_IRQHandler
                0x00000000080037e8       0x14 Core/Src/stm32f4xx_it.o
                0x00000000080037e8                TIM4_IRQHandler
 .text.USART1_IRQHandler
                0x00000000080037fc       0x14 Core/Src/stm32f4xx_it.o
                0x00000000080037fc                USART1_IRQHandler
 .text._sbrk    0x0000000008003810       0x58 Core/Src/sysmem.o
                0x0000000008003810                _sbrk
 .text.SystemInit
                0x0000000008003868       0x2c Core/Src/system_stm32f4xx.o
                0x0000000008003868                SystemInit
 .text.Reset_Handler
                0x0000000008003894       0x50 Core/Startup/startup_stm32f411retx.o
                0x0000000008003894                Reset_Handler
 .text.Default_Handler
                0x00000000080038e4        0x2 Core/Startup/startup_stm32f411retx.o
                0x00000000080038e4                RTC_Alarm_IRQHandler
                0x00000000080038e4                EXTI2_IRQHandler
                0x00000000080038e4                SPI4_IRQHandler
                0x00000000080038e4                TIM1_CC_IRQHandler
                0x00000000080038e4                DMA2_Stream5_IRQHandler
                0x00000000080038e4                DMA1_Stream5_IRQHandler
                0x00000000080038e4                PVD_IRQHandler
                0x00000000080038e4                SDIO_IRQHandler
                0x00000000080038e4                TAMP_STAMP_IRQHandler
                0x00000000080038e4                EXTI3_IRQHandler
                0x00000000080038e4                TIM1_UP_TIM10_IRQHandler
                0x00000000080038e4                I2C3_ER_IRQHandler
                0x00000000080038e4                EXTI0_IRQHandler
                0x00000000080038e4                I2C2_EV_IRQHandler
                0x00000000080038e4                DMA1_Stream2_IRQHandler
                0x00000000080038e4                FPU_IRQHandler
                0x00000000080038e4                DMA2_Stream2_IRQHandler
                0x00000000080038e4                SPI1_IRQHandler
                0x00000000080038e4                TIM1_BRK_TIM9_IRQHandler
                0x00000000080038e4                DMA2_Stream3_IRQHandler
                0x00000000080038e4                USART6_IRQHandler
                0x00000000080038e4                DMA2_Stream0_IRQHandler
                0x00000000080038e4                I2C1_EV_IRQHandler
                0x00000000080038e4                DMA1_Stream6_IRQHandler
                0x00000000080038e4                DMA1_Stream1_IRQHandler
                0x00000000080038e4                TIM3_IRQHandler
                0x00000000080038e4                RCC_IRQHandler
                0x00000000080038e4                Default_Handler
                0x00000000080038e4                EXTI15_10_IRQHandler
                0x00000000080038e4                ADC_IRQHandler
                0x00000000080038e4                DMA1_Stream7_IRQHandler
                0x00000000080038e4                SPI5_IRQHandler
                0x00000000080038e4                TIM5_IRQHandler
                0x00000000080038e4                DMA2_Stream7_IRQHandler
                0x00000000080038e4                I2C3_EV_IRQHandler
                0x00000000080038e4                EXTI9_5_IRQHandler
                0x00000000080038e4                RTC_WKUP_IRQHandler
                0x00000000080038e4                SPI2_IRQHandler
                0x00000000080038e4                DMA1_Stream0_IRQHandler
                0x00000000080038e4                EXTI4_IRQHandler
                0x00000000080038e4                WWDG_IRQHandler
                0x00000000080038e4                TIM2_IRQHandler
                0x00000000080038e4                OTG_FS_WKUP_IRQHandler
                0x00000000080038e4                TIM1_TRG_COM_TIM11_IRQHandler
                0x00000000080038e4                EXTI1_IRQHandler
                0x00000000080038e4                USART2_IRQHandler
                0x00000000080038e4                I2C2_ER_IRQHandler
                0x00000000080038e4                DMA2_Stream1_IRQHandler
                0x00000000080038e4                FLASH_IRQHandler
                0x00000000080038e4                DMA2_Stream4_IRQHandler
                0x00000000080038e4                OTG_FS_IRQHandler
                0x00000000080038e4                SPI3_IRQHandler
                0x00000000080038e4                DMA1_Stream4_IRQHandler
                0x00000000080038e4                I2C1_ER_IRQHandler
                0x00000000080038e4                DMA2_Stream6_IRQHandler
                0x00000000080038e4                DMA1_Stream3_IRQHandler
 *fill*         0x00000000080038e6        0x2 
 .text.HAL_Init
                0x00000000080038e8       0x44 Drivers/STM32F4xx_HAL_Driver/Src/stm32f4xx_hal.o
                0x00000000080038e8                HAL_Init
 .text.HAL_InitTick
                0x000000000800392c       0x60 Drivers/STM32F4xx_HAL_Driver/Src/stm32f4xx_hal.o
                0x000000000800392c                HAL_InitTick
 .text.HAL_IncTick
                0x000000000800398c       0x28 Drivers/STM32F4xx_HAL_Driver/Src/stm32f4xx_hal.o
                0x000000000800398c                HAL_IncTick
 .text.HAL_GetTick
                0x00000000080039b4       0x18 Drivers/STM32F4xx_HAL_Driver/Src/stm32f4xx_hal.o
                0x00000000080039b4                HAL_GetTick
 .text.__NVIC_SetPriorityGrouping
                0x00000000080039cc       0x48 Drivers/STM32F4xx_HAL_Driver/Src/stm32f4xx_hal_cortex.o
 .text.__NVIC_GetPriorityGrouping
                0x0000000008003a14       0x1c Drivers/STM32F4xx_HAL_Driver/Src/stm32f4xx_hal_cortex.o
 .text.__NVIC_EnableIRQ
                0x0000000008003a30       0x3c Drivers/STM32F4xx_HAL_Driver/Src/stm32f4xx_hal_cortex.o
 .text.__NVIC_DisableIRQ
                0x0000000008003a6c       0x44 Drivers/STM32F4xx_HAL_Driver/Src/stm32f4xx_hal_cortex.o
 .text.__NVIC_SetPriority
                0x0000000008003ab0       0x54 Drivers/STM32F4xx_HAL_Driver/Src/stm32f4xx_hal_cortex.o
 .text.NVIC_EncodePriority
                0x0000000008003b04       0x66 Drivers/STM32F4xx_HAL_Driver/Src/stm32f4xx_hal_cortex.o
 *fill*         0x0000000008003b6a        0x2 
 .text.__NVIC_SystemReset
                0x0000000008003b6c       0x28 Drivers/STM32F4xx_HAL_Driver/Src/stm32f4xx_hal_cortex.o
 .text.SysTick_Config
                0x0000000008003b94       0x44 Drivers/STM32F4xx_HAL_Driver/Src/stm32f4xx_hal_cortex.o
 .text.HAL_NVIC_SetPriorityGrouping
                0x0000000008003bd8       0x16 Drivers/STM32F4xx_HAL_Driver/Src/stm32f4xx_hal_cortex.o
                0x0000000008003bd8                HAL_NVIC_SetPriorityGrouping
 .text.HAL_NVIC_SetPriority
                0x0000000008003bee       0x38 Drivers/STM32F4xx_HAL_Driver/Src/stm32f4xx_hal_cortex.o
                0x0000000008003bee                HAL_NVIC_SetPriority
 .text.HAL_NVIC_EnableIRQ
                0x0000000008003c26       0x1c Drivers/STM32F4xx_HAL_Driver/Src/stm32f4xx_hal_cortex.o
                0x0000000008003c26                HAL_NVIC_EnableIRQ
 .text.HAL_NVIC_DisableIRQ
                0x0000000008003c42       0x1c Drivers/STM32F4xx_HAL_Driver/Src/stm32f4xx_hal_cortex.o
                0x0000000008003c42                HAL_NVIC_DisableIRQ
 .text.HAL_NVIC_SystemReset
                0x0000000008003c5e        0x8 Drivers/STM32F4xx_HAL_Driver/Src/stm32f4xx_hal_cortex.o
                0x0000000008003c5e                HAL_NVIC_SystemReset
 .text.HAL_SYSTICK_Config
                0x0000000008003c66       0x18 Drivers/STM32F4xx_HAL_Driver/Src/stm32f4xx_hal_cortex.o
                0x0000000008003c66                HAL_SYSTICK_Config
 .text.HAL_DMA_Abort_IT
                0x0000000008003c7e       0x44 Drivers/STM32F4xx_HAL_Driver/Src/stm32f4xx_hal_dma.o
                0x0000000008003c7e                HAL_DMA_Abort_IT
 *fill*         0x0000000008003cc2        0x2 
 .text.HAL_GPIO_Init
                0x0000000008003cc4      0x304 Drivers/STM32F4xx_HAL_Driver/Src/stm32f4xx_hal_gpio.o
                0x0000000008003cc4                HAL_GPIO_Init
 .text.HAL_GPIO_ReadPin
                0x0000000008003fc8       0x30 Drivers/STM32F4xx_HAL_Driver/Src/stm32f4xx_hal_gpio.o
                0x0000000008003fc8                HAL_GPIO_ReadPin
 .text.HAL_GPIO_WritePin
                0x0000000008003ff8       0x32 Drivers/STM32F4xx_HAL_Driver/Src/stm32f4xx_hal_gpio.o
                0x0000000008003ff8                HAL_GPIO_WritePin
 .text.HAL_GPIO_TogglePin
                0x000000000800402a       0x36 Drivers/STM32F4xx_HAL_Driver/Src/stm32f4xx_hal_gpio.o
                0x000000000800402a                HAL_GPIO_TogglePin
 .text.HAL_RCC_OscConfig
                0x0000000008004060      0x4e0 Drivers/STM32F4xx_HAL_Driver/Src/stm32f4xx_hal_rcc.o
                0x0000000008004060                HAL_RCC_OscConfig
 .text.HAL_RCC_ClockConfig
                0x0000000008004540      0x1cc Drivers/STM32F4xx_HAL_Driver/Src/stm32f4xx_hal_rcc.o
                0x0000000008004540                HAL_RCC_ClockConfig
 .text.HAL_RCC_GetSysClockFreq
                0x000000000800470c      0x1b0 Drivers/STM32F4xx_HAL_Driver/Src/stm32f4xx_hal_rcc.o
                0x000000000800470c                HAL_RCC_GetSysClockFreq
 .text.HAL_RCC_GetHCLKFreq
                0x00000000080048bc       0x18 Drivers/STM32F4xx_HAL_Driver/Src/stm32f4xx_hal_rcc.o
                0x00000000080048bc                HAL_RCC_GetHCLKFreq
 .text.HAL_RCC_GetPCLK1Freq
                0x00000000080048d4       0x28 Drivers/STM32F4xx_HAL_Driver/Src/stm32f4xx_hal_rcc.o
                0x00000000080048d4                HAL_RCC_GetPCLK1Freq
 .text.HAL_RCC_GetPCLK2Freq
                0x00000000080048fc       0x28 Drivers/STM32F4xx_HAL_Driver/Src/stm32f4xx_hal_rcc.o
                0x00000000080048fc                HAL_RCC_GetPCLK2Freq
 .text.HAL_TIM_Base_Init
                0x0000000008004924       0x56 Drivers/STM32F4xx_HAL_Driver/Src/stm32f4xx_hal_tim.o
                0x0000000008004924                HAL_TIM_Base_Init
 .text.HAL_TIM_Base_DeInit
                0x000000000800497a       0x60 Drivers/STM32F4xx_HAL_Driver/Src/stm32f4xx_hal_tim.o
                0x000000000800497a                HAL_TIM_Base_DeInit
 .text.HAL_TIM_Base_Start_IT
                0x00000000080049da       0x48 Drivers/STM32F4xx_HAL_Driver/Src/stm32f4xx_hal_tim.o
                0x00000000080049da                HAL_TIM_Base_Start_IT
 .text.HAL_TIM_PWM_Init
                0x0000000008004a22       0x56 Drivers/STM32F4xx_HAL_Driver/Src/stm32f4xx_hal_tim.o
                0x0000000008004a22                HAL_TIM_PWM_Init
 .text.HAL_TIM_PWM_MspInit
                0x0000000008004a78       0x14 Drivers/STM32F4xx_HAL_Driver/Src/stm32f4xx_hal_tim.o
                0x0000000008004a78                HAL_TIM_PWM_MspInit
 .text.HAL_TIM_PWM_Start
                0x0000000008004a8c       0x64 Drivers/STM32F4xx_HAL_Driver/Src/stm32f4xx_hal_tim.o
                0x0000000008004a8c                HAL_TIM_PWM_Start
 .text.HAL_TIM_PWM_Stop
                0x0000000008004af0       0x98 Drivers/STM32F4xx_HAL_Driver/Src/stm32f4xx_hal_tim.o
                0x0000000008004af0                HAL_TIM_PWM_Stop
 .text.HAL_TIM_IRQHandler
                0x0000000008004b88      0x210 Drivers/STM32F4xx_HAL_Driver/Src/stm32f4xx_hal_tim.o
                0x0000000008004b88                HAL_TIM_IRQHandler
 .text.HAL_TIM_PWM_ConfigChannel
                0x0000000008004d98      0x18c Drivers/STM32F4xx_HAL_Driver/Src/stm32f4xx_hal_tim.o
                0x0000000008004d98                HAL_TIM_PWM_ConfigChannel
 .text.HAL_TIM_ConfigClockSource
                0x0000000008004f24      0x16e Drivers/STM32F4xx_HAL_Driver/Src/stm32f4xx_hal_tim.o
                0x0000000008004f24                HAL_TIM_ConfigClockSource
 .text.HAL_TIM_OC_DelayElapsedCallback
                0x0000000008005092       0x14 Drivers/STM32F4xx_HAL_Driver/Src/stm32f4xx_hal_tim.o
                0x0000000008005092                HAL_TIM_OC_DelayElapsedCallback
 .text.HAL_TIM_IC_CaptureCallback
                0x00000000080050a6       0x14 Drivers/STM32F4xx_HAL_Driver/Src/stm32f4xx_hal_tim.o
                0x00000000080050a6                HAL_TIM_IC_CaptureCallback
 .text.HAL_TIM_PWM_PulseFinishedCallback
                0x00000000080050ba       0x14 Drivers/STM32F4xx_HAL_Driver/Src/stm32f4xx_hal_tim.o
                0x00000000080050ba                HAL_TIM_PWM_PulseFinishedCallback
 .text.HAL_TIM_TriggerCallback
                0x00000000080050ce       0x14 Drivers/STM32F4xx_HAL_Driver/Src/stm32f4xx_hal_tim.o
                0x00000000080050ce                HAL_TIM_TriggerCallback
 *fill*         0x00000000080050e2        0x2 
 .text.TIM_Base_SetConfig
                0x00000000080050e4      0x100 Drivers/STM32F4xx_HAL_Driver/Src/stm32f4xx_hal_tim.o
                0x00000000080050e4                TIM_Base_SetConfig
 .text.TIM_OC1_SetConfig
                0x00000000080051e4       0xcc Drivers/STM32F4xx_HAL_Driver/Src/stm32f4xx_hal_tim.o
 .text.TIM_OC2_SetConfig
                0x00000000080052b0       0xd8 Drivers/STM32F4xx_HAL_Driver/Src/stm32f4xx_hal_tim.o
                0x00000000080052b0                TIM_OC2_SetConfig
 .text.TIM_OC3_SetConfig
                0x0000000008005388       0xd4 Drivers/STM32F4xx_HAL_Driver/Src/stm32f4xx_hal_tim.o
 .text.TIM_OC4_SetConfig
                0x000000000800545c       0xa0 Drivers/STM32F4xx_HAL_Driver/Src/stm32f4xx_hal_tim.o
 .text.TIM_TI1_ConfigInputStage
                0x00000000080054fc       0x5e Drivers/STM32F4xx_HAL_Driver/Src/stm32f4xx_hal_tim.o
 .text.TIM_TI2_ConfigInputStage
                0x000000000800555a       0x60 Drivers/STM32F4xx_HAL_Driver/Src/stm32f4xx_hal_tim.o
 .text.TIM_ITRx_SetConfig
                0x00000000080055ba       0x36 Drivers/STM32F4xx_HAL_Driver/Src/stm32f4xx_hal_tim.o
 .text.TIM_ETR_SetConfig
                0x00000000080055f0       0x40 Drivers/STM32F4xx_HAL_Driver/Src/stm32f4xx_hal_tim.o
                0x00000000080055f0                TIM_ETR_SetConfig
 .text.TIM_CCxChannelCmd
                0x0000000008005630       0x4a Drivers/STM32F4xx_HAL_Driver/Src/stm32f4xx_hal_tim.o
                0x0000000008005630                TIM_CCxChannelCmd
 *fill*         0x000000000800567a        0x2 
 .text.HAL_TIMEx_MasterConfigSynchronization
                0x000000000800567c       0xdc Drivers/STM32F4xx_HAL_Driver/Src/stm32f4xx_hal_tim_ex.o
                0x000000000800567c                HAL_TIMEx_MasterConfigSynchronization
 .text.HAL_TIMEx_CommutCallback
                0x0000000008005758       0x14 Drivers/STM32F4xx_HAL_Driver/Src/stm32f4xx_hal_tim_ex.o
                0x0000000008005758                HAL_TIMEx_CommutCallback
 .text.HAL_TIMEx_BreakCallback
                0x000000000800576c       0x14 Drivers/STM32F4xx_HAL_Driver/Src/stm32f4xx_hal_tim_ex.o
                0x000000000800576c                HAL_TIMEx_BreakCallback
 .text.HAL_UART_Init
                0x0000000008005780       0x9a Drivers/STM32F4xx_HAL_Driver/Src/stm32f4xx_hal_uart.o
                0x0000000008005780                HAL_UART_Init
 .text.HAL_UART_Transmit
                0x000000000800581a      0x132 Drivers/STM32F4xx_HAL_Driver/Src/stm32f4xx_hal_uart.o
                0x000000000800581a                HAL_UART_Transmit
 .text.HAL_UART_Receive_IT
                0x000000000800594c       0xaa Drivers/STM32F4xx_HAL_Driver/Src/stm32f4xx_hal_uart.o
                0x000000000800594c                HAL_UART_Receive_IT
 *fill*         0x00000000080059f6        0x2 
 .text.HAL_UART_IRQHandler
                0x00000000080059f8      0x200 Drivers/STM32F4xx_HAL_Driver/Src/stm32f4xx_hal_uart.o
                0x00000000080059f8                HAL_UART_IRQHandler
 .text.HAL_UART_TxCpltCallback
                0x0000000008005bf8       0x14 Drivers/STM32F4xx_HAL_Driver/Src/stm32f4xx_hal_uart.o
                0x0000000008005bf8                HAL_UART_TxCpltCallback
 .text.HAL_UART_ErrorCallback
                0x0000000008005c0c       0x14 Drivers/STM32F4xx_HAL_Driver/Src/stm32f4xx_hal_uart.o
                0x0000000008005c0c                HAL_UART_ErrorCallback
 .text.UART_WaitOnFlagUntilTimeout
                0x0000000008005c20       0x94 Drivers/STM32F4xx_HAL_Driver/Src/stm32f4xx_hal_uart.o
 .text.UART_EndRxTransfer
                0x0000000008005cb4       0x3c Drivers/STM32F4xx_HAL_Driver/Src/stm32f4xx_hal_uart.o
 .text.UART_DMAAbortOnError
                0x0000000008005cf0       0x28 Drivers/STM32F4xx_HAL_Driver/Src/stm32f4xx_hal_uart.o
 .text.UART_Transmit_IT
                0x0000000008005d18       0xac Drivers/STM32F4xx_HAL_Driver/Src/stm32f4xx_hal_uart.o
 .text.UART_EndTransmit_IT
                0x0000000008005dc4       0x30 Drivers/STM32F4xx_HAL_Driver/Src/stm32f4xx_hal_uart.o
 .text.UART_Receive_IT
                0x0000000008005df4      0x102 Drivers/STM32F4xx_HAL_Driver/Src/stm32f4xx_hal_uart.o
 *fill*         0x0000000008005ef6        0x2 
 .text.UART_SetConfig
                0x0000000008005ef8      0x6f8 Drivers/STM32F4xx_HAL_Driver/Src/stm32f4xx_hal_uart.o
 .text.atoi     0x00000000080065f0        0x8 d:/programs/stm32cubeide_1.3.0/stm32cubeide/plugins/com.st.stm32cube.ide.mcu.externaltools.gnu-tools-for-stm32.7-2018-q2-update.win32_1.0.0.201904181610/tools/bin/../lib/gcc/arm-none-eabi/7.3.1/../../../../arm-none-eabi/lib/thumb/v7e-m/fpv4-sp/hard\libc_nano.a(lib_a-atoi.o)
                0x00000000080065f0                atoi
 .text.calloc   0x00000000080065f8       0x10 d:/programs/stm32cubeide_1.3.0/stm32cubeide/plugins/com.st.stm32cube.ide.mcu.externaltools.gnu-tools-for-stm32.7-2018-q2-update.win32_1.0.0.201904181610/tools/bin/../lib/gcc/arm-none-eabi/7.3.1/../../../../arm-none-eabi/lib/thumb/v7e-m/fpv4-sp/hard\libc_nano.a(lib_a-calloc.o)
                0x00000000080065f8                calloc
 .text.__errno  0x0000000008006608        0xc d:/programs/stm32cubeide_1.3.0/stm32cubeide/plugins/com.st.stm32cube.ide.mcu.externaltools.gnu-tools-for-stm32.7-2018-q2-update.win32_1.0.0.201904181610/tools/bin/../lib/gcc/arm-none-eabi/7.3.1/../../../../arm-none-eabi/lib/thumb/v7e-m/fpv4-sp/hard\libc_nano.a(lib_a-errno.o)
                0x0000000008006608                __errno
 .text.__libc_init_array
                0x0000000008006614       0x48 d:/programs/stm32cubeide_1.3.0/stm32cubeide/plugins/com.st.stm32cube.ide.mcu.externaltools.gnu-tools-for-stm32.7-2018-q2-update.win32_1.0.0.201904181610/tools/bin/../lib/gcc/arm-none-eabi/7.3.1/../../../../arm-none-eabi/lib/thumb/v7e-m/fpv4-sp/hard\libc_nano.a(lib_a-init.o)
                0x0000000008006614                __libc_init_array
 .text.malloc   0x000000000800665c       0x10 d:/programs/stm32cubeide_1.3.0/stm32cubeide/plugins/com.st.stm32cube.ide.mcu.externaltools.gnu-tools-for-stm32.7-2018-q2-update.win32_1.0.0.201904181610/tools/bin/../lib/gcc/arm-none-eabi/7.3.1/../../../../arm-none-eabi/lib/thumb/v7e-m/fpv4-sp/hard\libc_nano.a(lib_a-malloc.o)
                0x000000000800665c                malloc
 .text.free     0x000000000800666c       0x10 d:/programs/stm32cubeide_1.3.0/stm32cubeide/plugins/com.st.stm32cube.ide.mcu.externaltools.gnu-tools-for-stm32.7-2018-q2-update.win32_1.0.0.201904181610/tools/bin/../lib/gcc/arm-none-eabi/7.3.1/../../../../arm-none-eabi/lib/thumb/v7e-m/fpv4-sp/hard\libc_nano.a(lib_a-malloc.o)
                0x000000000800666c                free
 .text.memcpy   0x000000000800667c       0x16 d:/programs/stm32cubeide_1.3.0/stm32cubeide/plugins/com.st.stm32cube.ide.mcu.externaltools.gnu-tools-for-stm32.7-2018-q2-update.win32_1.0.0.201904181610/tools/bin/../lib/gcc/arm-none-eabi/7.3.1/../../../../arm-none-eabi/lib/thumb/v7e-m/fpv4-sp/hard\libc_nano.a(lib_a-memcpy-stub.o)
                0x000000000800667c                memcpy
 .text.memset   0x0000000008006692       0x10 d:/programs/stm32cubeide_1.3.0/stm32cubeide/plugins/com.st.stm32cube.ide.mcu.externaltools.gnu-tools-for-stm32.7-2018-q2-update.win32_1.0.0.201904181610/tools/bin/../lib/gcc/arm-none-eabi/7.3.1/../../../../arm-none-eabi/lib/thumb/v7e-m/fpv4-sp/hard\libc_nano.a(lib_a-memset.o)
                0x0000000008006692                memset
 .text._calloc_r
                0x00000000080066a2       0x1c d:/programs/stm32cubeide_1.3.0/stm32cubeide/plugins/com.st.stm32cube.ide.mcu.externaltools.gnu-tools-for-stm32.7-2018-q2-update.win32_1.0.0.201904181610/tools/bin/../lib/gcc/arm-none-eabi/7.3.1/../../../../arm-none-eabi/lib/thumb/v7e-m/fpv4-sp/hard\libc_nano.a(lib_a-nano-callocr.o)
                0x00000000080066a2                _calloc_r
 *fill*         0x00000000080066be        0x2 
 .text._free_r  0x00000000080066c0       0x9c d:/programs/stm32cubeide_1.3.0/stm32cubeide/plugins/com.st.stm32cube.ide.mcu.externaltools.gnu-tools-for-stm32.7-2018-q2-update.win32_1.0.0.201904181610/tools/bin/../lib/gcc/arm-none-eabi/7.3.1/../../../../arm-none-eabi/lib/thumb/v7e-m/fpv4-sp/hard\libc_nano.a(lib_a-nano-freer.o)
                0x00000000080066c0                _free_r
 .text._malloc_r
                0x000000000800675c       0xb4 d:/programs/stm32cubeide_1.3.0/stm32cubeide/plugins/com.st.stm32cube.ide.mcu.externaltools.gnu-tools-for-stm32.7-2018-q2-update.win32_1.0.0.201904181610/tools/bin/../lib/gcc/arm-none-eabi/7.3.1/../../../../arm-none-eabi/lib/thumb/v7e-m/fpv4-sp/hard\libc_nano.a(lib_a-nano-mallocr.o)
                0x000000000800675c                _malloc_r
 .text._sbrk_r  0x0000000008006810       0x20 d:/programs/stm32cubeide_1.3.0/stm32cubeide/plugins/com.st.stm32cube.ide.mcu.externaltools.gnu-tools-for-stm32.7-2018-q2-update.win32_1.0.0.201904181610/tools/bin/../lib/gcc/arm-none-eabi/7.3.1/../../../../arm-none-eabi/lib/thumb/v7e-m/fpv4-sp/hard\libc_nano.a(lib_a-sbrkr.o)
                0x0000000008006810                _sbrk_r
 .text.sprintf  0x0000000008006830       0x40 d:/programs/stm32cubeide_1.3.0/stm32cubeide/plugins/com.st.stm32cube.ide.mcu.externaltools.gnu-tools-for-stm32.7-2018-q2-update.win32_1.0.0.201904181610/tools/bin/../lib/gcc/arm-none-eabi/7.3.1/../../../../arm-none-eabi/lib/thumb/v7e-m/fpv4-sp/hard\libc_nano.a(lib_a-sprintf.o)
                0x0000000008006830                siprintf
                0x0000000008006830                sprintf
 .text.strtok   0x0000000008006870       0x54 d:/programs/stm32cubeide_1.3.0/stm32cubeide/plugins/com.st.stm32cube.ide.mcu.externaltools.gnu-tools-for-stm32.7-2018-q2-update.win32_1.0.0.201904181610/tools/bin/../lib/gcc/arm-none-eabi/7.3.1/../../../../arm-none-eabi/lib/thumb/v7e-m/fpv4-sp/hard\libc_nano.a(lib_a-strtok.o)
                0x0000000008006870                strtok
 .text.__strtok_r
                0x00000000080068c4       0x54 d:/programs/stm32cubeide_1.3.0/stm32cubeide/plugins/com.st.stm32cube.ide.mcu.externaltools.gnu-tools-for-stm32.7-2018-q2-update.win32_1.0.0.201904181610/tools/bin/../lib/gcc/arm-none-eabi/7.3.1/../../../../arm-none-eabi/lib/thumb/v7e-m/fpv4-sp/hard\libc_nano.a(lib_a-strtok_r.o)
                0x00000000080068c4                __strtok_r
 .text._strtol_l.isra.0
                0x0000000008006918       0xf6 d:/programs/stm32cubeide_1.3.0/stm32cubeide/plugins/com.st.stm32cube.ide.mcu.externaltools.gnu-tools-for-stm32.7-2018-q2-update.win32_1.0.0.201904181610/tools/bin/../lib/gcc/arm-none-eabi/7.3.1/../../../../arm-none-eabi/lib/thumb/v7e-m/fpv4-sp/hard\libc_nano.a(lib_a-strtol.o)
 *fill*         0x0000000008006a0e        0x2 
 .text.strtol   0x0000000008006a10       0x2c d:/programs/stm32cubeide_1.3.0/stm32cubeide/plugins/com.st.stm32cube.ide.mcu.externaltools.gnu-tools-for-stm32.7-2018-q2-update.win32_1.0.0.201904181610/tools/bin/../lib/gcc/arm-none-eabi/7.3.1/../../../../arm-none-eabi/lib/thumb/v7e-m/fpv4-sp/hard\libc_nano.a(lib_a-strtol.o)
                0x0000000008006a10                strtol
 .text._strtoul_l.isra.0
                0x0000000008006a3c       0xf4 d:/programs/stm32cubeide_1.3.0/stm32cubeide/plugins/com.st.stm32cube.ide.mcu.externaltools.gnu-tools-for-stm32.7-2018-q2-update.win32_1.0.0.201904181610/tools/bin/../lib/gcc/arm-none-eabi/7.3.1/../../../../arm-none-eabi/lib/thumb/v7e-m/fpv4-sp/hard\libc_nano.a(lib_a-strtoul.o)
 .text.strtoul  0x0000000008006b30       0x2c d:/programs/stm32cubeide_1.3.0/stm32cubeide/plugins/com.st.stm32cube.ide.mcu.externaltools.gnu-tools-for-stm32.7-2018-q2-update.win32_1.0.0.201904181610/tools/bin/../lib/gcc/arm-none-eabi/7.3.1/../../../../arm-none-eabi/lib/thumb/v7e-m/fpv4-sp/hard\libc_nano.a(lib_a-strtoul.o)
                0x0000000008006b30                strtoul
 .text.__locale_ctype_ptr_l
                0x0000000008006b5c        0x6 d:/programs/stm32cubeide_1.3.0/stm32cubeide/plugins/com.st.stm32cube.ide.mcu.externaltools.gnu-tools-for-stm32.7-2018-q2-update.win32_1.0.0.201904181610/tools/bin/../lib/gcc/arm-none-eabi/7.3.1/../../../../arm-none-eabi/lib/thumb/v7e-m/fpv4-sp/hard\libc_nano.a(lib_a-locale.o)
                0x0000000008006b5c                __locale_ctype_ptr_l
 .text.__ascii_mbtowc
                0x0000000008006b62       0x24 d:/programs/stm32cubeide_1.3.0/stm32cubeide/plugins/com.st.stm32cube.ide.mcu.externaltools.gnu-tools-for-stm32.7-2018-q2-update.win32_1.0.0.201904181610/tools/bin/../lib/gcc/arm-none-eabi/7.3.1/../../../../arm-none-eabi/lib/thumb/v7e-m/fpv4-sp/hard\libc_nano.a(lib_a-mbtowc_r.o)
                0x0000000008006b62                __ascii_mbtowc
 .text.__malloc_lock
                0x0000000008006b86        0x2 d:/programs/stm32cubeide_1.3.0/stm32cubeide/plugins/com.st.stm32cube.ide.mcu.externaltools.gnu-tools-for-stm32.7-2018-q2-update.win32_1.0.0.201904181610/tools/bin/../lib/gcc/arm-none-eabi/7.3.1/../../../../arm-none-eabi/lib/thumb/v7e-m/fpv4-sp/hard\libc_nano.a(lib_a-mlock.o)
                0x0000000008006b86                __malloc_lock
 .text.__malloc_unlock
                0x0000000008006b88        0x2 d:/programs/stm32cubeide_1.3.0/stm32cubeide/plugins/com.st.stm32cube.ide.mcu.externaltools.gnu-tools-for-stm32.7-2018-q2-update.win32_1.0.0.201904181610/tools/bin/../lib/gcc/arm-none-eabi/7.3.1/../../../../arm-none-eabi/lib/thumb/v7e-m/fpv4-sp/hard\libc_nano.a(lib_a-mlock.o)
                0x0000000008006b88                __malloc_unlock
 .text.__ssputs_r
                0x0000000008006b8a       0xb4 d:/programs/stm32cubeide_1.3.0/stm32cubeide/plugins/com.st.stm32cube.ide.mcu.externaltools.gnu-tools-for-stm32.7-2018-q2-update.win32_1.0.0.201904181610/tools/bin/../lib/gcc/arm-none-eabi/7.3.1/../../../../arm-none-eabi/lib/thumb/v7e-m/fpv4-sp/hard\libc_nano.a(lib_a-nano-svfprintf.o)
                0x0000000008006b8a                __ssputs_r
 *fill*         0x0000000008006c3e        0x2 
 .text._svfprintf_r
                0x0000000008006c40      0x1f0 d:/programs/stm32cubeide_1.3.0/stm32cubeide/plugins/com.st.stm32cube.ide.mcu.externaltools.gnu-tools-for-stm32.7-2018-q2-update.win32_1.0.0.201904181610/tools/bin/../lib/gcc/arm-none-eabi/7.3.1/../../../../arm-none-eabi/lib/thumb/v7e-m/fpv4-sp/hard\libc_nano.a(lib_a-nano-svfprintf.o)
                0x0000000008006c40                _svfiprintf_r
                0x0000000008006c40                _svfprintf_r
 .text._printf_common
                0x0000000008006e30       0xea d:/programs/stm32cubeide_1.3.0/stm32cubeide/plugins/com.st.stm32cube.ide.mcu.externaltools.gnu-tools-for-stm32.7-2018-q2-update.win32_1.0.0.201904181610/tools/bin/../lib/gcc/arm-none-eabi/7.3.1/../../../../arm-none-eabi/lib/thumb/v7e-m/fpv4-sp/hard\libc_nano.a(lib_a-nano-vfprintf_i.o)
                0x0000000008006e30                _printf_common
 *fill*         0x0000000008006f1a        0x2 
 .text._printf_i
                0x0000000008006f1c      0x224 d:/programs/stm32cubeide_1.3.0/stm32cubeide/plugins/com.st.stm32cube.ide.mcu.externaltools.gnu-tools-for-stm32.7-2018-q2-update.win32_1.0.0.201904181610/tools/bin/../lib/gcc/arm-none-eabi/7.3.1/../../../../arm-none-eabi/lib/thumb/v7e-m/fpv4-sp/hard\libc_nano.a(lib_a-nano-vfprintf_i.o)
                0x0000000008006f1c                _printf_i
 .text.__ascii_wctomb
                0x0000000008007140       0x1a d:/programs/stm32cubeide_1.3.0/stm32cubeide/plugins/com.st.stm32cube.ide.mcu.externaltools.gnu-tools-for-stm32.7-2018-q2-update.win32_1.0.0.201904181610/tools/bin/../lib/gcc/arm-none-eabi/7.3.1/../../../../arm-none-eabi/lib/thumb/v7e-m/fpv4-sp/hard\libc_nano.a(lib_a-wctomb_r.o)
                0x0000000008007140                __ascii_wctomb
 .text.memmove  0x000000000800715a       0x32 d:/programs/stm32cubeide_1.3.0/stm32cubeide/plugins/com.st.stm32cube.ide.mcu.externaltools.gnu-tools-for-stm32.7-2018-q2-update.win32_1.0.0.201904181610/tools/bin/../lib/gcc/arm-none-eabi/7.3.1/../../../../arm-none-eabi/lib/thumb/v7e-m/fpv4-sp/hard\libc_nano.a(lib_a-memmove.o)
                0x000000000800715a                memmove
 .text._realloc_r
                0x000000000800718c       0x4c d:/programs/stm32cubeide_1.3.0/stm32cubeide/plugins/com.st.stm32cube.ide.mcu.externaltools.gnu-tools-for-stm32.7-2018-q2-update.win32_1.0.0.201904181610/tools/bin/../lib/gcc/arm-none-eabi/7.3.1/../../../../arm-none-eabi/lib/thumb/v7e-m/fpv4-sp/hard\libc_nano.a(lib_a-nano-reallocr.o)
                0x000000000800718c                _realloc_r
 .text._malloc_usable_size_r
                0x00000000080071d8       0x10 d:/programs/stm32cubeide_1.3.0/stm32cubeide/plugins/com.st.stm32cube.ide.mcu.externaltools.gnu-tools-for-stm32.7-2018-q2-update.win32_1.0.0.201904181610/tools/bin/../lib/gcc/arm-none-eabi/7.3.1/../../../../arm-none-eabi/lib/thumb/v7e-m/fpv4-sp/hard\libc_nano.a(lib_a-nano-msizer.o)
                0x00000000080071d8                _malloc_usable_size_r
 *(.glue_7)
 .glue_7        0x00000000080071e8        0x0 linker stubs
 *(.glue_7t)
 .glue_7t       0x00000000080071e8        0x0 linker stubs
 *(.eh_frame)
 .eh_frame      0x00000000080071e8        0x0 d:/programs/stm32cubeide_1.3.0/stm32cubeide/plugins/com.st.stm32cube.ide.mcu.externaltools.gnu-tools-for-stm32.7-2018-q2-update.win32_1.0.0.201904181610/tools/bin/../lib/gcc/arm-none-eabi/7.3.1/thumb/v7e-m/fpv4-sp/hard/crtbegin.o
 *(.init)
 .init          0x00000000080071e8        0x4 d:/programs/stm32cubeide_1.3.0/stm32cubeide/plugins/com.st.stm32cube.ide.mcu.externaltools.gnu-tools-for-stm32.7-2018-q2-update.win32_1.0.0.201904181610/tools/bin/../lib/gcc/arm-none-eabi/7.3.1/thumb/v7e-m/fpv4-sp/hard/crti.o
                0x00000000080071e8                _init
 .init          0x00000000080071ec        0x8 d:/programs/stm32cubeide_1.3.0/stm32cubeide/plugins/com.st.stm32cube.ide.mcu.externaltools.gnu-tools-for-stm32.7-2018-q2-update.win32_1.0.0.201904181610/tools/bin/../lib/gcc/arm-none-eabi/7.3.1/thumb/v7e-m/fpv4-sp/hard/crtn.o
 *(.fini)
 .fini          0x00000000080071f4        0x4 d:/programs/stm32cubeide_1.3.0/stm32cubeide/plugins/com.st.stm32cube.ide.mcu.externaltools.gnu-tools-for-stm32.7-2018-q2-update.win32_1.0.0.201904181610/tools/bin/../lib/gcc/arm-none-eabi/7.3.1/thumb/v7e-m/fpv4-sp/hard/crti.o
                0x00000000080071f4                _fini
 .fini          0x00000000080071f8        0x8 d:/programs/stm32cubeide_1.3.0/stm32cubeide/plugins/com.st.stm32cube.ide.mcu.externaltools.gnu-tools-for-stm32.7-2018-q2-update.win32_1.0.0.201904181610/tools/bin/../lib/gcc/arm-none-eabi/7.3.1/thumb/v7e-m/fpv4-sp/hard/crtn.o
                0x0000000008007200                . = ALIGN (0x4)
                0x0000000008007200                _etext = .

.vfp11_veneer   0x0000000008007200        0x0
 .vfp11_veneer  0x0000000008007200        0x0 linker stubs

.v4_bx          0x0000000008007200        0x0
 .v4_bx         0x0000000008007200        0x0 linker stubs

.iplt           0x0000000008007200        0x0
 .iplt          0x0000000008007200        0x0 d:/programs/stm32cubeide_1.3.0/stm32cubeide/plugins/com.st.stm32cube.ide.mcu.externaltools.gnu-tools-for-stm32.7-2018-q2-update.win32_1.0.0.201904181610/tools/bin/../lib/gcc/arm-none-eabi/7.3.1/thumb/v7e-m/fpv4-sp/hard/crtbegin.o

.rodata         0x0000000008007200      0x188
                0x0000000008007200                . = ALIGN (0x4)
 *(.rodata)
 .rodata        0x0000000008007200       0x2d Core/Src/main.o
 *(.rodata*)
 *fill*         0x000000000800722d        0x3 
 .rodata.AHBPrescTable
                0x0000000008007230       0x10 Core/Src/system_stm32f4xx.o
                0x0000000008007230                AHBPrescTable
 .rodata.APBPrescTable
                0x0000000008007240        0x8 Core/Src/system_stm32f4xx.o
                0x0000000008007240                APBPrescTable
 .rodata._setlocale_r.str1.1
                0x0000000008007248        0x8 d:/programs/stm32cubeide_1.3.0/stm32cubeide/plugins/com.st.stm32cube.ide.mcu.externaltools.gnu-tools-for-stm32.7-2018-q2-update.win32_1.0.0.201904181610/tools/bin/../lib/gcc/arm-none-eabi/7.3.1/../../../../arm-none-eabi/lib/thumb/v7e-m/fpv4-sp/hard\libc_nano.a(lib_a-locale.o)
                                          0x9 (size before relaxing)
 .rodata.str1.1
                0x0000000008007250        0x2 d:/programs/stm32cubeide_1.3.0/stm32cubeide/plugins/com.st.stm32cube.ide.mcu.externaltools.gnu-tools-for-stm32.7-2018-q2-update.win32_1.0.0.201904181610/tools/bin/../lib/gcc/arm-none-eabi/7.3.1/../../../../arm-none-eabi/lib/thumb/v7e-m/fpv4-sp/hard\libc_nano.a(lib_a-locale.o)
 .rodata._svfprintf_r.str1.1
                0x0000000008007252       0x11 d:/programs/stm32cubeide_1.3.0/stm32cubeide/plugins/com.st.stm32cube.ide.mcu.externaltools.gnu-tools-for-stm32.7-2018-q2-update.win32_1.0.0.201904181610/tools/bin/../lib/gcc/arm-none-eabi/7.3.1/../../../../arm-none-eabi/lib/thumb/v7e-m/fpv4-sp/hard\libc_nano.a(lib_a-nano-svfprintf.o)
 .rodata._printf_i.str1.1
                0x0000000008007263       0x22 d:/programs/stm32cubeide_1.3.0/stm32cubeide/plugins/com.st.stm32cube.ide.mcu.externaltools.gnu-tools-for-stm32.7-2018-q2-update.win32_1.0.0.201904181610/tools/bin/../lib/gcc/arm-none-eabi/7.3.1/../../../../arm-none-eabi/lib/thumb/v7e-m/fpv4-sp/hard\libc_nano.a(lib_a-nano-vfprintf_i.o)
 .rodata._ctype_
                0x0000000008007285      0x101 d:/programs/stm32cubeide_1.3.0/stm32cubeide/plugins/com.st.stm32cube.ide.mcu.externaltools.gnu-tools-for-stm32.7-2018-q2-update.win32_1.0.0.201904181610/tools/bin/../lib/gcc/arm-none-eabi/7.3.1/../../../../arm-none-eabi/lib/thumb/v7e-m/fpv4-sp/hard\libc_nano.a(lib_a-ctype_.o)
                0x0000000008007285                _ctype_
                0x0000000008007388                . = ALIGN (0x4)
 *fill*         0x0000000008007386        0x2 

.ARM.extab      0x0000000008007388        0x0
                0x0000000008007388                . = ALIGN (0x4)
 *(.ARM.extab* .gnu.linkonce.armextab.*)
                0x0000000008007388                . = ALIGN (0x4)

.ARM            0x0000000008007388        0x8
                0x0000000008007388                . = ALIGN (0x4)
                0x0000000008007388                __exidx_start = .
 *(.ARM.exidx*)
 .ARM.exidx     0x0000000008007388        0x8 d:/programs/stm32cubeide_1.3.0/stm32cubeide/plugins/com.st.stm32cube.ide.mcu.externaltools.gnu-tools-for-stm32.7-2018-q2-update.win32_1.0.0.201904181610/tools/bin/../lib/gcc/arm-none-eabi/7.3.1/thumb/v7e-m/fpv4-sp/hard\libgcc.a(_udivmoddi4.o)
                0x0000000008007390                __exidx_end = .
                0x0000000008007390                . = ALIGN (0x4)

.rel.dyn        0x0000000008007390        0x0
 .rel.iplt      0x0000000008007390        0x0 d:/programs/stm32cubeide_1.3.0/stm32cubeide/plugins/com.st.stm32cube.ide.mcu.externaltools.gnu-tools-for-stm32.7-2018-q2-update.win32_1.0.0.201904181610/tools/bin/../lib/gcc/arm-none-eabi/7.3.1/thumb/v7e-m/fpv4-sp/hard/crtbegin.o

.preinit_array  0x0000000008007390        0x0
                0x0000000008007390                . = ALIGN (0x4)
                0x0000000008007390                PROVIDE (__preinit_array_start = .)
 *(.preinit_array*)
                0x0000000008007390                PROVIDE (__preinit_array_end = .)
                0x0000000008007390                . = ALIGN (0x4)

.init_array     0x0000000008007390        0x4
                0x0000000008007390                . = ALIGN (0x4)
                0x0000000008007390                PROVIDE (__init_array_start = .)
 *(SORT_BY_NAME(.init_array.*))
 *(.init_array*)
 .init_array    0x0000000008007390        0x4 d:/programs/stm32cubeide_1.3.0/stm32cubeide/plugins/com.st.stm32cube.ide.mcu.externaltools.gnu-tools-for-stm32.7-2018-q2-update.win32_1.0.0.201904181610/tools/bin/../lib/gcc/arm-none-eabi/7.3.1/thumb/v7e-m/fpv4-sp/hard/crtbegin.o
                0x0000000008007394                PROVIDE (__init_array_end = .)
                0x0000000008007394                . = ALIGN (0x4)

.fini_array     0x0000000008007394        0x4
                0x0000000008007394                . = ALIGN (0x4)
                [!provide]                        PROVIDE (__fini_array_start = .)
 *(SORT_BY_NAME(.fini_array.*))
 *(.fini_array*)
 .fini_array    0x0000000008007394        0x4 d:/programs/stm32cubeide_1.3.0/stm32cubeide/plugins/com.st.stm32cube.ide.mcu.externaltools.gnu-tools-for-stm32.7-2018-q2-update.win32_1.0.0.201904181610/tools/bin/../lib/gcc/arm-none-eabi/7.3.1/thumb/v7e-m/fpv4-sp/hard/crtbegin.o
                [!provide]                        PROVIDE (__fini_array_end = .)
                0x0000000008007398                . = ALIGN (0x4)
                0x0000000008007398                _sidata = LOADADDR (.data)

.data           0x0000000020000000      0x1ec load address 0x0000000008007398
                0x0000000020000000                . = ALIGN (0x4)
                0x0000000020000000                _sdata = .
 *(.data)
 *(.data*)
 .data.protocol
                0x0000000020000000        0x4 Core/Src/main.o
                0x0000000020000000                protocol
 .data.mode     0x0000000020000004        0x1 Core/Src/main.o
                0x0000000020000004                mode
 *fill*         0x0000000020000005        0x3 
 .data.should_receive
                0x0000000020000008        0x4 Core/Src/main.o
                0x0000000020000008                should_receive
 .data.delim    0x000000002000000c        0x2 Core/Src/main.o
                0x000000002000000c                delim
 *fill*         0x000000002000000e        0x2 
 .data.SystemCoreClock
                0x0000000020000010        0x4 Core/Src/system_stm32f4xx.o
                0x0000000020000010                SystemCoreClock
 .data.uwTickPrio
                0x0000000020000014        0x4 Drivers/STM32F4xx_HAL_Driver/Src/stm32f4xx_hal.o
                0x0000000020000014                uwTickPrio
 .data.uwTickFreq
                0x0000000020000018        0x1 Drivers/STM32F4xx_HAL_Driver/Src/stm32f4xx_hal.o
                0x0000000020000018                uwTickFreq
 *fill*         0x0000000020000019        0x3 
 .data._impure_ptr
                0x000000002000001c        0x4 d:/programs/stm32cubeide_1.3.0/stm32cubeide/plugins/com.st.stm32cube.ide.mcu.externaltools.gnu-tools-for-stm32.7-2018-q2-update.win32_1.0.0.201904181610/tools/bin/../lib/gcc/arm-none-eabi/7.3.1/../../../../arm-none-eabi/lib/thumb/v7e-m/fpv4-sp/hard\libc_nano.a(lib_a-impure.o)
                0x000000002000001c                _impure_ptr
 .data.impure_data
                0x0000000020000020       0x60 d:/programs/stm32cubeide_1.3.0/stm32cubeide/plugins/com.st.stm32cube.ide.mcu.externaltools.gnu-tools-for-stm32.7-2018-q2-update.win32_1.0.0.201904181610/tools/bin/../lib/gcc/arm-none-eabi/7.3.1/../../../../arm-none-eabi/lib/thumb/v7e-m/fpv4-sp/hard\libc_nano.a(lib_a-impure.o)
 .data.__global_locale
                0x0000000020000080      0x16c d:/programs/stm32cubeide_1.3.0/stm32cubeide/plugins/com.st.stm32cube.ide.mcu.externaltools.gnu-tools-for-stm32.7-2018-q2-update.win32_1.0.0.201904181610/tools/bin/../lib/gcc/arm-none-eabi/7.3.1/../../../../arm-none-eabi/lib/thumb/v7e-m/fpv4-sp/hard\libc_nano.a(lib_a-locale.o)
                0x0000000020000080                __global_locale
                0x00000000200001ec                . = ALIGN (0x4)
                0x00000000200001ec                _edata = .

.igot.plt       0x00000000200001ec        0x0 load address 0x0000000008007584
 .igot.plt      0x00000000200001ec        0x0 d:/programs/stm32cubeide_1.3.0/stm32cubeide/plugins/com.st.stm32cube.ide.mcu.externaltools.gnu-tools-for-stm32.7-2018-q2-update.win32_1.0.0.201904181610/tools/bin/../lib/gcc/arm-none-eabi/7.3.1/thumb/v7e-m/fpv4-sp/hard/crtbegin.o
                0x00000000200001ec                . = ALIGN (0x4)

.bss            0x00000000200001ec      0x584 load address 0x0000000008007584
                0x00000000200001ec                _sbss = .
                0x00000000200001ec                __bss_start__ = _sbss
 *(.bss)
 .bss           0x00000000200001ec       0x1c d:/programs/stm32cubeide_1.3.0/stm32cubeide/plugins/com.st.stm32cube.ide.mcu.externaltools.gnu-tools-for-stm32.7-2018-q2-update.win32_1.0.0.201904181610/tools/bin/../lib/gcc/arm-none-eabi/7.3.1/thumb/v7e-m/fpv4-sp/hard/crtbegin.o
 *(.bss*)
 .bss.out_enabled
                0x0000000020000208        0x4 Core/Src/IR_Remote.o
                0x0000000020000208                out_enabled
 .bss.in_enabled
                0x000000002000020c        0x4 Core/Src/IR_Remote.o
                0x000000002000020c                in_enabled
 .bss.rawData   0x0000000020000210        0x4 Core/Src/main.o
                0x0000000020000210                rawData
 .bss.rawLen    0x0000000020000214        0x4 Core/Src/main.o
                0x0000000020000214                rawLen
 .bss.protocolCode
                0x0000000020000218        0x4 Core/Src/main.o
                0x0000000020000218                protocolCode
 .bss.protocolBits
                0x000000002000021c        0x4 Core/Src/main.o
                0x000000002000021c                protocolBits
 .bss.len       0x0000000020000220        0x4 Core/Src/main.o
                0x0000000020000220                len
 .bss.heap_end.6424
                0x0000000020000224        0x4 Core/Src/sysmem.o
 .bss.__malloc_free_list
                0x0000000020000228        0x4 d:/programs/stm32cubeide_1.3.0/stm32cubeide/plugins/com.st.stm32cube.ide.mcu.externaltools.gnu-tools-for-stm32.7-2018-q2-update.win32_1.0.0.201904181610/tools/bin/../lib/gcc/arm-none-eabi/7.3.1/../../../../arm-none-eabi/lib/thumb/v7e-m/fpv4-sp/hard\libc_nano.a(lib_a-nano-mallocr.o)
                0x0000000020000228                __malloc_free_list
 .bss.__malloc_sbrk_start
                0x000000002000022c        0x4 d:/programs/stm32cubeide_1.3.0/stm32cubeide/plugins/com.st.stm32cube.ide.mcu.externaltools.gnu-tools-for-stm32.7-2018-q2-update.win32_1.0.0.201904181610/tools/bin/../lib/gcc/arm-none-eabi/7.3.1/../../../../arm-none-eabi/lib/thumb/v7e-m/fpv4-sp/hard\libc_nano.a(lib_a-nano-mallocr.o)
                0x000000002000022c                __malloc_sbrk_start
 *(COMMON)
 COMMON         0x0000000020000230      0x21c Core/Src/IR_Ext_Aiwa.o
                0x0000000020000230                irparams
                0x0000000020000438                results
 COMMON         0x000000002000044c      0x31c Core/Src/main.o
                0x000000002000044c                htim4
                0x000000002000048c                trans_str
                0x00000000200005b8                recBuffer
                0x00000000200006e4                huart1
                0x0000000020000724                pwm
                0x0000000020000728                huart2
 COMMON         0x0000000020000768        0x4 Drivers/STM32F4xx_HAL_Driver/Src/stm32f4xx_hal.o
                0x0000000020000768                uwTick
 COMMON         0x000000002000076c        0x4 d:/programs/stm32cubeide_1.3.0/stm32cubeide/plugins/com.st.stm32cube.ide.mcu.externaltools.gnu-tools-for-stm32.7-2018-q2-update.win32_1.0.0.201904181610/tools/bin/../lib/gcc/arm-none-eabi/7.3.1/../../../../arm-none-eabi/lib/thumb/v7e-m/fpv4-sp/hard\libc_nano.a(lib_a-reent.o)
                0x000000002000076c                errno
                0x0000000020000770                . = ALIGN (0x4)
                0x0000000020000770                _ebss = .
                0x0000000020000770                __bss_end__ = _ebss

._user_heap_stack
                0x0000000020000770      0x600 load address 0x0000000008007584
                0x0000000020000770                . = ALIGN (0x8)
                0x0000000020000770                PROVIDE (end = .)
                [!provide]                        PROVIDE (_end = .)
                0x0000000020000970                . = (. + _Min_Heap_Size)
 *fill*         0x0000000020000770      0x200 
                0x0000000020000d70                . = (. + _Min_Stack_Size)
 *fill*         0x0000000020000970      0x400 
                0x0000000020000d70                . = ALIGN (0x8)

/DISCARD/
 libc.a(*)
 libm.a(*)
 libgcc.a(*)

.ARM.attributes
                0x0000000000000000       0x30
 *(.ARM.attributes)
 .ARM.attributes
                0x0000000000000000       0x22 d:/programs/stm32cubeide_1.3.0/stm32cubeide/plugins/com.st.stm32cube.ide.mcu.externaltools.gnu-tools-for-stm32.7-2018-q2-update.win32_1.0.0.201904181610/tools/bin/../lib/gcc/arm-none-eabi/7.3.1/thumb/v7e-m/fpv4-sp/hard/crti.o
 .ARM.attributes
                0x0000000000000022       0x34 d:/programs/stm32cubeide_1.3.0/stm32cubeide/plugins/com.st.stm32cube.ide.mcu.externaltools.gnu-tools-for-stm32.7-2018-q2-update.win32_1.0.0.201904181610/tools/bin/../lib/gcc/arm-none-eabi/7.3.1/thumb/v7e-m/fpv4-sp/hard/crtbegin.o
 .ARM.attributes
                0x0000000000000056       0x39 Core/Src/IR_Ext_Aiwa.o
 .ARM.attributes
                0x000000000000008f       0x39 Core/Src/IR_Ext_Denon.o
 .ARM.attributes
                0x00000000000000c8       0x39 Core/Src/IR_Ext_JVC.o
 .ARM.attributes
                0x0000000000000101       0x39 Core/Src/IR_Ext_LG.o
 .ARM.attributes
                0x000000000000013a       0x39 Core/Src/IR_Ext_NEC.o
 .ARM.attributes
                0x0000000000000173       0x39 Core/Src/IR_Ext_Panasonic.o
 .ARM.attributes
                0x00000000000001ac       0x39 Core/Src/IR_Ext_RC56.o
 .ARM.attributes
                0x00000000000001e5       0x39 Core/Src/IR_Ext_Samsung.o
 .ARM.attributes
                0x000000000000021e       0x39 Core/Src/IR_Ext_Sony.o
 .ARM.attributes
                0x0000000000000257       0x39 Core/Src/IR_Ext_Whynter.o
 .ARM.attributes
                0x0000000000000290       0x39 Core/Src/IR_Remote.o
 .ARM.attributes
                0x00000000000002c9       0x39 Core/Src/IR_Send.o
 .ARM.attributes
                0x0000000000000302       0x39 Core/Src/main.o
 .ARM.attributes
                0x000000000000033b       0x39 Core/Src/stm32f4xx_hal_msp.o
 .ARM.attributes
                0x0000000000000374       0x39 Core/Src/stm32f4xx_it.o
 .ARM.attributes
                0x00000000000003ad       0x39 Core/Src/sysmem.o
 .ARM.attributes
                0x00000000000003e6       0x39 Core/Src/system_stm32f4xx.o
 .ARM.attributes
                0x000000000000041f       0x21 Core/Startup/startup_stm32f411retx.o
 .ARM.attributes
                0x0000000000000440       0x39 Drivers/STM32F4xx_HAL_Driver/Src/stm32f4xx_hal.o
 .ARM.attributes
                0x0000000000000479       0x39 Drivers/STM32F4xx_HAL_Driver/Src/stm32f4xx_hal_cortex.o
 .ARM.attributes
                0x00000000000004b2       0x39 Drivers/STM32F4xx_HAL_Driver/Src/stm32f4xx_hal_dma.o
 .ARM.attributes
                0x00000000000004eb       0x39 Drivers/STM32F4xx_HAL_Driver/Src/stm32f4xx_hal_gpio.o
 .ARM.attributes
                0x0000000000000524       0x39 Drivers/STM32F4xx_HAL_Driver/Src/stm32f4xx_hal_rcc.o
 .ARM.attributes
                0x000000000000055d       0x39 Drivers/STM32F4xx_HAL_Driver/Src/stm32f4xx_hal_tim.o
 .ARM.attributes
                0x0000000000000596       0x39 Drivers/STM32F4xx_HAL_Driver/Src/stm32f4xx_hal_tim_ex.o
 .ARM.attributes
                0x00000000000005cf       0x39 Drivers/STM32F4xx_HAL_Driver/Src/stm32f4xx_hal_uart.o
 .ARM.attributes
                0x0000000000000608       0x34 d:/programs/stm32cubeide_1.3.0/stm32cubeide/plugins/com.st.stm32cube.ide.mcu.externaltools.gnu-tools-for-stm32.7-2018-q2-update.win32_1.0.0.201904181610/tools/bin/../lib/gcc/arm-none-eabi/7.3.1/../../../../arm-none-eabi/lib/thumb/v7e-m/fpv4-sp/hard\libc_nano.a(lib_a-atoi.o)
 .ARM.attributes
                0x000000000000063c       0x34 d:/programs/stm32cubeide_1.3.0/stm32cubeide/plugins/com.st.stm32cube.ide.mcu.externaltools.gnu-tools-for-stm32.7-2018-q2-update.win32_1.0.0.201904181610/tools/bin/../lib/gcc/arm-none-eabi/7.3.1/../../../../arm-none-eabi/lib/thumb/v7e-m/fpv4-sp/hard\libc_nano.a(lib_a-calloc.o)
 .ARM.attributes
                0x0000000000000670       0x34 d:/programs/stm32cubeide_1.3.0/stm32cubeide/plugins/com.st.stm32cube.ide.mcu.externaltools.gnu-tools-for-stm32.7-2018-q2-update.win32_1.0.0.201904181610/tools/bin/../lib/gcc/arm-none-eabi/7.3.1/../../../../arm-none-eabi/lib/thumb/v7e-m/fpv4-sp/hard\libc_nano.a(lib_a-errno.o)
 .ARM.attributes
                0x00000000000006a4       0x34 d:/programs/stm32cubeide_1.3.0/stm32cubeide/plugins/com.st.stm32cube.ide.mcu.externaltools.gnu-tools-for-stm32.7-2018-q2-update.win32_1.0.0.201904181610/tools/bin/../lib/gcc/arm-none-eabi/7.3.1/../../../../arm-none-eabi/lib/thumb/v7e-m/fpv4-sp/hard\libc_nano.a(lib_a-impure.o)
 .ARM.attributes
                0x00000000000006d8       0x34 d:/programs/stm32cubeide_1.3.0/stm32cubeide/plugins/com.st.stm32cube.ide.mcu.externaltools.gnu-tools-for-stm32.7-2018-q2-update.win32_1.0.0.201904181610/tools/bin/../lib/gcc/arm-none-eabi/7.3.1/../../../../arm-none-eabi/lib/thumb/v7e-m/fpv4-sp/hard\libc_nano.a(lib_a-init.o)
 .ARM.attributes
                0x000000000000070c       0x34 d:/programs/stm32cubeide_1.3.0/stm32cubeide/plugins/com.st.stm32cube.ide.mcu.externaltools.gnu-tools-for-stm32.7-2018-q2-update.win32_1.0.0.201904181610/tools/bin/../lib/gcc/arm-none-eabi/7.3.1/../../../../arm-none-eabi/lib/thumb/v7e-m/fpv4-sp/hard\libc_nano.a(lib_a-malloc.o)
 .ARM.attributes
                0x0000000000000740       0x34 d:/programs/stm32cubeide_1.3.0/stm32cubeide/plugins/com.st.stm32cube.ide.mcu.externaltools.gnu-tools-for-stm32.7-2018-q2-update.win32_1.0.0.201904181610/tools/bin/../lib/gcc/arm-none-eabi/7.3.1/../../../../arm-none-eabi/lib/thumb/v7e-m/fpv4-sp/hard\libc_nano.a(lib_a-memcpy-stub.o)
 .ARM.attributes
                0x0000000000000774       0x34 d:/programs/stm32cubeide_1.3.0/stm32cubeide/plugins/com.st.stm32cube.ide.mcu.externaltools.gnu-tools-for-stm32.7-2018-q2-update.win32_1.0.0.201904181610/tools/bin/../lib/gcc/arm-none-eabi/7.3.1/../../../../arm-none-eabi/lib/thumb/v7e-m/fpv4-sp/hard\libc_nano.a(lib_a-memset.o)
 .ARM.attributes
                0x00000000000007a8       0x34 d:/programs/stm32cubeide_1.3.0/stm32cubeide/plugins/com.st.stm32cube.ide.mcu.externaltools.gnu-tools-for-stm32.7-2018-q2-update.win32_1.0.0.201904181610/tools/bin/../lib/gcc/arm-none-eabi/7.3.1/../../../../arm-none-eabi/lib/thumb/v7e-m/fpv4-sp/hard\libc_nano.a(lib_a-nano-callocr.o)
 .ARM.attributes
                0x00000000000007dc       0x34 d:/programs/stm32cubeide_1.3.0/stm32cubeide/plugins/com.st.stm32cube.ide.mcu.externaltools.gnu-tools-for-stm32.7-2018-q2-update.win32_1.0.0.201904181610/tools/bin/../lib/gcc/arm-none-eabi/7.3.1/../../../../arm-none-eabi/lib/thumb/v7e-m/fpv4-sp/hard\libc_nano.a(lib_a-nano-freer.o)
 .ARM.attributes
                0x0000000000000810       0x34 d:/programs/stm32cubeide_1.3.0/stm32cubeide/plugins/com.st.stm32cube.ide.mcu.externaltools.gnu-tools-for-stm32.7-2018-q2-update.win32_1.0.0.201904181610/tools/bin/../lib/gcc/arm-none-eabi/7.3.1/../../../../arm-none-eabi/lib/thumb/v7e-m/fpv4-sp/hard\libc_nano.a(lib_a-nano-mallocr.o)
 .ARM.attributes
                0x0000000000000844       0x34 d:/programs/stm32cubeide_1.3.0/stm32cubeide/plugins/com.st.stm32cube.ide.mcu.externaltools.gnu-tools-for-stm32.7-2018-q2-update.win32_1.0.0.201904181610/tools/bin/../lib/gcc/arm-none-eabi/7.3.1/../../../../arm-none-eabi/lib/thumb/v7e-m/fpv4-sp/hard\libc_nano.a(lib_a-sbrkr.o)
 .ARM.attributes
                0x0000000000000878       0x34 d:/programs/stm32cubeide_1.3.0/stm32cubeide/plugins/com.st.stm32cube.ide.mcu.externaltools.gnu-tools-for-stm32.7-2018-q2-update.win32_1.0.0.201904181610/tools/bin/../lib/gcc/arm-none-eabi/7.3.1/../../../../arm-none-eabi/lib/thumb/v7e-m/fpv4-sp/hard\libc_nano.a(lib_a-sprintf.o)
 .ARM.attributes
                0x00000000000008ac       0x20 d:/programs/stm32cubeide_1.3.0/stm32cubeide/plugins/com.st.stm32cube.ide.mcu.externaltools.gnu-tools-for-stm32.7-2018-q2-update.win32_1.0.0.201904181610/tools/bin/../lib/gcc/arm-none-eabi/7.3.1/../../../../arm-none-eabi/lib/thumb/v7e-m/fpv4-sp/hard\libc_nano.a(lib_a-strcmp.o)
 .ARM.attributes
                0x00000000000008cc       0x1b d:/programs/stm32cubeide_1.3.0/stm32cubeide/plugins/com.st.stm32cube.ide.mcu.externaltools.gnu-tools-for-stm32.7-2018-q2-update.win32_1.0.0.201904181610/tools/bin/../lib/gcc/arm-none-eabi/7.3.1/../../../../arm-none-eabi/lib/thumb/v7e-m/fpv4-sp/hard\libc_nano.a(lib_a-strlen.o)
 .ARM.attributes
                0x00000000000008e7       0x34 d:/programs/stm32cubeide_1.3.0/stm32cubeide/plugins/com.st.stm32cube.ide.mcu.externaltools.gnu-tools-for-stm32.7-2018-q2-update.win32_1.0.0.201904181610/tools/bin/../lib/gcc/arm-none-eabi/7.3.1/../../../../arm-none-eabi/lib/thumb/v7e-m/fpv4-sp/hard\libc_nano.a(lib_a-strtok.o)
 .ARM.attributes
                0x000000000000091b       0x34 d:/programs/stm32cubeide_1.3.0/stm32cubeide/plugins/com.st.stm32cube.ide.mcu.externaltools.gnu-tools-for-stm32.7-2018-q2-update.win32_1.0.0.201904181610/tools/bin/../lib/gcc/arm-none-eabi/7.3.1/../../../../arm-none-eabi/lib/thumb/v7e-m/fpv4-sp/hard\libc_nano.a(lib_a-strtok_r.o)
 .ARM.attributes
                0x000000000000094f       0x34 d:/programs/stm32cubeide_1.3.0/stm32cubeide/plugins/com.st.stm32cube.ide.mcu.externaltools.gnu-tools-for-stm32.7-2018-q2-update.win32_1.0.0.201904181610/tools/bin/../lib/gcc/arm-none-eabi/7.3.1/../../../../arm-none-eabi/lib/thumb/v7e-m/fpv4-sp/hard\libc_nano.a(lib_a-strtol.o)
 .ARM.attributes
                0x0000000000000983       0x34 d:/programs/stm32cubeide_1.3.0/stm32cubeide/plugins/com.st.stm32cube.ide.mcu.externaltools.gnu-tools-for-stm32.7-2018-q2-update.win32_1.0.0.201904181610/tools/bin/../lib/gcc/arm-none-eabi/7.3.1/../../../../arm-none-eabi/lib/thumb/v7e-m/fpv4-sp/hard\libc_nano.a(lib_a-strtoul.o)
 .ARM.attributes
                0x00000000000009b7       0x34 d:/programs/stm32cubeide_1.3.0/stm32cubeide/plugins/com.st.stm32cube.ide.mcu.externaltools.gnu-tools-for-stm32.7-2018-q2-update.win32_1.0.0.201904181610/tools/bin/../lib/gcc/arm-none-eabi/7.3.1/../../../../arm-none-eabi/lib/thumb/v7e-m/fpv4-sp/hard\libc_nano.a(lib_a-locale.o)
 .ARM.attributes
                0x00000000000009eb       0x34 d:/programs/stm32cubeide_1.3.0/stm32cubeide/plugins/com.st.stm32cube.ide.mcu.externaltools.gnu-tools-for-stm32.7-2018-q2-update.win32_1.0.0.201904181610/tools/bin/../lib/gcc/arm-none-eabi/7.3.1/../../../../arm-none-eabi/lib/thumb/v7e-m/fpv4-sp/hard\libc_nano.a(lib_a-mbtowc_r.o)
 .ARM.attributes
                0x0000000000000a1f       0x34 d:/programs/stm32cubeide_1.3.0/stm32cubeide/plugins/com.st.stm32cube.ide.mcu.externaltools.gnu-tools-for-stm32.7-2018-q2-update.win32_1.0.0.201904181610/tools/bin/../lib/gcc/arm-none-eabi/7.3.1/../../../../arm-none-eabi/lib/thumb/v7e-m/fpv4-sp/hard\libc_nano.a(lib_a-mlock.o)
 .ARM.attributes
                0x0000000000000a53       0x34 d:/programs/stm32cubeide_1.3.0/stm32cubeide/plugins/com.st.stm32cube.ide.mcu.externaltools.gnu-tools-for-stm32.7-2018-q2-update.win32_1.0.0.201904181610/tools/bin/../lib/gcc/arm-none-eabi/7.3.1/../../../../arm-none-eabi/lib/thumb/v7e-m/fpv4-sp/hard\libc_nano.a(lib_a-nano-svfprintf.o)
 .ARM.attributes
                0x0000000000000a87       0x34 d:/programs/stm32cubeide_1.3.0/stm32cubeide/plugins/com.st.stm32cube.ide.mcu.externaltools.gnu-tools-for-stm32.7-2018-q2-update.win32_1.0.0.201904181610/tools/bin/../lib/gcc/arm-none-eabi/7.3.1/../../../../arm-none-eabi/lib/thumb/v7e-m/fpv4-sp/hard\libc_nano.a(lib_a-nano-vfprintf_i.o)
 .ARM.attributes
                0x0000000000000abb       0x34 d:/programs/stm32cubeide_1.3.0/stm32cubeide/plugins/com.st.stm32cube.ide.mcu.externaltools.gnu-tools-for-stm32.7-2018-q2-update.win32_1.0.0.201904181610/tools/bin/../lib/gcc/arm-none-eabi/7.3.1/../../../../arm-none-eabi/lib/thumb/v7e-m/fpv4-sp/hard\libc_nano.a(lib_a-reent.o)
 .ARM.attributes
                0x0000000000000aef       0x34 d:/programs/stm32cubeide_1.3.0/stm32cubeide/plugins/com.st.stm32cube.ide.mcu.externaltools.gnu-tools-for-stm32.7-2018-q2-update.win32_1.0.0.201904181610/tools/bin/../lib/gcc/arm-none-eabi/7.3.1/../../../../arm-none-eabi/lib/thumb/v7e-m/fpv4-sp/hard\libc_nano.a(lib_a-wctomb_r.o)
 .ARM.attributes
                0x0000000000000b23       0x34 d:/programs/stm32cubeide_1.3.0/stm32cubeide/plugins/com.st.stm32cube.ide.mcu.externaltools.gnu-tools-for-stm32.7-2018-q2-update.win32_1.0.0.201904181610/tools/bin/../lib/gcc/arm-none-eabi/7.3.1/../../../../arm-none-eabi/lib/thumb/v7e-m/fpv4-sp/hard\libc_nano.a(lib_a-ctype_.o)
 .ARM.attributes
                0x0000000000000b57       0x20 d:/programs/stm32cubeide_1.3.0/stm32cubeide/plugins/com.st.stm32cube.ide.mcu.externaltools.gnu-tools-for-stm32.7-2018-q2-update.win32_1.0.0.201904181610/tools/bin/../lib/gcc/arm-none-eabi/7.3.1/../../../../arm-none-eabi/lib/thumb/v7e-m/fpv4-sp/hard\libc_nano.a(lib_a-memchr.o)
 .ARM.attributes
                0x0000000000000b77       0x34 d:/programs/stm32cubeide_1.3.0/stm32cubeide/plugins/com.st.stm32cube.ide.mcu.externaltools.gnu-tools-for-stm32.7-2018-q2-update.win32_1.0.0.201904181610/tools/bin/../lib/gcc/arm-none-eabi/7.3.1/../../../../arm-none-eabi/lib/thumb/v7e-m/fpv4-sp/hard\libc_nano.a(lib_a-memmove.o)
 .ARM.attributes
                0x0000000000000bab       0x34 d:/programs/stm32cubeide_1.3.0/stm32cubeide/plugins/com.st.stm32cube.ide.mcu.externaltools.gnu-tools-for-stm32.7-2018-q2-update.win32_1.0.0.201904181610/tools/bin/../lib/gcc/arm-none-eabi/7.3.1/../../../../arm-none-eabi/lib/thumb/v7e-m/fpv4-sp/hard\libc_nano.a(lib_a-nano-reallocr.o)
 .ARM.attributes
                0x0000000000000bdf       0x34 d:/programs/stm32cubeide_1.3.0/stm32cubeide/plugins/com.st.stm32cube.ide.mcu.externaltools.gnu-tools-for-stm32.7-2018-q2-update.win32_1.0.0.201904181610/tools/bin/../lib/gcc/arm-none-eabi/7.3.1/../../../../arm-none-eabi/lib/thumb/v7e-m/fpv4-sp/hard\libc_nano.a(lib_a-nano-msizer.o)
 .ARM.attributes
                0x0000000000000c13       0x22 d:/programs/stm32cubeide_1.3.0/stm32cubeide/plugins/com.st.stm32cube.ide.mcu.externaltools.gnu-tools-for-stm32.7-2018-q2-update.win32_1.0.0.201904181610/tools/bin/../lib/gcc/arm-none-eabi/7.3.1/thumb/v7e-m/fpv4-sp/hard\libgcc.a(_arm_addsubdf3.o)
 .ARM.attributes
                0x0000000000000c35       0x22 d:/programs/stm32cubeide_1.3.0/stm32cubeide/plugins/com.st.stm32cube.ide.mcu.externaltools.gnu-tools-for-stm32.7-2018-q2-update.win32_1.0.0.201904181610/tools/bin/../lib/gcc/arm-none-eabi/7.3.1/thumb/v7e-m/fpv4-sp/hard\libgcc.a(_arm_muldivdf3.o)
 .ARM.attributes
                0x0000000000000c57       0x22 d:/programs/stm32cubeide_1.3.0/stm32cubeide/plugins/com.st.stm32cube.ide.mcu.externaltools.gnu-tools-for-stm32.7-2018-q2-update.win32_1.0.0.201904181610/tools/bin/../lib/gcc/arm-none-eabi/7.3.1/thumb/v7e-m/fpv4-sp/hard\libgcc.a(_arm_cmpdf2.o)
 .ARM.attributes
                0x0000000000000c79       0x22 d:/programs/stm32cubeide_1.3.0/stm32cubeide/plugins/com.st.stm32cube.ide.mcu.externaltools.gnu-tools-for-stm32.7-2018-q2-update.win32_1.0.0.201904181610/tools/bin/../lib/gcc/arm-none-eabi/7.3.1/thumb/v7e-m/fpv4-sp/hard\libgcc.a(_arm_fixdfsi.o)
 .ARM.attributes
                0x0000000000000c9b       0x22 d:/programs/stm32cubeide_1.3.0/stm32cubeide/plugins/com.st.stm32cube.ide.mcu.externaltools.gnu-tools-for-stm32.7-2018-q2-update.win32_1.0.0.201904181610/tools/bin/../lib/gcc/arm-none-eabi/7.3.1/thumb/v7e-m/fpv4-sp/hard\libgcc.a(_aeabi_uldivmod.o)
 .ARM.attributes
                0x0000000000000cbd       0x34 d:/programs/stm32cubeide_1.3.0/stm32cubeide/plugins/com.st.stm32cube.ide.mcu.externaltools.gnu-tools-for-stm32.7-2018-q2-update.win32_1.0.0.201904181610/tools/bin/../lib/gcc/arm-none-eabi/7.3.1/thumb/v7e-m/fpv4-sp/hard\libgcc.a(_udivmoddi4.o)
 .ARM.attributes
                0x0000000000000cf1       0x22 d:/programs/stm32cubeide_1.3.0/stm32cubeide/plugins/com.st.stm32cube.ide.mcu.externaltools.gnu-tools-for-stm32.7-2018-q2-update.win32_1.0.0.201904181610/tools/bin/../lib/gcc/arm-none-eabi/7.3.1/thumb/v7e-m/fpv4-sp/hard\libgcc.a(_dvmd_tls.o)
 .ARM.attributes
                0x0000000000000d13       0x22 d:/programs/stm32cubeide_1.3.0/stm32cubeide/plugins/com.st.stm32cube.ide.mcu.externaltools.gnu-tools-for-stm32.7-2018-q2-update.win32_1.0.0.201904181610/tools/bin/../lib/gcc/arm-none-eabi/7.3.1/thumb/v7e-m/fpv4-sp/hard/crtn.o
OUTPUT(FinalProject.elf elf32-littlearm)

.debug_info     0x0000000000000000    0x12a03
 .debug_info    0x0000000000000000      0x8a5 Core/Src/IR_Ext_Aiwa.o
 .debug_info    0x00000000000008a5      0x8a1 Core/Src/IR_Ext_Denon.o
 .debug_info    0x0000000000001146      0x8af Core/Src/IR_Ext_JVC.o
 .debug_info    0x00000000000019f5      0x8a5 Core/Src/IR_Ext_LG.o
 .debug_info    0x000000000000229a      0x8a1 Core/Src/IR_Ext_NEC.o
 .debug_info    0x0000000000002b3b      0x8bd Core/Src/IR_Ext_Panasonic.o
 .debug_info    0x00000000000033f8      0xa52 Core/Src/IR_Ext_RC56.o
 .debug_info    0x0000000000003e4a      0x8a1 Core/Src/IR_Ext_Samsung.o
 .debug_info    0x00000000000046eb      0x88b Core/Src/IR_Ext_Sony.o
 .debug_info    0x0000000000004f76      0x8a1 Core/Src/IR_Ext_Whynter.o
 .debug_info    0x0000000000005817      0xb3a Core/Src/IR_Remote.o
 .debug_info    0x0000000000006351      0xc2d Core/Src/IR_Send.o
 .debug_info    0x0000000000006f7e     0x1b6b Core/Src/main.o
 .debug_info    0x0000000000008ae9      0xe51 Core/Src/stm32f4xx_hal_msp.o
 .debug_info    0x000000000000993a      0x90b Core/Src/stm32f4xx_it.o
 .debug_info    0x000000000000a245      0x91c Core/Src/sysmem.o
 .debug_info    0x000000000000ab61      0x57e Core/Src/system_stm32f4xx.o
 .debug_info    0x000000000000b0df       0x22 Core/Startup/startup_stm32f411retx.o
 .debug_info    0x000000000000b101      0x8d5 Drivers/STM32F4xx_HAL_Driver/Src/stm32f4xx_hal.o
 .debug_info    0x000000000000b9d6      0xd98 Drivers/STM32F4xx_HAL_Driver/Src/stm32f4xx_hal_cortex.o
 .debug_info    0x000000000000c76e      0x960 Drivers/STM32F4xx_HAL_Driver/Src/stm32f4xx_hal_dma.o
 .debug_info    0x000000000000d0ce      0x7d7 Drivers/STM32F4xx_HAL_Driver/Src/stm32f4xx_hal_gpio.o
 .debug_info    0x000000000000d8a5      0x92a Drivers/STM32F4xx_HAL_Driver/Src/stm32f4xx_hal_rcc.o
 .debug_info    0x000000000000e1cf     0x24a1 Drivers/STM32F4xx_HAL_Driver/Src/stm32f4xx_hal_tim.o
 .debug_info    0x0000000000010670     0x114f Drivers/STM32F4xx_HAL_Driver/Src/stm32f4xx_hal_tim_ex.o
 .debug_info    0x00000000000117bf     0x1244 Drivers/STM32F4xx_HAL_Driver/Src/stm32f4xx_hal_uart.o

.debug_abbrev   0x0000000000000000     0x3204
 .debug_abbrev  0x0000000000000000      0x1ed Core/Src/IR_Ext_Aiwa.o
 .debug_abbrev  0x00000000000001ed      0x1e2 Core/Src/IR_Ext_Denon.o
 .debug_abbrev  0x00000000000003cf      0x1e2 Core/Src/IR_Ext_JVC.o
 .debug_abbrev  0x00000000000005b1      0x1e4 Core/Src/IR_Ext_LG.o
 .debug_abbrev  0x0000000000000795      0x1e2 Core/Src/IR_Ext_NEC.o
 .debug_abbrev  0x0000000000000977      0x1ed Core/Src/IR_Ext_Panasonic.o
 .debug_abbrev  0x0000000000000b64      0x1f3 Core/Src/IR_Ext_RC56.o
 .debug_abbrev  0x0000000000000d57      0x1e2 Core/Src/IR_Ext_Samsung.o
 .debug_abbrev  0x0000000000000f39      0x1d3 Core/Src/IR_Ext_Sony.o
 .debug_abbrev  0x000000000000110c      0x1e2 Core/Src/IR_Ext_Whynter.o
 .debug_abbrev  0x00000000000012ee      0x24d Core/Src/IR_Remote.o
 .debug_abbrev  0x000000000000153b      0x1ed Core/Src/IR_Send.o
 .debug_abbrev  0x0000000000001728      0x32d Core/Src/main.o
 .debug_abbrev  0x0000000000001a55      0x1a6 Core/Src/stm32f4xx_hal_msp.o
 .debug_abbrev  0x0000000000001bfb      0x169 Core/Src/stm32f4xx_it.o
 .debug_abbrev  0x0000000000001d64      0x1bb Core/Src/sysmem.o
 .debug_abbrev  0x0000000000001f1f      0x12b Core/Src/system_stm32f4xx.o
 .debug_abbrev  0x000000000000204a       0x12 Core/Startup/startup_stm32f411retx.o
 .debug_abbrev  0x000000000000205c      0x1f2 Drivers/STM32F4xx_HAL_Driver/Src/stm32f4xx_hal.o
 .debug_abbrev  0x000000000000224e      0x2fa Drivers/STM32F4xx_HAL_Driver/Src/stm32f4xx_hal_cortex.o
 .debug_abbrev  0x0000000000002548      0x1f1 Drivers/STM32F4xx_HAL_Driver/Src/stm32f4xx_hal_dma.o
 .debug_abbrev  0x0000000000002739      0x1c9 Drivers/STM32F4xx_HAL_Driver/Src/stm32f4xx_hal_gpio.o
 .debug_abbrev  0x0000000000002902      0x245 Drivers/STM32F4xx_HAL_Driver/Src/stm32f4xx_hal_rcc.o
 .debug_abbrev  0x0000000000002b47      0x23f Drivers/STM32F4xx_HAL_Driver/Src/stm32f4xx_hal_tim.o
 .debug_abbrev  0x0000000000002d86      0x22d Drivers/STM32F4xx_HAL_Driver/Src/stm32f4xx_hal_tim_ex.o
 .debug_abbrev  0x0000000000002fb3      0x251 Drivers/STM32F4xx_HAL_Driver/Src/stm32f4xx_hal_uart.o

.debug_aranges  0x0000000000000000      0xe30
 .debug_aranges
                0x0000000000000000       0x28 Core/Src/IR_Ext_Aiwa.o
 .debug_aranges
                0x0000000000000028       0x28 Core/Src/IR_Ext_Denon.o
 .debug_aranges
                0x0000000000000050       0x28 Core/Src/IR_Ext_JVC.o
 .debug_aranges
                0x0000000000000078       0x28 Core/Src/IR_Ext_LG.o
 .debug_aranges
                0x00000000000000a0       0x28 Core/Src/IR_Ext_NEC.o
 .debug_aranges
                0x00000000000000c8       0x28 Core/Src/IR_Ext_Panasonic.o
 .debug_aranges
                0x00000000000000f0       0x40 Core/Src/IR_Ext_RC56.o
 .debug_aranges
                0x0000000000000130       0x28 Core/Src/IR_Ext_Samsung.o
 .debug_aranges
                0x0000000000000158       0x28 Core/Src/IR_Ext_Sony.o
 .debug_aranges
                0x0000000000000180       0x28 Core/Src/IR_Ext_Whynter.o
 .debug_aranges
                0x00000000000001a8       0x70 Core/Src/IR_Remote.o
 .debug_aranges
                0x0000000000000218       0x50 Core/Src/IR_Send.o
 .debug_aranges
                0x0000000000000268       0x60 Core/Src/main.o
 .debug_aranges
                0x00000000000002c8       0x48 Core/Src/stm32f4xx_hal_msp.o
 .debug_aranges
                0x0000000000000310       0x70 Core/Src/stm32f4xx_it.o
 .debug_aranges
                0x0000000000000380       0x20 Core/Src/sysmem.o
 .debug_aranges
                0x00000000000003a0       0x28 Core/Src/system_stm32f4xx.o
 .debug_aranges
                0x00000000000003c8       0x28 Core/Startup/startup_stm32f411retx.o
 .debug_aranges
                0x00000000000003f0       0xf0 Drivers/STM32F4xx_HAL_Driver/Src/stm32f4xx_hal.o
 .debug_aranges
                0x00000000000004e0      0x118 Drivers/STM32F4xx_HAL_Driver/Src/stm32f4xx_hal_cortex.o
 .debug_aranges
                0x00000000000005f8       0x90 Drivers/STM32F4xx_HAL_Driver/Src/stm32f4xx_hal_dma.o
 .debug_aranges
                0x0000000000000688       0x58 Drivers/STM32F4xx_HAL_Driver/Src/stm32f4xx_hal_gpio.o
 .debug_aranges
                0x00000000000006e0       0x88 Drivers/STM32F4xx_HAL_Driver/Src/stm32f4xx_hal_rcc.o
 .debug_aranges
                0x0000000000000768      0x3a8 Drivers/STM32F4xx_HAL_Driver/Src/stm32f4xx_hal_tim.o
 .debug_aranges
                0x0000000000000b10      0x150 Drivers/STM32F4xx_HAL_Driver/Src/stm32f4xx_hal_tim_ex.o
 .debug_aranges
                0x0000000000000c60      0x1d0 Drivers/STM32F4xx_HAL_Driver/Src/stm32f4xx_hal_uart.o

.debug_ranges   0x0000000000000000      0xc98
 .debug_ranges  0x0000000000000000       0x18 Core/Src/IR_Ext_Aiwa.o
 .debug_ranges  0x0000000000000018       0x18 Core/Src/IR_Ext_Denon.o
 .debug_ranges  0x0000000000000030       0x18 Core/Src/IR_Ext_JVC.o
 .debug_ranges  0x0000000000000048       0x18 Core/Src/IR_Ext_LG.o
 .debug_ranges  0x0000000000000060       0x18 Core/Src/IR_Ext_NEC.o
 .debug_ranges  0x0000000000000078       0x18 Core/Src/IR_Ext_Panasonic.o
 .debug_ranges  0x0000000000000090       0x30 Core/Src/IR_Ext_RC56.o
 .debug_ranges  0x00000000000000c0       0x18 Core/Src/IR_Ext_Samsung.o
 .debug_ranges  0x00000000000000d8       0x18 Core/Src/IR_Ext_Sony.o
 .debug_ranges  0x00000000000000f0       0x18 Core/Src/IR_Ext_Whynter.o
 .debug_ranges  0x0000000000000108       0x60 Core/Src/IR_Remote.o
 .debug_ranges  0x0000000000000168       0x40 Core/Src/IR_Send.o
 .debug_ranges  0x00000000000001a8       0x50 Core/Src/main.o
 .debug_ranges  0x00000000000001f8       0x38 Core/Src/stm32f4xx_hal_msp.o
 .debug_ranges  0x0000000000000230       0x60 Core/Src/stm32f4xx_it.o
 .debug_ranges  0x0000000000000290       0x10 Core/Src/sysmem.o
 .debug_ranges  0x00000000000002a0       0x18 Core/Src/system_stm32f4xx.o
 .debug_ranges  0x00000000000002b8       0x20 Core/Startup/startup_stm32f411retx.o
 .debug_ranges  0x00000000000002d8       0xe0 Drivers/STM32F4xx_HAL_Driver/Src/stm32f4xx_hal.o
 .debug_ranges  0x00000000000003b8      0x108 Drivers/STM32F4xx_HAL_Driver/Src/stm32f4xx_hal_cortex.o
 .debug_ranges  0x00000000000004c0       0x80 Drivers/STM32F4xx_HAL_Driver/Src/stm32f4xx_hal_dma.o
 .debug_ranges  0x0000000000000540       0x48 Drivers/STM32F4xx_HAL_Driver/Src/stm32f4xx_hal_gpio.o
 .debug_ranges  0x0000000000000588       0x78 Drivers/STM32F4xx_HAL_Driver/Src/stm32f4xx_hal_rcc.o
 .debug_ranges  0x0000000000000600      0x398 Drivers/STM32F4xx_HAL_Driver/Src/stm32f4xx_hal_tim.o
 .debug_ranges  0x0000000000000998      0x140 Drivers/STM32F4xx_HAL_Driver/Src/stm32f4xx_hal_tim_ex.o
 .debug_ranges  0x0000000000000ad8      0x1c0 Drivers/STM32F4xx_HAL_Driver/Src/stm32f4xx_hal_uart.o

.debug_macro    0x0000000000000000    0x17b7b
 .debug_macro   0x0000000000000000      0x222 Core/Src/IR_Ext_Aiwa.o
 .debug_macro   0x0000000000000222      0xa5a Core/Src/IR_Ext_Aiwa.o
 .debug_macro   0x0000000000000c7c      0x18a Core/Src/IR_Ext_Aiwa.o
 .debug_macro   0x0000000000000e06       0x2e Core/Src/IR_Ext_Aiwa.o
 .debug_macro   0x0000000000000e34       0x28 Core/Src/IR_Ext_Aiwa.o
 .debug_macro   0x0000000000000e5c       0x22 Core/Src/IR_Ext_Aiwa.o
 .debug_macro   0x0000000000000e7e       0x8e Core/Src/IR_Ext_Aiwa.o
 .debug_macro   0x0000000000000f0c       0x51 Core/Src/IR_Ext_Aiwa.o
 .debug_macro   0x0000000000000f5d       0xef Core/Src/IR_Ext_Aiwa.o
 .debug_macro   0x000000000000104c       0x6a Core/Src/IR_Ext_Aiwa.o
 .debug_macro   0x00000000000010b6      0x1df Core/Src/IR_Ext_Aiwa.o
 .debug_macro   0x0000000000001295       0x1c Core/Src/IR_Ext_Aiwa.o
 .debug_macro   0x00000000000012b1       0x22 Core/Src/IR_Ext_Aiwa.o
 .debug_macro   0x00000000000012d3       0xdf Core/Src/IR_Ext_Aiwa.o
 .debug_macro   0x00000000000013b2     0x102d Core/Src/IR_Ext_Aiwa.o
 .debug_macro   0x00000000000023df      0x11f Core/Src/IR_Ext_Aiwa.o
 .debug_macro   0x00000000000024fe     0xb937 Core/Src/IR_Ext_Aiwa.o
 .debug_macro   0x000000000000de35       0x43 Core/Src/IR_Ext_Aiwa.o
 .debug_macro   0x000000000000de78     0x3659 Core/Src/IR_Ext_Aiwa.o
 .debug_macro   0x00000000000114d1      0x174 Core/Src/IR_Ext_Aiwa.o
 .debug_macro   0x0000000000011645       0x5a Core/Src/IR_Ext_Aiwa.o
 .debug_macro   0x000000000001169f      0x447 Core/Src/IR_Ext_Aiwa.o
 .debug_macro   0x0000000000011ae6      0x9fe Core/Src/IR_Ext_Aiwa.o
 .debug_macro   0x00000000000124e4      0x15f Core/Src/IR_Ext_Aiwa.o
 .debug_macro   0x0000000000012643      0x117 Core/Src/IR_Ext_Aiwa.o
 .debug_macro   0x000000000001275a      0x11b Core/Src/IR_Ext_Aiwa.o
 .debug_macro   0x0000000000012875       0x27 Core/Src/IR_Ext_Aiwa.o
 .debug_macro   0x000000000001289c      0x287 Core/Src/IR_Ext_Aiwa.o
 .debug_macro   0x0000000000012b23       0x5f Core/Src/IR_Ext_Aiwa.o
 .debug_macro   0x0000000000012b82      0x236 Core/Src/IR_Ext_Aiwa.o
 .debug_macro   0x0000000000012db8      0x132 Core/Src/IR_Ext_Aiwa.o
 .debug_macro   0x0000000000012eea      0x264 Core/Src/IR_Ext_Aiwa.o
 .debug_macro   0x000000000001314e       0x2e Core/Src/IR_Ext_Aiwa.o
 .debug_macro   0x000000000001317c      0x11a Core/Src/IR_Ext_Aiwa.o
 .debug_macro   0x0000000000013296       0x85 Core/Src/IR_Ext_Aiwa.o
 .debug_macro   0x000000000001331b       0x89 Core/Src/IR_Ext_Aiwa.o
 .debug_macro   0x00000000000133a4      0x8a0 Core/Src/IR_Ext_Aiwa.o
 .debug_macro   0x0000000000013c44       0x47 Core/Src/IR_Ext_Aiwa.o
 .debug_macro   0x0000000000013c8b      0x287 Core/Src/IR_Ext_Aiwa.o
 .debug_macro   0x0000000000013f12      0x126 Core/Src/IR_Ext_Aiwa.o
 .debug_macro   0x0000000000014038       0x70 Core/Src/IR_Ext_Aiwa.o
 .debug_macro   0x00000000000140a8      0x18a Core/Src/IR_Ext_Aiwa.o
 .debug_macro   0x0000000000014232      0x20a Core/Src/IR_Ext_Denon.o
 .debug_macro   0x000000000001443c      0x210 Core/Src/IR_Ext_JVC.o
 .debug_macro   0x000000000001464c      0x210 Core/Src/IR_Ext_LG.o