Archive member included to satisfy reference by file (symbol)

d:/programs/stm32cubeide_1.3.0/stm32cubeide/plugins/com.st.stm32cube.ide.mcu.externaltools.gnu-tools-for-stm32.7-2018-q2-update.win32_1.0.0.201904181610/tools/bin/../lib/gcc/arm-none-eabi/7.3.1/../../../../arm-none-eabi/lib/thumb/v7e-m/fpv4-sp/hard\libc_nano.a(lib_a-calloc.o)
                              Core/Src/main.o (calloc)
d:/programs/stm32cubeide_1.3.0/stm32cubeide/plugins/com.st.stm32cube.ide.mcu.externaltools.gnu-tools-for-stm32.7-2018-q2-update.win32_1.0.0.201904181610/tools/bin/../lib/gcc/arm-none-eabi/7.3.1/../../../../arm-none-eabi/lib/thumb/v7e-m/fpv4-sp/hard\libc_nano.a(lib_a-errno.o)
                              Core/Src/syscalls.o (__errno)
d:/programs/stm32cubeide_1.3.0/stm32cubeide/plugins/com.st.stm32cube.ide.mcu.externaltools.gnu-tools-for-stm32.7-2018-q2-update.win32_1.0.0.201904181610/tools/bin/../lib/gcc/arm-none-eabi/7.3.1/../../../../arm-none-eabi/lib/thumb/v7e-m/fpv4-sp/hard\libc_nano.a(lib_a-exit.o)
                              d:/programs/stm32cubeide_1.3.0/stm32cubeide/plugins/com.st.stm32cube.ide.mcu.externaltools.gnu-tools-for-stm32.7-2018-q2-update.win32_1.0.0.201904181610/tools/bin/../lib/gcc/arm-none-eabi/7.3.1/../../../../arm-none-eabi/lib/thumb/v7e-m/fpv4-sp/hard/crt0.o (exit)
d:/programs/stm32cubeide_1.3.0/stm32cubeide/plugins/com.st.stm32cube.ide.mcu.externaltools.gnu-tools-for-stm32.7-2018-q2-update.win32_1.0.0.201904181610/tools/bin/../lib/gcc/arm-none-eabi/7.3.1/../../../../arm-none-eabi/lib/thumb/v7e-m/fpv4-sp/hard\libc_nano.a(lib_a-impure.o)
                              d:/programs/stm32cubeide_1.3.0/stm32cubeide/plugins/com.st.stm32cube.ide.mcu.externaltools.gnu-tools-for-stm32.7-2018-q2-update.win32_1.0.0.201904181610/tools/bin/../lib/gcc/arm-none-eabi/7.3.1/../../../../arm-none-eabi/lib/thumb/v7e-m/fpv4-sp/hard\libc_nano.a(lib_a-exit.o) (_global_impure_ptr)
d:/programs/stm32cubeide_1.3.0/stm32cubeide/plugins/com.st.stm32cube.ide.mcu.externaltools.gnu-tools-for-stm32.7-2018-q2-update.win32_1.0.0.201904181610/tools/bin/../lib/gcc/arm-none-eabi/7.3.1/../../../../arm-none-eabi/lib/thumb/v7e-m/fpv4-sp/hard\libc_nano.a(lib_a-init.o)
                              d:/programs/stm32cubeide_1.3.0/stm32cubeide/plugins/com.st.stm32cube.ide.mcu.externaltools.gnu-tools-for-stm32.7-2018-q2-update.win32_1.0.0.201904181610/tools/bin/../lib/gcc/arm-none-eabi/7.3.1/../../../../arm-none-eabi/lib/thumb/v7e-m/fpv4-sp/hard/crt0.o (__libc_init_array)
d:/programs/stm32cubeide_1.3.0/stm32cubeide/plugins/com.st.stm32cube.ide.mcu.externaltools.gnu-tools-for-stm32.7-2018-q2-update.win32_1.0.0.201904181610/tools/bin/../lib/gcc/arm-none-eabi/7.3.1/../../../../arm-none-eabi/lib/thumb/v7e-m/fpv4-sp/hard\libc_nano.a(lib_a-malloc.o)
                              Core/Src/main.o (free)
d:/programs/stm32cubeide_1.3.0/stm32cubeide/plugins/com.st.stm32cube.ide.mcu.externaltools.gnu-tools-for-stm32.7-2018-q2-update.win32_1.0.0.201904181610/tools/bin/../lib/gcc/arm-none-eabi/7.3.1/../../../../arm-none-eabi/lib/thumb/v7e-m/fpv4-sp/hard\libc_nano.a(lib_a-memcpy-stub.o)
                              Core/Src/main.o (memcpy)
d:/programs/stm32cubeide_1.3.0/stm32cubeide/plugins/com.st.stm32cube.ide.mcu.externaltools.gnu-tools-for-stm32.7-2018-q2-update.win32_1.0.0.201904181610/tools/bin/../lib/gcc/arm-none-eabi/7.3.1/../../../../arm-none-eabi/lib/thumb/v7e-m/fpv4-sp/hard\libc_nano.a(lib_a-memset.o)
                              d:/programs/stm32cubeide_1.3.0/stm32cubeide/plugins/com.st.stm32cube.ide.mcu.externaltools.gnu-tools-for-stm32.7-2018-q2-update.win32_1.0.0.201904181610/tools/bin/../lib/gcc/arm-none-eabi/7.3.1/../../../../arm-none-eabi/lib/thumb/v7e-m/fpv4-sp/hard/crt0.o (memset)
d:/programs/stm32cubeide_1.3.0/stm32cubeide/plugins/com.st.stm32cube.ide.mcu.externaltools.gnu-tools-for-stm32.7-2018-q2-update.win32_1.0.0.201904181610/tools/bin/../lib/gcc/arm-none-eabi/7.3.1/../../../../arm-none-eabi/lib/thumb/v7e-m/fpv4-sp/hard\libc_nano.a(lib_a-nano-callocr.o)
                              d:/programs/stm32cubeide_1.3.0/stm32cubeide/plugins/com.st.stm32cube.ide.mcu.externaltools.gnu-tools-for-stm32.7-2018-q2-update.win32_1.0.0.201904181610/tools/bin/../lib/gcc/arm-none-eabi/7.3.1/../../../../arm-none-eabi/lib/thumb/v7e-m/fpv4-sp/hard\libc_nano.a(lib_a-calloc.o) (_calloc_r)
d:/programs/stm32cubeide_1.3.0/stm32cubeide/plugins/com.st.stm32cube.ide.mcu.externaltools.gnu-tools-for-stm32.7-2018-q2-update.win32_1.0.0.201904181610/tools/bin/../lib/gcc/arm-none-eabi/7.3.1/../../../../arm-none-eabi/lib/thumb/v7e-m/fpv4-sp/hard\libc_nano.a(lib_a-nano-freer.o)
                              d:/programs/stm32cubeide_1.3.0/stm32cubeide/plugins/com.st.stm32cube.ide.mcu.externaltools.gnu-tools-for-stm32.7-2018-q2-update.win32_1.0.0.201904181610/tools/bin/../lib/gcc/arm-none-eabi/7.3.1/../../../../arm-none-eabi/lib/thumb/v7e-m/fpv4-sp/hard\libc_nano.a(lib_a-malloc.o) (_free_r)
[...]
Memory Configuration

Name             Origin             Length             Attributes
RAM              0x0000000020000000 0x0000000000020000 xrw
FLASH            0x0000000008000000 0x0000000000080000 xr
*default*        0x0000000000000000 0xffffffffffffffff

Linker script and memory map

LOAD d:/programs/stm32cubeide_1.3.0/stm32cubeide/plugins/com.st.stm32cube.ide.mcu.externaltools.gnu-tools-for-stm32.7-2018-q2-update.win32_1.0.0.201904181610/tools/bin/../lib/gcc/arm-none-eabi/7.3.1/thumb/v7e-m/fpv4-sp/hard/crti.o
LOAD d:/programs/stm32cubeide_1.3.0/stm32cubeide/plugins/com.st.stm32cube.ide.mcu.externaltools.gnu-tools-for-stm32.7-2018-q2-update.win32_1.0.0.201904181610/tools/bin/../lib/gcc/arm-none-eabi/7.3.1/thumb/v7e-m/fpv4-sp/hard/crtbegin.o
LOAD d:/programs/stm32cubeide_1.3.0/stm32cubeide/plugins/com.st.stm32cube.ide.mcu.externaltools.gnu-tools-for-stm32.7-2018-q2-update.win32_1.0.0.201904181610/tools/bin/../lib/gcc/arm-none-eabi/7.3.1/../../../../arm-none-eabi/lib/thumb/v7e-m/fpv4-sp/hard/crt0.o
LOAD Core/Src/IR_Ext_JVC.o
LOAD Core/Src/IR_Ext_LG.o
LOAD Core/Src/IR_Ext_NEC.o
LOAD Core/Src/IR_Ext_RC56.o
LOAD Core/Src/IR_Ext_Samsung.o
LOAD Core/Src/IR_Ext_Sony.o
LOAD Core/Src/IR_Remote.o
LOAD Core/Src/IR_Send.o
LOAD Core/Src/main.o
LOAD Core/Src/stm32f4xx_hal_msp.o
LOAD Core/Src/stm32f4xx_it.o
LOAD Core/Src/syscalls.o
LOAD Core/Src/sysmem.o
LOAD Core/Src/system_stm32f4xx.o
LOAD Core/Startup/startup_stm32f411retx.o
LOAD Drivers/STM32F4xx_HAL_Driver/Src/stm32f4xx_hal.o
LOAD Drivers/STM32F4xx_HAL_Driver/Src/stm32f4xx_hal_cortex.o
LOAD Drivers/STM32F4xx_HAL_Driver/Src/stm32f4xx_hal_dma.o
LOAD Drivers/STM32F4xx_HAL_Driver/Src/stm32f4xx_hal_dma_ex.o
LOAD Drivers/STM32F4xx_HAL_Driver/Src/stm32f4xx_hal_exti.o
LOAD Drivers/STM32F4xx_HAL_Driver/Src/stm32f4xx_hal_flash.o
LOAD Drivers/STM32F4xx_HAL_Driver/Src/stm32f4xx_hal_flash_ex.o
LOAD Drivers/STM32F4xx_HAL_Driver/Src/stm32f4xx_hal_flash_ramfunc.o
LOAD Drivers/STM32F4xx_HAL_Driver/Src/stm32f4xx_hal_gpio.o
LOAD Drivers/STM32F4xx_HAL_Driver/Src/stm32f4xx_hal_pwr.o
LOAD Drivers/STM32F4xx_HAL_Driver/Src/stm32f4xx_hal_pwr_ex.o
LOAD Drivers/STM32F4xx_HAL_Driver/Src/stm32f4xx_hal_rcc.o
LOAD Drivers/STM32F4xx_HAL_Driver/Src/stm32f4xx_hal_rcc_ex.o
LOAD Drivers/STM32F4xx_HAL_Driver/Src/stm32f4xx_hal_tim.o
LOAD Drivers/STM32F4xx_HAL_Driver/Src/stm32f4xx_hal_tim_ex.o
LOAD Drivers/STM32F4xx_HAL_Driver/Src/stm32f4xx_hal_uart.o
START GROUP
LOAD d:/programs/stm32cubeide_1.3.0/stm32cubeide/plugins/com.st.stm32cube.ide.mcu.externaltools.gnu-tools-for-stm32.7-2018-q2-update.win32_1.0.0.201904181610/tools/bin/../lib/gcc/arm-none-eabi/7.3.1/../../../../arm-none-eabi/lib/thumb/v7e-m/fpv4-sp/hard\libc_nano.a
LOAD d:/programs/stm32cubeide_1.3.0/stm32cubeide/plugins/com.st.stm32cube.ide.mcu.externaltools.gnu-tools-for-stm32.7-2018-q2-update.win32_1.0.0.201904181610/tools/bin/../lib/gcc/arm-none-eabi/7.3.1/../../../../arm-none-eabi/lib/thumb/v7e-m/fpv4-sp/hard\libm.a
END GROUP
START GROUP
LOAD d:/programs/stm32cubeide_1.3.0/stm32cubeide/plugins/com.st.stm32cube.ide.mcu.externaltools.gnu-tools-for-stm32.7-2018-q2-update.win32_1.0.0.201904181610/tools/bin/../lib/gcc/arm-none-eabi/7.3.1/thumb/v7e-m/fpv4-sp/hard\libgcc.a
LOAD d:/programs/stm32cubeide_1.3.0/stm32cubeide/plugins/com.st.stm32cube.ide.mcu.externaltools.gnu-tools-for-stm32.7-2018-q2-update.win32_1.0.0.201904181610/tools/bin/../lib/gcc/arm-none-eabi/7.3.1/../../../../arm-none-eabi/lib/thumb/v7e-m/fpv4-sp/hard\libc_nano.a
END GROUP
START GROUP
LOAD d:/programs/stm32cubeide_1.3.0/stm32cubeide/plugins/com.st.stm32cube.ide.mcu.externaltools.gnu-tools-for-stm32.7-2018-q2-update.win32_1.0.0.201904181610/tools/bin/../lib/gcc/arm-none-eabi/7.3.1/thumb/v7e-m/fpv4-sp/hard\libgcc.a
LOAD d:/programs/stm32cubeide_1.3.0/stm32cubeide/plugins/com.st.stm32cube.ide.mcu.externaltools.gnu-tools-for-stm32.7-2018-q2-update.win32_1.0.0.201904181610/tools/bin/../lib/gcc/arm-none-eabi/7.3.1/../../../../arm-none-eabi/lib/thumb/v7e-m/fpv4-sp/hard\libc_nano.a
LOAD d:/programs/stm32cubeide_1.3.0/stm32cubeide/plugins/com.st.stm32cube.ide.mcu.externaltools.gnu-tools-for-stm32.7-2018-q2-update.win32_1.0.0.201904181610/tools/bin/../lib/gcc/arm-none-eabi/7.3.1/../../../../arm-none-eabi/lib/thumb/v7e-m/fpv4-sp/hard\libnosys.a
END GROUP
START GROUP
LOAD d:/programs/stm32cubeide_1.3.0/stm32cubeide/plugins/com.st.stm32cube.ide.mcu.externaltools.gnu-tools-for-stm32.7-2018-q2-update.win32_1.0.0.201904181610/tools/bin/../lib/gcc/arm-none-eabi/7.3.1/thumb/v7e-m/fpv4-sp/hard\libgcc.a
LOAD d:/programs/stm32cubeide_1.3.0/stm32cubeide/plugins/com.st.stm32cube.ide.mcu.externaltools.gnu-tools-for-stm32.7-2018-q2-update.win32_1.0.0.201904181610/tools/bin/../lib/gcc/arm-none-eabi/7.3.1/../../../../arm-none-eabi/lib/thumb/v7e-m/fpv4-sp/hard\libc_nano.a
LOAD d:/programs/stm32cubeide_1.3.0/stm32cubeide/plugins/com.st.stm32cube.ide.mcu.externaltools.gnu-tools-for-stm32.7-2018-q2-update.win32_1.0.0.201904181610/tools/bin/../lib/gcc/arm-none-eabi/7.3.1/../../../../arm-none-eabi/lib/thumb/v7e-m/fpv4-sp/hard\libnosys.a
END GROUP
LOAD d:/programs/stm32cubeide_1.3.0/stm32cubeide/plugins/com.st.stm32cube.ide.mcu.externaltools.gnu-tools-for-stm32.7-2018-q2-update.win32_1.0.0.201904181610/tools/bin/../lib/gcc/arm-none-eabi/7.3.1/thumb/v7e-m/fpv4-sp/hard/crtend.o
LOAD d:/programs/stm32cubeide_1.3.0/stm32cubeide/plugins/com.st.stm32cube.ide.mcu.externaltools.gnu-tools-for-stm32.7-2018-q2-update.win32_1.0.0.201904181610/tools/bin/../lib/gcc/arm-none-eabi/7.3.1/thumb/v7e-m/fpv4-sp/hard/crtn.o
                0x0000000020020000                _estack = (ORIGIN (RAM) + LENGTH (RAM))
                0x0000000000000200                _Min_Heap_Size = 0x200
                0x0000000000000400                _Min_Stack_Size = 0x400

.isr_vector     0x0000000008000000      0x198
                0x0000000008000000                . = ALIGN (0x4)
 *(.isr_vector)
 .isr_vector    0x0000000008000000      0x198 Core/Startup/startup_stm32f411retx.o
                0x0000000008000000                g_pfnVectors
                0x0000000008000198                . = ALIGN (0x4)

.text           0x00000000080001a0     0x58e4
                0x00000000080001a0                . = ALIGN (0x4)
 *(.text)
 .text          0x00000000080001a0       0x40 d:/programs/stm32cubeide_1.3.0/stm32cubeide/plugins/com.st.stm32cube.ide.mcu.externaltools.gnu-tools-for-stm32.7-2018-q2-update.win32_1.0.0.201904181610/tools/bin/../lib/gcc/arm-none-eabi/7.3.1/thumb/v7e-m/fpv4-sp/hard/crtbegin.o
 .text          0x00000000080001e0       0x10 d:/programs/stm32cubeide_1.3.0/stm32cubeide/plugins/com.st.stm32cube.ide.mcu.externaltools.gnu-tools-for-stm32.7-2018-q2-update.win32_1.0.0.201904181610/tools/bin/../lib/gcc/arm-none-eabi/7.3.1/../../../../arm-none-eabi/lib/thumb/v7e-m/fpv4-sp/hard\libc_nano.a(lib_a-strlen.o)
                0x00000000080001e0                strlen
 .text          0x00000000080001f0       0xa0 d:/programs/stm32cubeide_1.3.0/stm32cubeide/plugins/com.st.stm32cube.ide.mcu.externaltools.gnu-tools-for-stm32.7-2018-q2-update.win32_1.0.0.201904181610/tools/bin/../lib/gcc/arm-none-eabi/7.3.1/../../../../arm-none-eabi/lib/thumb/v7e-m/fpv4-sp/hard\libc_nano.a(lib_a-memchr.o)
                0x00000000080001f0                memchr
 .text          0x0000000008000290      0x378 d:/programs/stm32cubeide_1.3.0/stm32cubeide/plugins/com.st.stm32cube.ide.mcu.externaltools.gnu-tools-for-stm32.7-2018-q2-update.win32_1.0.0.201904181610/tools/bin/../lib/gcc/arm-none-eabi/7.3.1/thumb/v7e-m/fpv4-sp/hard\libgcc.a(_arm_addsubdf3.o)
                0x0000000008000290                __aeabi_drsub
                0x0000000008000298                __aeabi_dsub
                0x0000000008000298                __subdf3
                0x000000000800029c                __aeabi_dadd
                0x000000000800029c                __adddf3
                0x0000000008000514                __floatunsidf
                0x0000000008000514                __aeabi_ui2d
                0x0000000008000534                __floatsidf
                0x0000000008000534                __aeabi_i2d
                0x0000000008000558                __aeabi_f2d
                0x0000000008000558                __extendsfdf2
                0x000000000800059c                __floatundidf
                0x000000000800059c                __aeabi_ul2d
                0x00000000080005ac                __floatdidf
                0x00000000080005ac                __aeabi_l2d
 .text          0x0000000008000608      0x424 d:/programs/stm32cubeide_1.3.0/stm32cubeide/plugins/com.st.stm32cube.ide.mcu.externaltools.gnu-tools-for-stm32.7-2018-q2-update.win32_1.0.0.201904181610/tools/bin/../lib/gcc/arm-none-eabi/7.3.1/thumb/v7e-m/fpv4-sp/hard\libgcc.a(_arm_muldivdf3.o)
                0x0000000008000608                __aeabi_dmul
                0x0000000008000608                __muldf3
                0x000000000800085c                __divdf3
                0x000000000800085c                __aeabi_ddiv
 .text          0x0000000008000a2c      0x110 d:/programs/stm32cubeide_1.3.0/stm32cubeide/plugins/com.st.stm32cube.ide.mcu.externaltools.gnu-tools-for-stm32.7-2018-q2-update.win32_1.0.0.201904181610/tools/bin/../lib/gcc/arm-none-eabi/7.3.1/thumb/v7e-m/fpv4-sp/hard\libgcc.a(_arm_cmpdf2.o)
                0x0000000008000a2c                __gtdf2
                0x0000000008000a2c                __gedf2
                0x0000000008000a34                __ltdf2
                0x0000000008000a34                __ledf2
                0x0000000008000a3c                __nedf2
                0x0000000008000a3c                __eqdf2
                0x0000000008000a3c                __cmpdf2
                0x0000000008000ab8                __aeabi_cdrcmple
                0x0000000008000ac8                __aeabi_cdcmpeq
                0x0000000008000ac8                __aeabi_cdcmple
                0x0000000008000ad8                __aeabi_dcmpeq
                0x0000000008000aec                __aeabi_dcmplt
                0x0000000008000b00                __aeabi_dcmple
                0x0000000008000b14                __aeabi_dcmpge
                0x0000000008000b28                __aeabi_dcmpgt
 .text          0x0000000008000b3c       0x50 d:/programs/stm32cubeide_1.3.0/stm32cubeide/plugins/com.st.stm32cube.ide.mcu.externaltools.gnu-tools-for-stm32.7-2018-q2-update.win32_1.0.0.201904181610/tools/bin/../lib/gcc/arm-none-eabi/7.3.1/thumb/v7e-m/fpv4-sp/hard\libgcc.a(_arm_fixdfsi.o)
                0x0000000008000b3c                __aeabi_d2iz
                0x0000000008000b3c                __fixdfsi
 .text          0x0000000008000b8c       0x30 d:/programs/stm32cubeide_1.3.0/stm32cubeide/plugins/com.st.stm32cube.ide.mcu.externaltools.gnu-tools-for-stm32.7-2018-q2-update.win32_1.0.0.201904181610/tools/bin/../lib/gcc/arm-none-eabi/7.3.1/thumb/v7e-m/fpv4-sp/hard\libgcc.a(_aeabi_uldivmod.o)
                0x0000000008000b8c                __aeabi_uldivmod
 .text          0x0000000008000bbc      0x2cc d:/programs/stm32cubeide_1.3.0/stm32cubeide/plugins/com.st.stm32cube.ide.mcu.externaltools.gnu-tools-for-stm32.7-2018-q2-update.win32_1.0.0.201904181610/tools/bin/../lib/gcc/arm-none-eabi/7.3.1/thumb/v7e-m/fpv4-sp/hard\libgcc.a(_udivmoddi4.o)
                0x0000000008000bbc                __udivmoddi4
 .text          0x0000000008000e88        0x4 d:/programs/stm32cubeide_1.3.0/stm32cubeide/plugins/com.st.stm32cube.ide.mcu.externaltools.gnu-tools-for-stm32.7-2018-q2-update.win32_1.0.0.201904181610/tools/bin/../lib/gcc/arm-none-eabi/7.3.1/thumb/v7e-m/fpv4-sp/hard\libgcc.a(_dvmd_tls.o)
                0x0000000008000e88                __aeabi_idiv0
                0x0000000008000e88                __aeabi_ldiv0
 *(.text*)
 .text.decodeJVC
                0x0000000008000e8c      0x1a8 Core/Src/IR_Ext_JVC.o
                0x0000000008000e8c                decodeJVC
 .text.decodeLG
                0x0000000008001034      0x140 Core/Src/IR_Ext_LG.o
                0x0000000008001034                decodeLG
 .text.decodeNEC
                0x0000000008001174      0x184 Core/Src/IR_Ext_NEC.o
                0x0000000008001174                decodeNEC
 .text.getRClevel
                0x00000000080012f8       0xe0 Core/Src/IR_Ext_RC56.o
                0x00000000080012f8                getRClevel
 .text.decodeRC5
                0x00000000080013d8      0x10c Core/Src/IR_Ext_RC56.o
                0x00000000080013d8                decodeRC5
 .text.decodeRC6
                0x00000000080014e4      0x17e Core/Src/IR_Ext_RC56.o
                0x00000000080014e4                decodeRC6
 .text.sendSAMSUNG
                0x0000000008001662       0x7c Core/Src/IR_Ext_Samsung.o
                0x0000000008001662                sendSAMSUNG
 *fill*         0x00000000080016de        0x2 
 .text.decodeSAMSUNG
                0x00000000080016e0      0x180 Core/Src/IR_Ext_Samsung.o
                0x00000000080016e0                decodeSAMSUNG
 .text.decodeSony
                0x0000000008001860      0x144 Core/Src/IR_Ext_Sony.o
                0x0000000008001860                decodeSony
 .text.HAL_TIM_PeriodElapsedCallback
                0x00000000080019a4      0x16c Core/Src/IR_Remote.o
                0x00000000080019a4                HAL_TIM_PeriodElapsedCallback
 .text.MATCH    0x0000000008001b10       0xa8 Core/Src/IR_Remote.o
                0x0000000008001b10                MATCH
 .text.MATCH_MARK
                0x0000000008001bb8       0x1c Core/Src/IR_Remote.o
                0x0000000008001bb8                MATCH_MARK
 .text.MATCH_SPACE
                0x0000000008001bd4       0x1c Core/Src/IR_Remote.o
                0x0000000008001bd4                MATCH_SPACE
 .text.my_decode
                0x0000000008001bf0       0xcc Core/Src/IR_Remote.o
                0x0000000008001bf0                my_decode
 .text.my_enableIRIn
                0x0000000008001cbc       0x9c Core/Src/IR_Remote.o
                0x0000000008001cbc                my_enableIRIn
 .text.my_resume
                0x0000000008001d58       0x20 Core/Src/IR_Remote.o
                0x0000000008001d58                my_resume
 .text.compare  0x0000000008001d78       0x80 Core/Src/IR_Remote.o
                0x0000000008001d78                compare
 .text.decodeHash
                0x0000000008001df8       0xa0 Core/Src/IR_Remote.o
                0x0000000008001df8                decodeHash
 .text.DWT_Init
                0x0000000008001e98       0x34 Core/Src/IR_Send.o
                0x0000000008001e98                DWT_Init
 .text.sendRaw  0x0000000008001ecc       0x8e Core/Src/IR_Send.o
                0x0000000008001ecc                sendRaw
 *fill*         0x0000000008001f5a        0x2 
 .text.mark     0x0000000008001f5c       0x28 Core/Src/IR_Send.o
                0x0000000008001f5c                mark
 .text.space    0x0000000008001f84       0x28 Core/Src/IR_Send.o
                0x0000000008001f84                space
 .text.enableIROut
                0x0000000008001fac       0xf8 Core/Src/IR_Send.o
                0x0000000008001fac                enableIROut
 .text.custom_delay_usec
                0x00000000080020a4       0x40 Core/Src/IR_Send.o
                0x00000000080020a4                custom_delay_usec
 .text.main     0x00000000080020e4      0x2dc Core/Src/main.o
                0x00000000080020e4                main
 .text.SystemClock_Config
                0x00000000080023c0       0xd0 Core/Src/main.o
                0x00000000080023c0                SystemClock_Config
 .text.MX_TIM4_Init
                0x0000000008002490       0xec Core/Src/main.o
 .text.MX_USART2_UART_Init
                0x000000000800257c       0x54 Core/Src/main.o
 .text.MX_GPIO_Init
                0x00000000080025d0       0xe0 Core/Src/main.o
 .text.Error_Handler
                0x00000000080026b0        0xe Core/Src/main.o
                0x00000000080026b0                Error_Handler
 *fill*         0x00000000080026be        0x2 
 .text.HAL_MspInit
                0x00000000080026c0       0x50 Core/Src/stm32f4xx_hal_msp.o
                0x00000000080026c0                HAL_MspInit
 .text.HAL_TIM_Base_MspInit
                0x0000000008002710       0x50 Core/Src/stm32f4xx_hal_msp.o
                0x0000000008002710                HAL_TIM_Base_MspInit
 .text.HAL_TIM_MspPostInit
                0x0000000008002760       0x74 Core/Src/stm32f4xx_hal_msp.o
                0x0000000008002760                HAL_TIM_MspPostInit
 .text.HAL_TIM_Base_MspDeInit
                0x00000000080027d4       0x34 Core/Src/stm32f4xx_hal_msp.o
                0x00000000080027d4                HAL_TIM_Base_MspDeInit
 .text.HAL_UART_MspInit
                0x0000000008002808       0x90 Core/Src/stm32f4xx_hal_msp.o
                0x0000000008002808                HAL_UART_MspInit
 .text.NMI_Handler
                0x0000000008002898        0xe Core/Src/stm32f4xx_it.o
                0x0000000008002898                NMI_Handler
 .text.HardFault_Handler
                0x00000000080028a6        0x6 Core/Src/stm32f4xx_it.o
                0x00000000080028a6                HardFault_Handler
 .text.MemManage_Handler
                0x00000000080028ac        0x6 Core/Src/stm32f4xx_it.o
                0x00000000080028ac                MemManage_Handler
 .text.BusFault_Handler
                0x00000000080028b2        0x6 Core/Src/stm32f4xx_it.o
                0x00000000080028b2                BusFault_Handler
 .text.UsageFault_Handler
                0x00000000080028b8        0x6 Core/Src/stm32f4xx_it.o
                0x00000000080028b8                UsageFault_Handler
 .text.SVC_Handler
                0x00000000080028be        0xe Core/Src/stm32f4xx_it.o
                0x00000000080028be                SVC_Handler
 .text.DebugMon_Handler
                0x00000000080028cc        0xe Core/Src/stm32f4xx_it.o
                0x00000000080028cc                DebugMon_Handler
 .text.PendSV_Handler
                0x00000000080028da        0xe Core/Src/stm32f4xx_it.o
                0x00000000080028da                PendSV_Handler
 .text.SysTick_Handler
                0x00000000080028e8        0xc Core/Src/stm32f4xx_it.o
                0x00000000080028e8                SysTick_Handler
 .text.TIM4_IRQHandler
                0x00000000080028f4       0x14 Core/Src/stm32f4xx_it.o
                0x00000000080028f4                TIM4_IRQHandler
 .text._sbrk    0x0000000008002908       0x58 Core/Src/sysmem.o
                0x0000000008002908                _sbrk
 .text.SystemInit
                0x0000000008002960       0x2c Core/Src/system_stm32f4xx.o
                0x0000000008002960                SystemInit
 .text.Reset_Handler
                0x000000000800298c       0x50 Core/Startup/startup_stm32f411retx.o
                0x000000000800298c                Reset_Handler
 .text.Default_Handler
                0x00000000080029dc        0x2 Core/Startup/startup_stm32f411retx.o
                0x00000000080029dc                RTC_Alarm_IRQHandler
                0x00000000080029dc                EXTI2_IRQHandler
                0x00000000080029dc                SPI4_IRQHandler
                0x00000000080029dc                TIM1_CC_IRQHandler
                0x00000000080029dc                DMA2_Stream5_IRQHandler
                0x00000000080029dc                DMA1_Stream5_IRQHandler
                0x00000000080029dc                PVD_IRQHandler
                0x00000000080029dc                SDIO_IRQHandler
                0x00000000080029dc                TAMP_STAMP_IRQHandler
                0x00000000080029dc                EXTI3_IRQHandler
                0x00000000080029dc                TIM1_UP_TIM10_IRQHandler
                0x00000000080029dc                I2C3_ER_IRQHandler
                0x00000000080029dc                EXTI0_IRQHandler
                0x00000000080029dc                I2C2_EV_IRQHandler
                0x00000000080029dc                DMA1_Stream2_IRQHandler
                0x00000000080029dc                FPU_IRQHandler
                0x00000000080029dc                DMA2_Stream2_IRQHandler
                0x00000000080029dc                SPI1_IRQHandler
                0x00000000080029dc                TIM1_BRK_TIM9_IRQHandler
                0x00000000080029dc                DMA2_Stream3_IRQHandler
                0x00000000080029dc                USART6_IRQHandler
                0x00000000080029dc                DMA2_Stream0_IRQHandler
                0x00000000080029dc                I2C1_EV_IRQHandler
                0x00000000080029dc                DMA1_Stream6_IRQHandler
                0x00000000080029dc                DMA1_Stream1_IRQHandler
                0x00000000080029dc                TIM3_IRQHandler
                0x00000000080029dc                RCC_IRQHandler
                0x00000000080029dc                Default_Handler
                0x00000000080029dc                EXTI15_10_IRQHandler
                0x00000000080029dc                ADC_IRQHandler
                0x00000000080029dc                DMA1_Stream7_IRQHandler
                0x00000000080029dc                SPI5_IRQHandler
                0x00000000080029dc                TIM5_IRQHandler
                0x00000000080029dc                DMA2_Stream7_IRQHandler
                0x00000000080029dc                I2C3_EV_IRQHandler
                0x00000000080029dc                EXTI9_5_IRQHandler
                0x00000000080029dc                RTC_WKUP_IRQHandler
                0x00000000080029dc                SPI2_IRQHandler
                0x00000000080029dc                DMA1_Stream0_IRQHandler
                0x00000000080029dc                EXTI4_IRQHandler
                0x00000000080029dc                WWDG_IRQHandler
                0x00000000080029dc                TIM2_IRQHandler
                0x00000000080029dc                OTG_FS_WKUP_IRQHandler
                0x00000000080029dc                TIM1_TRG_COM_TIM11_IRQHandler
                0x00000000080029dc                EXTI1_IRQHandler
                0x00000000080029dc                USART2_IRQHandler
                0x00000000080029dc                I2C2_ER_IRQHandler
                0x00000000080029dc                DMA2_Stream1_IRQHandler
                0x00000000080029dc                FLASH_IRQHandler
                0x00000000080029dc                DMA2_Stream4_IRQHandler
                0x00000000080029dc                USART1_IRQHandler
                0x00000000080029dc                OTG_FS_IRQHandler
                0x00000000080029dc                SPI3_IRQHandler
                0x00000000080029dc                DMA1_Stream4_IRQHandler
                0x00000000080029dc                I2C1_ER_IRQHandler
                0x00000000080029dc                DMA2_Stream6_IRQHandler
                0x00000000080029dc                DMA1_Stream3_IRQHandler
 *fill*         0x00000000080029de        0x2 
 .text.HAL_Init
                0x00000000080029e0       0x44 Drivers/STM32F4xx_HAL_Driver/Src/stm32f4xx_hal.o
                0x00000000080029e0                HAL_Init
 .text.HAL_InitTick
                0x0000000008002a24       0x60 Drivers/STM32F4xx_HAL_Driver/Src/stm32f4xx_hal.o
                0x0000000008002a24                HAL_InitTick
 .text.HAL_IncTick
                0x0000000008002a84       0x28 Drivers/STM32F4xx_HAL_Driver/Src/stm32f4xx_hal.o
                0x0000000008002a84                HAL_IncTick
 .text.HAL_GetTick
                0x0000000008002aac       0x18 Drivers/STM32F4xx_HAL_Driver/Src/stm32f4xx_hal.o
                0x0000000008002aac                HAL_GetTick
 .text.HAL_Delay
                0x0000000008002ac4       0x44 Drivers/STM32F4xx_HAL_Driver/Src/stm32f4xx_hal.o
                0x0000000008002ac4                HAL_Delay
 .text.__NVIC_SetPriorityGrouping
                0x0000000008002b08       0x48 Drivers/STM32F4xx_HAL_Driver/Src/stm32f4xx_hal_cortex.o
 .text.__NVIC_GetPriorityGrouping
                0x0000000008002b50       0x1c Drivers/STM32F4xx_HAL_Driver/Src/stm32f4xx_hal_cortex.o
 .text.__NVIC_EnableIRQ
                0x0000000008002b6c       0x3c Drivers/STM32F4xx_HAL_Driver/Src/stm32f4xx_hal_cortex.o
 .text.__NVIC_DisableIRQ
                0x0000000008002ba8       0x44 Drivers/STM32F4xx_HAL_Driver/Src/stm32f4xx_hal_cortex.o
 .text.__NVIC_SetPriority
                0x0000000008002bec       0x54 Drivers/STM32F4xx_HAL_Driver/Src/stm32f4xx_hal_cortex.o
 .text.NVIC_EncodePriority
                0x0000000008002c40       0x66 Drivers/STM32F4xx_HAL_Driver/Src/stm32f4xx_hal_cortex.o
 *fill*         0x0000000008002ca6        0x2 
 .text.SysTick_Config
                0x0000000008002ca8       0x44 Drivers/STM32F4xx_HAL_Driver/Src/stm32f4xx_hal_cortex.o
 .text.HAL_NVIC_SetPriorityGrouping
                0x0000000008002cec       0x16 Drivers/STM32F4xx_HAL_Driver/Src/stm32f4xx_hal_cortex.o
                0x0000000008002cec                HAL_NVIC_SetPriorityGrouping
 .text.HAL_NVIC_SetPriority
                0x0000000008002d02       0x38 Drivers/STM32F4xx_HAL_Driver/Src/stm32f4xx_hal_cortex.o
                0x0000000008002d02                HAL_NVIC_SetPriority
 .text.HAL_NVIC_EnableIRQ
                0x0000000008002d3a       0x1c Drivers/STM32F4xx_HAL_Driver/Src/stm32f4xx_hal_cortex.o
                0x0000000008002d3a                HAL_NVIC_EnableIRQ
 .text.HAL_NVIC_DisableIRQ
                0x0000000008002d56       0x1c Drivers/STM32F4xx_HAL_Driver/Src/stm32f4xx_hal_cortex.o
                0x0000000008002d56                HAL_NVIC_DisableIRQ
 .text.HAL_SYSTICK_Config
                0x0000000008002d72       0x18 Drivers/STM32F4xx_HAL_Driver/Src/stm32f4xx_hal_cortex.o
                0x0000000008002d72                HAL_SYSTICK_Config
 *fill*         0x0000000008002d8a        0x2 
 .text.HAL_GPIO_Init
                0x0000000008002d8c      0x304 Drivers/STM32F4xx_HAL_Driver/Src/stm32f4xx_hal_gpio.o
                0x0000000008002d8c                HAL_GPIO_Init
 .text.HAL_GPIO_ReadPin
                0x0000000008003090       0x30 Drivers/STM32F4xx_HAL_Driver/Src/stm32f4xx_hal_gpio.o
                0x0000000008003090                HAL_GPIO_ReadPin
 .text.HAL_GPIO_WritePin
                0x00000000080030c0       0x32 Drivers/STM32F4xx_HAL_Driver/Src/stm32f4xx_hal_gpio.o
                0x00000000080030c0                HAL_GPIO_WritePin
 .text.HAL_GPIO_TogglePin
                0x00000000080030f2       0x36 Drivers/STM32F4xx_HAL_Driver/Src/stm32f4xx_hal_gpio.o
                0x00000000080030f2                HAL_GPIO_TogglePin
 .text.HAL_RCC_OscConfig
                0x0000000008003128      0x4e0 Drivers/STM32F4xx_HAL_Driver/Src/stm32f4xx_hal_rcc.o
                0x0000000008003128                HAL_RCC_OscConfig
 .text.HAL_RCC_ClockConfig
                0x0000000008003608      0x1cc Drivers/STM32F4xx_HAL_Driver/Src/stm32f4xx_hal_rcc.o
                0x0000000008003608                HAL_RCC_ClockConfig
 .text.HAL_RCC_GetSysClockFreq
                0x00000000080037d4      0x1b0 Drivers/STM32F4xx_HAL_Driver/Src/stm32f4xx_hal_rcc.o
                0x00000000080037d4                HAL_RCC_GetSysClockFreq
 .text.HAL_RCC_GetHCLKFreq
                0x0000000008003984       0x18 Drivers/STM32F4xx_HAL_Driver/Src/stm32f4xx_hal_rcc.o
                0x0000000008003984                HAL_RCC_GetHCLKFreq
 .text.HAL_RCC_GetPCLK1Freq
                0x000000000800399c       0x28 Drivers/STM32F4xx_HAL_Driver/Src/stm32f4xx_hal_rcc.o
                0x000000000800399c                HAL_RCC_GetPCLK1Freq
 .text.HAL_RCC_GetPCLK2Freq
                0x00000000080039c4       0x28 Drivers/STM32F4xx_HAL_Driver/Src/stm32f4xx_hal_rcc.o
                0x00000000080039c4                HAL_RCC_GetPCLK2Freq
 .text.HAL_TIM_Base_Init
                0x00000000080039ec       0x56 Drivers/STM32F4xx_HAL_Driver/Src/stm32f4xx_hal_tim.o
                0x00000000080039ec                HAL_TIM_Base_Init
 .text.HAL_TIM_Base_DeInit
                0x0000000008003a42       0x60 Drivers/STM32F4xx_HAL_Driver/Src/stm32f4xx_hal_tim.o
                0x0000000008003a42                HAL_TIM_Base_DeInit
 .text.HAL_TIM_Base_Start_IT
                0x0000000008003aa2       0x48 Drivers/STM32F4xx_HAL_Driver/Src/stm32f4xx_hal_tim.o
                0x0000000008003aa2                HAL_TIM_Base_Start_IT
 .text.HAL_TIM_PWM_Init
                0x0000000008003aea       0x56 Drivers/STM32F4xx_HAL_Driver/Src/stm32f4xx_hal_tim.o
                0x0000000008003aea                HAL_TIM_PWM_Init
 .text.HAL_TIM_PWM_MspInit
                0x0000000008003b40       0x14 Drivers/STM32F4xx_HAL_Driver/Src/stm32f4xx_hal_tim.o
                0x0000000008003b40                HAL_TIM_PWM_MspInit
 .text.HAL_TIM_PWM_Start
                0x0000000008003b54       0x64 Drivers/STM32F4xx_HAL_Driver/Src/stm32f4xx_hal_tim.o
                0x0000000008003b54                HAL_TIM_PWM_Start
 .text.HAL_TIM_PWM_Stop
                0x0000000008003bb8       0x98 Drivers/STM32F4xx_HAL_Driver/Src/stm32f4xx_hal_tim.o
                0x0000000008003bb8                HAL_TIM_PWM_Stop
 .text.HAL_TIM_IRQHandler
                0x0000000008003c50      0x210 Drivers/STM32F4xx_HAL_Driver/Src/stm32f4xx_hal_tim.o
                0x0000000008003c50                HAL_TIM_IRQHandler
 .text.HAL_TIM_PWM_ConfigChannel
                0x0000000008003e60      0x18c Drivers/STM32F4xx_HAL_Driver/Src/stm32f4xx_hal_tim.o
                0x0000000008003e60                HAL_TIM_PWM_ConfigChannel
 .text.HAL_TIM_ConfigClockSource
                0x0000000008003fec      0x16e Drivers/STM32F4xx_HAL_Driver/Src/stm32f4xx_hal_tim.o
                0x0000000008003fec                HAL_TIM_ConfigClockSource
 .text.HAL_TIM_OC_DelayElapsedCallback
                0x000000000800415a       0x14 Drivers/STM32F4xx_HAL_Driver/Src/stm32f4xx_hal_tim.o
                0x000000000800415a                HAL_TIM_OC_DelayElapsedCallback
 .text.HAL_TIM_IC_CaptureCallback
                0x000000000800416e       0x14 Drivers/STM32F4xx_HAL_Driver/Src/stm32f4xx_hal_tim.o
                0x000000000800416e                HAL_TIM_IC_CaptureCallback
 .text.HAL_TIM_PWM_PulseFinishedCallback
                0x0000000008004182       0x14 Drivers/STM32F4xx_HAL_Driver/Src/stm32f4xx_hal_tim.o
                0x0000000008004182                HAL_TIM_PWM_PulseFinishedCallback
 .text.HAL_TIM_TriggerCallback
                0x0000000008004196       0x14 Drivers/STM32F4xx_HAL_Driver/Src/stm32f4xx_hal_tim.o
                0x0000000008004196                HAL_TIM_TriggerCallback
 .text.HAL_TIM_PWM_GetState
                0x00000000080041aa       0x1c Drivers/STM32F4xx_HAL_Driver/Src/stm32f4xx_hal_tim.o
                0x00000000080041aa                HAL_TIM_PWM_GetState
 *fill*         0x00000000080041c6        0x2 
 .text.TIM_Base_SetConfig
                0x00000000080041c8      0x100 Drivers/STM32F4xx_HAL_Driver/Src/stm32f4xx_hal_tim.o
                0x00000000080041c8                TIM_Base_SetConfig
 .text.TIM_OC1_SetConfig
                0x00000000080042c8       0xcc Drivers/STM32F4xx_HAL_Driver/Src/stm32f4xx_hal_tim.o
 .text.TIM_OC2_SetConfig
                0x0000000008004394       0xd8 Drivers/STM32F4xx_HAL_Driver/Src/stm32f4xx_hal_tim.o
                0x0000000008004394                TIM_OC2_SetConfig
 .text.TIM_OC3_SetConfig
                0x000000000800446c       0xd4 Drivers/STM32F4xx_HAL_Driver/Src/stm32f4xx_hal_tim.o
 .text.TIM_OC4_SetConfig
                0x0000000008004540       0xa0 Drivers/STM32F4xx_HAL_Driver/Src/stm32f4xx_hal_tim.o
 .text.TIM_TI1_ConfigInputStage
                0x00000000080045e0       0x5e Drivers/STM32F4xx_HAL_Driver/Src/stm32f4xx_hal_tim.o
 .text.TIM_TI2_ConfigInputStage
                0x000000000800463e       0x60 Drivers/STM32F4xx_HAL_Driver/Src/stm32f4xx_hal_tim.o
 .text.TIM_ITRx_SetConfig
                0x000000000800469e       0x36 Drivers/STM32F4xx_HAL_Driver/Src/stm32f4xx_hal_tim.o
 .text.TIM_ETR_SetConfig
                0x00000000080046d4       0x40 Drivers/STM32F4xx_HAL_Driver/Src/stm32f4xx_hal_tim.o
                0x00000000080046d4                TIM_ETR_SetConfig
 .text.TIM_CCxChannelCmd
                0x0000000008004714       0x4a Drivers/STM32F4xx_HAL_Driver/Src/stm32f4xx_hal_tim.o
                0x0000000008004714                TIM_CCxChannelCmd
 *fill*         0x000000000800475e        0x2 
 .text.HAL_TIMEx_MasterConfigSynchronization
                0x0000000008004760       0xdc Drivers/STM32F4xx_HAL_Driver/Src/stm32f4xx_hal_tim_ex.o
                0x0000000008004760                HAL_TIMEx_MasterConfigSynchronization
 .text.HAL_TIMEx_CommutCallback
                0x000000000800483c       0x14 Drivers/STM32F4xx_HAL_Driver/Src/stm32f4xx_hal_tim_ex.o
                0x000000000800483c                HAL_TIMEx_CommutCallback
 .text.HAL_TIMEx_BreakCallback
                0x0000000008004850       0x14 Drivers/STM32F4xx_HAL_Driver/Src/stm32f4xx_hal_tim_ex.o
                0x0000000008004850                HAL_TIMEx_BreakCallback
 .text.HAL_UART_Init
                0x0000000008004864       0x9a Drivers/STM32F4xx_HAL_Driver/Src/stm32f4xx_hal_uart.o
                0x0000000008004864                HAL_UART_Init
 .text.HAL_UART_Transmit
                0x00000000080048fe      0x132 Drivers/STM32F4xx_HAL_Driver/Src/stm32f4xx_hal_uart.o
                0x00000000080048fe                HAL_UART_Transmit
 .text.UART_WaitOnFlagUntilTimeout
                0x0000000008004a30       0x94 Drivers/STM32F4xx_HAL_Driver/Src/stm32f4xx_hal_uart.o
 .text.UART_SetConfig
                0x0000000008004ac4      0x6f8 Drivers/STM32F4xx_HAL_Driver/Src/stm32f4xx_hal_uart.o
 .text.calloc   0x00000000080051bc       0x10 d:/programs/stm32cubeide_1.3.0/stm32cubeide/plugins/com.st.stm32cube.ide.mcu.externaltools.gnu-tools-for-stm32.7-2018-q2-update.win32_1.0.0.201904181610/tools/bin/../lib/gcc/arm-none-eabi/7.3.1/../../../../arm-none-eabi/lib/thumb/v7e-m/fpv4-sp/hard\libc_nano.a(lib_a-calloc.o)
                0x00000000080051bc                calloc
 .text.__errno  0x00000000080051cc        0xc d:/programs/stm32cubeide_1.3.0/stm32cubeide/plugins/com.st.stm32cube.ide.mcu.externaltools.gnu-tools-for-stm32.7-2018-q2-update.win32_1.0.0.201904181610/tools/bin/../lib/gcc/arm-none-eabi/7.3.1/../../../../arm-none-eabi/lib/thumb/v7e-m/fpv4-sp/hard\libc_nano.a(lib_a-errno.o)
                0x00000000080051cc                __errno
 .text.__libc_init_array
                0x00000000080051d8       0x48 d:/programs/stm32cubeide_1.3.0/stm32cubeide/plugins/com.st.stm32cube.ide.mcu.externaltools.gnu-tools-for-stm32.7-2018-q2-update.win32_1.0.0.201904181610/tools/bin/../lib/gcc/arm-none-eabi/7.3.1/../../../../arm-none-eabi/lib/thumb/v7e-m/fpv4-sp/hard\libc_nano.a(lib_a-init.o)
                0x00000000080051d8                __libc_init_array
 .text.free     0x0000000008005220       0x10 d:/programs/stm32cubeide_1.3.0/stm32cubeide/plugins/com.st.stm32cube.ide.mcu.externaltools.gnu-tools-for-stm32.7-2018-q2-update.win32_1.0.0.201904181610/tools/bin/../lib/gcc/arm-none-eabi/7.3.1/../../../../arm-none-eabi/lib/thumb/v7e-m/fpv4-sp/hard\libc_nano.a(lib_a-malloc.o)
                0x0000000008005220                free
 .text.memcpy   0x0000000008005230       0x16 d:/programs/stm32cubeide_1.3.0/stm32cubeide/plugins/com.st.stm32cube.ide.mcu.externaltools.gnu-tools-for-stm32.7-2018-q2-update.win32_1.0.0.201904181610/tools/bin/../lib/gcc/arm-none-eabi/7.3.1/../../../../arm-none-eabi/lib/thumb/v7e-m/fpv4-sp/hard\libc_nano.a(lib_a-memcpy-stub.o)
                0x0000000008005230                memcpy
 .text.memset   0x0000000008005246       0x10 d:/programs/stm32cubeide_1.3.0/stm32cubeide/plugins/com.st.stm32cube.ide.mcu.externaltools.gnu-tools-for-stm32.7-2018-q2-update.win32_1.0.0.201904181610/tools/bin/../lib/gcc/arm-none-eabi/7.3.1/../../../../arm-none-eabi/lib/thumb/v7e-m/fpv4-sp/hard\libc_nano.a(lib_a-memset.o)
                0x0000000008005246                memset
 .text._calloc_r
                0x0000000008005256       0x1c d:/programs/stm32cubeide_1.3.0/stm32cubeide/plugins/com.st.stm32cube.ide.mcu.externaltools.gnu-tools-for-stm32.7-2018-q2-update.win32_1.0.0.201904181610/tools/bin/../lib/gcc/arm-none-eabi/7.3.1/../../../../arm-none-eabi/lib/thumb/v7e-m/fpv4-sp/hard\libc_nano.a(lib_a-nano-callocr.o)
                0x0000000008005256                _calloc_r
 *fill*         0x0000000008005272        0x2 
 .text._free_r  0x0000000008005274       0x9c d:/programs/stm32cubeide_1.3.0/stm32cubeide/plugins/com.st.stm32cube.ide.mcu.externaltools.gnu-tools-for-stm32.7-2018-q2-update.win32_1.0.0.201904181610/tools/bin/../lib/gcc/arm-none-eabi/7.3.1/../../../../arm-none-eabi/lib/thumb/v7e-m/fpv4-sp/hard\libc_nano.a(lib_a-nano-freer.o)
                0x0000000008005274                _free_r
 .text._malloc_r
                0x0000000008005310       0xb4 d:/programs/stm32cubeide_1.3.0/stm32cubeide/plugins/com.st.stm32cube.ide.mcu.externaltools.gnu-tools-for-stm32.7-2018-q2-update.win32_1.0.0.201904181610/tools/bin/../lib/gcc/arm-none-eabi/7.3.1/../../../../arm-none-eabi/lib/thumb/v7e-m/fpv4-sp/hard\libc_nano.a(lib_a-nano-mallocr.o)
                0x0000000008005310                _malloc_r
 .text._sbrk_r  0x00000000080053c4       0x20 d:/programs/stm32cubeide_1.3.0/stm32cubeide/plugins/com.st.stm32cube.ide.mcu.externaltools.gnu-tools-for-stm32.7-2018-q2-update.win32_1.0.0.201904181610/tools/bin/../lib/gcc/arm-none-eabi/7.3.1/../../../../arm-none-eabi/lib/thumb/v7e-m/fpv4-sp/hard\libc_nano.a(lib_a-sbrkr.o)
                0x00000000080053c4                _sbrk_r
 .text.sprintf  0x00000000080053e4       0x40 d:/programs/stm32cubeide_1.3.0/stm32cubeide/plugins/com.st.stm32cube.ide.mcu.externaltools.gnu-tools-for-stm32.7-2018-q2-update.win32_1.0.0.201904181610/tools/bin/../lib/gcc/arm-none-eabi/7.3.1/../../../../arm-none-eabi/lib/thumb/v7e-m/fpv4-sp/hard\libc_nano.a(lib_a-sprintf.o)
                0x00000000080053e4                siprintf
                0x00000000080053e4                sprintf
 .text.__malloc_lock
                0x0000000008005424        0x2 d:/programs/stm32cubeide_1.3.0/stm32cubeide/plugins/com.st.stm32cube.ide.mcu.externaltools.gnu-tools-for-stm32.7-2018-q2-update.win32_1.0.0.201904181610/tools/bin/../lib/gcc/arm-none-eabi/7.3.1/../../../../arm-none-eabi/lib/thumb/v7e-m/fpv4-sp/hard\libc_nano.a(lib_a-mlock.o)
                0x0000000008005424                __malloc_lock
 .text.__malloc_unlock
                0x0000000008005426        0x2 d:/programs/stm32cubeide_1.3.0/stm32cubeide/plugins/com.st.stm32cube.ide.mcu.externaltools.gnu-tools-for-stm32.7-2018-q2-update.win32_1.0.0.201904181610/tools/bin/../lib/gcc/arm-none-eabi/7.3.1/../../../../arm-none-eabi/lib/thumb/v7e-m/fpv4-sp/hard\libc_nano.a(lib_a-mlock.o)
                0x0000000008005426                __malloc_unlock
 .text.__ssputs_r
                0x0000000008005428       0xb4 d:/programs/stm32cubeide_1.3.0/stm32cubeide/plugins/com.st.stm32cube.ide.mcu.externaltools.gnu-tools-for-stm32.7-2018-q2-update.win32_1.0.0.201904181610/tools/bin/../lib/gcc/arm-none-eabi/7.3.1/../../../../arm-none-eabi/lib/thumb/v7e-m/fpv4-sp/hard\libc_nano.a(lib_a-nano-svfprintf.o)
                0x0000000008005428                __ssputs_r
 .text._svfprintf_r
                0x00000000080054dc      0x1f0 d:/programs/stm32cubeide_1.3.0/stm32cubeide/plugins/com.st.stm32cube.ide.mcu.externaltools.gnu-tools-for-stm32.7-2018-q2-update.win32_1.0.0.201904181610/tools/bin/../lib/gcc/arm-none-eabi/7.3.1/../../../../arm-none-eabi/lib/thumb/v7e-m/fpv4-sp/hard\libc_nano.a(lib_a-nano-svfprintf.o)
                0x00000000080054dc                _svfiprintf_r
                0x00000000080054dc                _svfprintf_r
 .text._printf_common
                0x00000000080056cc       0xea d:/programs/stm32cubeide_1.3.0/stm32cubeide/plugins/com.st.stm32cube.ide.mcu.externaltools.gnu-tools-for-stm32.7-2018-q2-update.win32_1.0.0.201904181610/tools/bin/../lib/gcc/arm-none-eabi/7.3.1/../../../../arm-none-eabi/lib/thumb/v7e-m/fpv4-sp/hard\libc_nano.a(lib_a-nano-vfprintf_i.o)
                0x00000000080056cc                _printf_common
 *fill*         0x00000000080057b6        0x2 
 .text._printf_i
                0x00000000080057b8      0x224 d:/programs/stm32cubeide_1.3.0/stm32cubeide/plugins/com.st.stm32cube.ide.mcu.externaltools.gnu-tools-for-stm32.7-2018-q2-update.win32_1.0.0.201904181610/tools/bin/../lib/gcc/arm-none-eabi/7.3.1/../../../../arm-none-eabi/lib/thumb/v7e-m/fpv4-sp/hard\libc_nano.a(lib_a-nano-vfprintf_i.o)
                0x00000000080057b8                _printf_i
 .text.memmove  0x00000000080059dc       0x32 d:/programs/stm32cubeide_1.3.0/stm32cubeide/plugins/com.st.stm32cube.ide.mcu.externaltools.gnu-tools-for-stm32.7-2018-q2-update.win32_1.0.0.201904181610/tools/bin/../lib/gcc/arm-none-eabi/7.3.1/../../../../arm-none-eabi/lib/thumb/v7e-m/fpv4-sp/hard\libc_nano.a(lib_a-memmove.o)
                0x00000000080059dc                memmove
 .text._realloc_r
                0x0000000008005a0e       0x4c d:/programs/stm32cubeide_1.3.0/stm32cubeide/plugins/com.st.stm32cube.ide.mcu.externaltools.gnu-tools-for-stm32.7-2018-q2-update.win32_1.0.0.201904181610/tools/bin/../lib/gcc/arm-none-eabi/7.3.1/../../../../arm-none-eabi/lib/thumb/v7e-m/fpv4-sp/hard\libc_nano.a(lib_a-nano-reallocr.o)
                0x0000000008005a0e                _realloc_r
 .text._malloc_usable_size_r
                0x0000000008005a5a       0x10 d:/programs/stm32cubeide_1.3.0/stm32cubeide/plugins/com.st.stm32cube.ide.mcu.externaltools.gnu-tools-for-stm32.7-2018-q2-update.win32_1.0.0.201904181610/tools/bin/../lib/gcc/arm-none-eabi/7.3.1/../../../../arm-none-eabi/lib/thumb/v7e-m/fpv4-sp/hard\libc_nano.a(lib_a-nano-msizer.o)
                0x0000000008005a5a                _malloc_usable_size_r
 *(.glue_7)
 .glue_7        0x0000000008005a6a        0x0 linker stubs
 *(.glue_7t)
 .glue_7t       0x0000000008005a6a        0x0 linker stubs
 *(.eh_frame)
 *fill*         0x0000000008005a6a        0x2 
 .eh_frame      0x0000000008005a6c        0x0 d:/programs/stm32cubeide_1.3.0/stm32cubeide/plugins/com.st.stm32cube.ide.mcu.externaltools.gnu-tools-for-stm32.7-2018-q2-update.win32_1.0.0.201904181610/tools/bin/../lib/gcc/arm-none-eabi/7.3.1/thumb/v7e-m/fpv4-sp/hard/crtbegin.o
 *(.init)
 .init          0x0000000008005a6c        0x4 d:/programs/stm32cubeide_1.3.0/stm32cubeide/plugins/com.st.stm32cube.ide.mcu.externaltools.gnu-tools-for-stm32.7-2018-q2-update.win32_1.0.0.201904181610/tools/bin/../lib/gcc/arm-none-eabi/7.3.1/thumb/v7e-m/fpv4-sp/hard/crti.o
                0x0000000008005a6c                _init
 .init          0x0000000008005a70        0x8 d:/programs/stm32cubeide_1.3.0/stm32cubeide/plugins/com.st.stm32cube.ide.mcu.externaltools.gnu-tools-for-stm32.7-2018-q2-update.win32_1.0.0.201904181610/tools/bin/../lib/gcc/arm-none-eabi/7.3.1/thumb/v7e-m/fpv4-sp/hard/crtn.o
 *(.fini)
 .fini          0x0000000008005a78        0x4 d:/programs/stm32cubeide_1.3.0/stm32cubeide/plugins/com.st.stm32cube.ide.mcu.externaltools.gnu-tools-for-stm32.7-2018-q2-update.win32_1.0.0.201904181610/tools/bin/../lib/gcc/arm-none-eabi/7.3.1/thumb/v7e-m/fpv4-sp/hard/crti.o
                0x0000000008005a78                _fini
 .fini          0x0000000008005a7c        0x8 d:/programs/stm32cubeide_1.3.0/stm32cubeide/plugins/com.st.stm32cube.ide.mcu.externaltools.gnu-tools-for-stm32.7-2018-q2-update.win32_1.0.0.201904181610/tools/bin/../lib/gcc/arm-none-eabi/7.3.1/thumb/v7e-m/fpv4-sp/hard/crtn.o
                0x0000000008005a84                . = ALIGN (0x4)
                0x0000000008005a84                _etext = .

.vfp11_veneer   0x0000000008005a84        0x0
 .vfp11_veneer  0x0000000008005a84        0x0 linker stubs

.v4_bx          0x0000000008005a84        0x0
 .v4_bx         0x0000000008005a84        0x0 linker stubs

.iplt           0x0000000008005a84        0x0
 .iplt          0x0000000008005a84        0x0 d:/programs/stm32cubeide_1.3.0/stm32cubeide/plugins/com.st.stm32cube.ide.mcu.externaltools.gnu-tools-for-stm32.7-2018-q2-update.win32_1.0.0.201904181610/tools/bin/../lib/gcc/arm-none-eabi/7.3.1/thumb/v7e-m/fpv4-sp/hard/crtbegin.o

.rodata         0x0000000008005a84      0x124
                0x0000000008005a84                . = ALIGN (0x4)
 *(.rodata)
 .rodata        0x0000000008005a84       0xd7 Core/Src/main.o
 *(.rodata*)
 *fill*         0x0000000008005b5b        0x1 
 .rodata.AHBPrescTable
                0x0000000008005b5c       0x10 Core/Src/system_stm32f4xx.o
                0x0000000008005b5c                AHBPrescTable
 .rodata.APBPrescTable
                0x0000000008005b6c        0x8 Core/Src/system_stm32f4xx.o
                0x0000000008005b6c                APBPrescTable
 .rodata._svfprintf_r.str1.1
                0x0000000008005b74       0x11 d:/programs/stm32cubeide_1.3.0/stm32cubeide/plugins/com.st.stm32cube.ide.mcu.externaltools.gnu-tools-for-stm32.7-2018-q2-update.win32_1.0.0.201904181610/tools/bin/../lib/gcc/arm-none-eabi/7.3.1/../../../../arm-none-eabi/lib/thumb/v7e-m/fpv4-sp/hard\libc_nano.a(lib_a-nano-svfprintf.o)
 .rodata._printf_i.str1.1
                0x0000000008005b85       0x22 d:/programs/stm32cubeide_1.3.0/stm32cubeide/plugins/com.st.stm32cube.ide.mcu.externaltools.gnu-tools-for-stm32.7-2018-q2-update.win32_1.0.0.201904181610/tools/bin/../lib/gcc/arm-none-eabi/7.3.1/../../../../arm-none-eabi/lib/thumb/v7e-m/fpv4-sp/hard\libc_nano.a(lib_a-nano-vfprintf_i.o)
                0x0000000008005ba8                . = ALIGN (0x4)
 *fill*         0x0000000008005ba7        0x1 

.ARM.extab      0x0000000008005ba8        0x0
                0x0000000008005ba8                . = ALIGN (0x4)
 *(.ARM.extab* .gnu.linkonce.armextab.*)
                0x0000000008005ba8                . = ALIGN (0x4)

.ARM            0x0000000008005ba8        0x8
                0x0000000008005ba8                . = ALIGN (0x4)
                0x0000000008005ba8                __exidx_start = .
 *(.ARM.exidx*)
 .ARM.exidx     0x0000000008005ba8        0x8 d:/programs/stm32cubeide_1.3.0/stm32cubeide/plugins/com.st.stm32cube.ide.mcu.externaltools.gnu-tools-for-stm32.7-2018-q2-update.win32_1.0.0.201904181610/tools/bin/../lib/gcc/arm-none-eabi/7.3.1/thumb/v7e-m/fpv4-sp/hard\libgcc.a(_udivmoddi4.o)
                0x0000000008005bb0                __exidx_end = .
                0x0000000008005bb0                . = ALIGN (0x4)

.rel.dyn        0x0000000008005bb0        0x0
 .rel.iplt      0x0000000008005bb0        0x0 d:/programs/stm32cubeide_1.3.0/stm32cubeide/plugins/com.st.stm32cube.ide.mcu.externaltools.gnu-tools-for-stm32.7-2018-q2-update.win32_1.0.0.201904181610/tools/bin/../lib/gcc/arm-none-eabi/7.3.1/thumb/v7e-m/fpv4-sp/hard/crtbegin.o

.preinit_array  0x0000000008005bb0        0x0
                0x0000000008005bb0                . = ALIGN (0x4)
                0x0000000008005bb0                PROVIDE (__preinit_array_start = .)
 *(.preinit_array*)
                0x0000000008005bb0                PROVIDE (__preinit_array_end = .)
                0x0000000008005bb0                . = ALIGN (0x4)

.init_array     0x0000000008005bb0        0x4
                0x0000000008005bb0                . = ALIGN (0x4)
                0x0000000008005bb0                PROVIDE (__init_array_start = .)
 *(SORT_BY_NAME(.init_array.*))
 *(.init_array*)
 .init_array    0x0000000008005bb0        0x4 d:/programs/stm32cubeide_1.3.0/stm32cubeide/plugins/com.st.stm32cube.ide.mcu.externaltools.gnu-tools-for-stm32.7-2018-q2-update.win32_1.0.0.201904181610/tools/bin/../lib/gcc/arm-none-eabi/7.3.1/thumb/v7e-m/fpv4-sp/hard/crtbegin.o
                0x0000000008005bb4                PROVIDE (__init_array_end = .)
                0x0000000008005bb4                . = ALIGN (0x4)

.fini_array     0x0000000008005bb4        0x4
                0x0000000008005bb4                . = ALIGN (0x4)
                [!provide]                        PROVIDE (__fini_array_start = .)
 *(SORT_BY_NAME(.fini_array.*))
 *(.fini_array*)
 .fini_array    0x0000000008005bb4        0x4 d:/programs/stm32cubeide_1.3.0/stm32cubeide/plugins/com.st.stm32cube.ide.mcu.externaltools.gnu-tools-for-stm32.7-2018-q2-update.win32_1.0.0.201904181610/tools/bin/../lib/gcc/arm-none-eabi/7.3.1/thumb/v7e-m/fpv4-sp/hard/crtbegin.o
                [!provide]                        PROVIDE (__fini_array_end = .)
                0x0000000008005bb8                . = ALIGN (0x4)
                0x0000000008005bb8                _sidata = LOADADDR (.data)

.data           0x0000000020000000       0xb8 load address 0x0000000008005bb8
                0x0000000020000000                . = ALIGN (0x4)
                0x0000000020000000                _sdata = .
 *(.data)
 *(.data*)
 .data.decode_str.8351
                0x0000000020000000       0x48 Core/Src/main.o
 .data.SystemCoreClock
                0x0000000020000048        0x4 Core/Src/system_stm32f4xx.o
                0x0000000020000048                SystemCoreClock
 .data.uwTickPrio
                0x000000002000004c        0x4 Drivers/STM32F4xx_HAL_Driver/Src/stm32f4xx_hal.o
                0x000000002000004c                uwTickPrio
 .data.uwTickFreq
                0x0000000020000050        0x1 Drivers/STM32F4xx_HAL_Driver/Src/stm32f4xx_hal.o
                0x0000000020000050                uwTickFreq
 *fill*         0x0000000020000051        0x3 
 .data._impure_ptr
                0x0000000020000054        0x4 d:/programs/stm32cubeide_1.3.0/stm32cubeide/plugins/com.st.stm32cube.ide.mcu.externaltools.gnu-tools-for-stm32.7-2018-q2-update.win32_1.0.0.201904181610/tools/bin/../lib/gcc/arm-none-eabi/7.3.1/../../../../arm-none-eabi/lib/thumb/v7e-m/fpv4-sp/hard\libc_nano.a(lib_a-impure.o)
                0x0000000020000054                _impure_ptr
 .data.impure_data
                0x0000000020000058       0x60 d:/programs/stm32cubeide_1.3.0/stm32cubeide/plugins/com.st.stm32cube.ide.mcu.externaltools.gnu-tools-for-stm32.7-2018-q2-update.win32_1.0.0.201904181610/tools/bin/../lib/gcc/arm-none-eabi/7.3.1/../../../../arm-none-eabi/lib/thumb/v7e-m/fpv4-sp/hard\libc_nano.a(lib_a-impure.o)
                0x00000000200000b8                . = ALIGN (0x4)
                0x00000000200000b8                _edata = .

.igot.plt       0x00000000200000b8        0x0 load address 0x0000000008005c70
 .igot.plt      0x00000000200000b8        0x0 d:/programs/stm32cubeide_1.3.0/stm32cubeide/plugins/com.st.stm32cube.ide.mcu.externaltools.gnu-tools-for-stm32.7-2018-q2-update.win32_1.0.0.201904181610/tools/bin/../lib/gcc/arm-none-eabi/7.3.1/thumb/v7e-m/fpv4-sp/hard/crtbegin.o
                0x00000000200000b8                . = ALIGN (0x4)

.bss            0x00000000200000b8      0x2d0 load address 0x0000000008005c70
                0x00000000200000b8                _sbss = .
                0x00000000200000b8                __bss_start__ = _sbss
 *(.bss)
 .bss           0x00000000200000b8       0x1c d:/programs/stm32cubeide_1.3.0/stm32cubeide/plugins/com.st.stm32cube.ide.mcu.externaltools.gnu-tools-for-stm32.7-2018-q2-update.win32_1.0.0.201904181610/tools/bin/../lib/gcc/arm-none-eabi/7.3.1/thumb/v7e-m/fpv4-sp/hard/crtbegin.o
 *(.bss*)
 .bss.heap_end.6424
                0x00000000200000d4        0x4 Core/Src/sysmem.o
 .bss.__malloc_free_list
                0x00000000200000d8        0x4 d:/programs/stm32cubeide_1.3.0/stm32cubeide/plugins/com.st.stm32cube.ide.mcu.externaltools.gnu-tools-for-stm32.7-2018-q2-update.win32_1.0.0.201904181610/tools/bin/../lib/gcc/arm-none-eabi/7.3.1/../../../../arm-none-eabi/lib/thumb/v7e-m/fpv4-sp/hard\libc_nano.a(lib_a-nano-mallocr.o)
                0x00000000200000d8                __malloc_free_list
 .bss.__malloc_sbrk_start
                0x00000000200000dc        0x4 d:/programs/stm32cubeide_1.3.0/stm32cubeide/plugins/com.st.stm32cube.ide.mcu.externaltools.gnu-tools-for-stm32.7-2018-q2-update.win32_1.0.0.201904181610/tools/bin/../lib/gcc/arm-none-eabi/7.3.1/../../../../arm-none-eabi/lib/thumb/v7e-m/fpv4-sp/hard\libc_nano.a(lib_a-nano-mallocr.o)
                0x00000000200000dc                __malloc_sbrk_start
 *(COMMON)
 COMMON         0x00000000200000e0      0x21c Core/Src/IR_Ext_JVC.o
                0x00000000200000e0                irparams
                0x00000000200002e8                results
 COMMON         0x00000000200002fc       0x84 Core/Src/main.o
                0x00000000200002fc                htim4
                0x000000002000033c                pwm
                0x0000000020000340                huart2
 COMMON         0x0000000020000380        0x4 Drivers/STM32F4xx_HAL_Driver/Src/stm32f4xx_hal.o
                0x0000000020000380                uwTick
 COMMON         0x0000000020000384        0x4 d:/programs/stm32cubeide_1.3.0/stm32cubeide/plugins/com.st.stm32cube.ide.mcu.externaltools.gnu-tools-for-stm32.7-2018-q2-update.win32_1.0.0.201904181610/tools/bin/../lib/gcc/arm-none-eabi/7.3.1/../../../../arm-none-eabi/lib/thumb/v7e-m/fpv4-sp/hard\libc_nano.a(lib_a-reent.o)
                0x0000000020000384                errno
                0x0000000020000388                . = ALIGN (0x4)
                0x0000000020000388                _ebss = .
                0x0000000020000388                __bss_end__ = _ebss

._user_heap_stack
                0x0000000020000388      0x600 load address 0x0000000008005c70
                0x0000000020000388                . = ALIGN (0x8)
                0x0000000020000388                PROVIDE (end = .)
                [!provide]                        PROVIDE (_end = .)
                0x0000000020000588                . = (. + _Min_Heap_Size)
 *fill*         0x0000000020000388      0x200 
                0x0000000020000988                . = (. + _Min_Stack_Size)
 *fill*         0x0000000020000588      0x400 
                0x0000000020000988                . = ALIGN (0x8)

/DISCARD/
 libc.a(*)
 libm.a(*)
 libgcc.a(*)

.ARM.attributes
                0x0000000000000000       0x30
 *(.ARM.attributes)
 .ARM.attributes
                0x0000000000000000       0x22 d:/programs/stm32cubeide_1.3.0/stm32cubeide/plugins/com.st.stm32cube.ide.mcu.externaltools.gnu-tools-for-stm32.7-2018-q2-update.win32_1.0.0.201904181610/tools/bin/../lib/gcc/arm-none-eabi/7.3.1/thumb/v7e-m/fpv4-sp/hard/crti.o
 .ARM.attributes
                0x0000000000000022       0x34 d:/programs/stm32cubeide_1.3.0/stm32cubeide/plugins/com.st.stm32cube.ide.mcu.externaltools.gnu-tools-for-stm32.7-2018-q2-update.win32_1.0.0.201904181610/tools/bin/../lib/gcc/arm-none-eabi/7.3.1/thumb/v7e-m/fpv4-sp/hard/crtbegin.o
 .ARM.attributes
                0x0000000000000056       0x39 Core/Src/IR_Ext_JVC.o
 .ARM.attributes
                0x000000000000008f       0x39 Core/Src/IR_Ext_LG.o
 .ARM.attributes
                0x00000000000000c8       0x39 Core/Src/IR_Ext_NEC.o
 .ARM.attributes
                0x0000000000000101       0x39 Core/Src/IR_Ext_RC56.o
 .ARM.attributes
                0x000000000000013a       0x39 Core/Src/IR_Ext_Samsung.o
 .ARM.attributes
                0x0000000000000173       0x39 Core/Src/IR_Ext_Sony.o
 .ARM.attributes
                0x00000000000001ac       0x39 Core/Src/IR_Remote.o
 .ARM.attributes
                0x00000000000001e5       0x39 Core/Src/IR_Send.o
 .ARM.attributes
                0x000000000000021e       0x39 Core/Src/main.o
 .ARM.attributes
                0x0000000000000257       0x39 Core/Src/stm32f4xx_hal_msp.o
 .ARM.attributes
                0x0000000000000290       0x39 Core/Src/stm32f4xx_it.o
 .ARM.attributes
                0x00000000000002c9       0x39 Core/Src/sysmem.o
 .ARM.attributes
                0x0000000000000302       0x39 Core/Src/system_stm32f4xx.o
 .ARM.attributes
                0x000000000000033b       0x21 Core/Startup/startup_stm32f411retx.o
 .ARM.attributes
                0x000000000000035c       0x39 Drivers/STM32F4xx_HAL_Driver/Src/stm32f4xx_hal.o
 .ARM.attributes
                0x0000000000000395       0x39 Drivers/STM32F4xx_HAL_Driver/Src/stm32f4xx_hal_cortex.o
 .ARM.attributes
                0x00000000000003ce       0x39 Drivers/STM32F4xx_HAL_Driver/Src/stm32f4xx_hal_gpio.o
 .ARM.attributes
                0x0000000000000407       0x39 Drivers/STM32F4xx_HAL_Driver/Src/stm32f4xx_hal_rcc.o
 .ARM.attributes
                0x0000000000000440       0x39 Drivers/STM32F4xx_HAL_Driver/Src/stm32f4xx_hal_tim.o
 .ARM.attributes
                0x0000000000000479       0x39 Drivers/STM32F4xx_HAL_Driver/Src/stm32f4xx_hal_tim_ex.o
 .ARM.attributes
                0x00000000000004b2       0x39 Drivers/STM32F4xx_HAL_Driver/Src/stm32f4xx_hal_uart.o
 .ARM.attributes
                0x00000000000004eb       0x34 d:/programs/stm32cubeide_1.3.0/stm32cubeide/plugins/com.st.stm32cube.ide.mcu.externaltools.gnu-tools-for-stm32.7-2018-q2-update.win32_1.0.0.201904181610/tools/bin/../lib/gcc/arm-none-eabi/7.3.1/../../../../arm-none-eabi/lib/thumb/v7e-m/fpv4-sp/hard\libc_nano.a(lib_a-calloc.o)
 .ARM.attributes
                0x000000000000051f       0x34 d:/programs/stm32cubeide_1.3.0/stm32cubeide/plugins/com.st.stm32cube.ide.mcu.externaltools.gnu-tools-for-stm32.7-2018-q2-update.win32_1.0.0.201904181610/tools/bin/../lib/gcc/arm-none-eabi/7.3.1/../../../../arm-none-eabi/lib/thumb/v7e-m/fpv4-sp/hard\libc_nano.a(lib_a-errno.o)
 .ARM.attributes
                0x0000000000000553       0x34 d:/programs/stm32cubeide_1.3.0/stm32cubeide/plugins/com.st.stm32cube.ide.mcu.externaltools.gnu-tools-for-stm32.7-2018-q2-update.win32_1.0.0.201904181610/tools/bin/../lib/gcc/arm-none-eabi/7.3.1/../../../../arm-none-eabi/lib/thumb/v7e-m/fpv4-sp/hard\libc_nano.a(lib_a-impure.o)
 .ARM.attributes
                0x0000000000000587       0x34 d:/programs/stm32cubeide_1.3.0/stm32cubeide/plugins/com.st.stm32cube.ide.mcu.externaltools.gnu-tools-for-stm32.7-2018-q2-update.win32_1.0.0.201904181610/tools/bin/../lib/gcc/arm-none-eabi/7.3.1/../../../../arm-none-eabi/lib/thumb/v7e-m/fpv4-sp/hard\libc_nano.a(lib_a-init.o)
 .ARM.attributes
                0x00000000000005bb       0x34 d:/programs/stm32cubeide_1.3.0/stm32cubeide/plugins/com.st.stm32cube.ide.mcu.externaltools.gnu-tools-for-stm32.7-2018-q2-update.win32_1.0.0.201904181610/tools/bin/../lib/gcc/arm-none-eabi/7.3.1/../../../../arm-none-eabi/lib/thumb/v7e-m/fpv4-sp/hard\libc_nano.a(lib_a-malloc.o)
 .ARM.attributes
                0x00000000000005ef       0x34 d:/programs/stm32cubeide_1.3.0/stm32cubeide/plugins/com.st.stm32cube.ide.mcu.externaltools.gnu-tools-for-stm32.7-2018-q2-update.win32_1.0.0.201904181610/tools/bin/../lib/gcc/arm-none-eabi/7.3.1/../../../../arm-none-eabi/lib/thumb/v7e-m/fpv4-sp/hard\libc_nano.a(lib_a-memcpy-stub.o)
 .ARM.attributes
                0x0000000000000623       0x34 d:/programs/stm32cubeide_1.3.0/stm32cubeide/plugins/com.st.stm32cube.ide.mcu.externaltools.gnu-tools-for-stm32.7-2018-q2-update.win32_1.0.0.201904181610/tools/bin/../lib/gcc/arm-none-eabi/7.3.1/../../../../arm-none-eabi/lib/thumb/v7e-m/fpv4-sp/hard\libc_nano.a(lib_a-memset.o)
 .ARM.attributes
                0x0000000000000657       0x34 d:/programs/stm32cubeide_1.3.0/stm32cubeide/plugins/com.st.stm32cube.ide.mcu.externaltools.gnu-tools-for-stm32.7-2018-q2-update.win32_1.0.0.201904181610/tools/bin/../lib/gcc/arm-none-eabi/7.3.1/../../../../arm-none-eabi/lib/thumb/v7e-m/fpv4-sp/hard\libc_nano.a(lib_a-nano-callocr.o)
 .ARM.attributes
                0x000000000000068b       0x34 d:/programs/stm32cubeide_1.3.0/stm32cubeide/plugins/com.st.stm32cube.ide.mcu.externaltools.gnu-tools-for-stm32.7-2018-q2-update.win32_1.0.0.201904181610/tools/bin/../lib/gcc/arm-none-eabi/7.3.1/../../../../arm-none-eabi/lib/thumb/v7e-m/fpv4-sp/hard\libc_nano.a(lib_a-nano-freer.o)
 .ARM.attributes
                0x00000000000006bf       0x34 d:/programs/stm32cubeide_1.3.0/stm32cubeide/plugins/com.st.stm32cube.ide.mcu.externaltools.gnu-tools-for-stm32.7-2018-q2-update.win32_1.0.0.201904181610/tools/bin/../lib/gcc/arm-none-eabi/7.3.1/../../../../arm-none-eabi/lib/thumb/v7e-m/fpv4-sp/hard\libc_nano.a(lib_a-nano-mallocr.o)
 .ARM.attributes
                0x00000000000006f3       0x34 d:/programs/stm32cubeide_1.3.0/stm32cubeide/plugins/com.st.stm32cube.ide.mcu.externaltools.gnu-tools-for-stm32.7-2018-q2-update.win32_1.0.0.201904181610/tools/bin/../lib/gcc/arm-none-eabi/7.3.1/../../../../arm-none-eabi/lib/thumb/v7e-m/fpv4-sp/hard\libc_nano.a(lib_a-sbrkr.o)
 .ARM.attributes
                0x0000000000000727       0x34 d:/programs/stm32cubeide_1.3.0/stm32cubeide/plugins/com.st.stm32cube.ide.mcu.externaltools.gnu-tools-for-stm32.7-2018-q2-update.win32_1.0.0.201904181610/tools/bin/../lib/gcc/arm-none-eabi/7.3.1/../../../../arm-none-eabi/lib/thumb/v7e-m/fpv4-sp/hard\libc_nano.a(lib_a-sprintf.o)
 .ARM.attributes
                0x000000000000075b       0x1b d:/programs/stm32cubeide_1.3.0/stm32cubeide/plugins/com.st.stm32cube.ide.mcu.externaltools.gnu-tools-for-stm32.7-2018-q2-update.win32_1.0.0.201904181610/tools/bin/../lib/gcc/arm-none-eabi/7.3.1/../../../../arm-none-eabi/lib/thumb/v7e-m/fpv4-sp/hard\libc_nano.a(lib_a-strlen.o)
 .ARM.attributes
                0x0000000000000776       0x34 d:/programs/stm32cubeide_1.3.0/stm32cubeide/plugins/com.st.stm32cube.ide.mcu.externaltools.gnu-tools-for-stm32.7-2018-q2-update.win32_1.0.0.201904181610/tools/bin/../lib/gcc/arm-none-eabi/7.3.1/../../../../arm-none-eabi/lib/thumb/v7e-m/fpv4-sp/hard\libc_nano.a(lib_a-mlock.o)
 .ARM.attributes
                0x00000000000007aa       0x34 d:/programs/stm32cubeide_1.3.0/stm32cubeide/plugins/com.st.stm32cube.ide.mcu.externaltools.gnu-tools-for-stm32.7-2018-q2-update.win32_1.0.0.201904181610/tools/bin/../lib/gcc/arm-none-eabi/7.3.1/../../../../arm-none-eabi/lib/thumb/v7e-m/fpv4-sp/hard\libc_nano.a(lib_a-nano-svfprintf.o)
 .ARM.attributes
                0x00000000000007de       0x34 d:/programs/stm32cubeide_1.3.0/stm32cubeide/plugins/com.st.stm32cube.ide.mcu.externaltools.gnu-tools-for-stm32.7-2018-q2-update.win32_1.0.0.201904181610/tools/bin/../lib/gcc/arm-none-eabi/7.3.1/../../../../arm-none-eabi/lib/thumb/v7e-m/fpv4-sp/hard\libc_nano.a(lib_a-nano-vfprintf_i.o)
 .ARM.attributes
                0x0000000000000812       0x34 d:/programs/stm32cubeide_1.3.0/stm32cubeide/plugins/com.st.stm32cube.ide.mcu.externaltools.gnu-tools-for-stm32.7-2018-q2-update.win32_1.0.0.201904181610/tools/bin/../lib/gcc/arm-none-eabi/7.3.1/../../../../arm-none-eabi/lib/thumb/v7e-m/fpv4-sp/hard\libc_nano.a(lib_a-reent.o)
 .ARM.attributes
                0x0000000000000846       0x20 d:/programs/stm32cubeide_1.3.0/stm32cubeide/plugins/com.st.stm32cube.ide.mcu.externaltools.gnu-tools-for-stm32.7-2018-q2-update.win32_1.0.0.201904181610/tools/bin/../lib/gcc/arm-none-eabi/7.3.1/../../../../arm-none-eabi/lib/thumb/v7e-m/fpv4-sp/hard\libc_nano.a(lib_a-memchr.o)
 .ARM.attributes
                0x0000000000000866       0x34 d:/programs/stm32cubeide_1.3.0/stm32cubeide/plugins/com.st.stm32cube.ide.mcu.externaltools.gnu-tools-for-stm32.7-2018-q2-update.win32_1.0.0.201904181610/tools/bin/../lib/gcc/arm-none-eabi/7.3.1/../../../../arm-none-eabi/lib/thumb/v7e-m/fpv4-sp/hard\libc_nano.a(lib_a-memmove.o)
 .ARM.attributes
                0x000000000000089a       0x34 d:/programs/stm32cubeide_1.3.0/stm32cubeide/plugins/com.st.stm32cube.ide.mcu.externaltools.gnu-tools-for-stm32.7-2018-q2-update.win32_1.0.0.201904181610/tools/bin/../lib/gcc/arm-none-eabi/7.3.1/../../../../arm-none-eabi/lib/thumb/v7e-m/fpv4-sp/hard\libc_nano.a(lib_a-nano-reallocr.o)
 .ARM.attributes
                0x00000000000008ce       0x34 d:/programs/stm32cubeide_1.3.0/stm32cubeide/plugins/com.st.stm32cube.ide.mcu.externaltools.gnu-tools-for-stm32.7-2018-q2-update.win32_1.0.0.201904181610/tools/bin/../lib/gcc/arm-none-eabi/7.3.1/../../../../arm-none-eabi/lib/thumb/v7e-m/fpv4-sp/hard\libc_nano.a(lib_a-nano-msizer.o)
 .ARM.attributes
                0x0000000000000902       0x22 d:/programs/stm32cubeide_1.3.0/stm32cubeide/plugins/com.st.stm32cube.ide.mcu.externaltools.gnu-tools-for-stm32.7-2018-q2-update.win32_1.0.0.201904181610/tools/bin/../lib/gcc/arm-none-eabi/7.3.1/thumb/v7e-m/fpv4-sp/hard\libgcc.a(_arm_addsubdf3.o)
 .ARM.attributes
                0x0000000000000924       0x22 d:/programs/stm32cubeide_1.3.0/stm32cubeide/plugins/com.st.stm32cube.ide.mcu.externaltools.gnu-tools-for-stm32.7-2018-q2-update.win32_1.0.0.201904181610/tools/bin/../lib/gcc/arm-none-eabi/7.3.1/thumb/v7e-m/fpv4-sp/hard\libgcc.a(_arm_muldivdf3.o)
 .ARM.attributes
                0x0000000000000946       0x22 d:/programs/stm32cubeide_1.3.0/stm32cubeide/plugins/com.st.stm32cube.ide.mcu.externaltools.gnu-tools-for-stm32.7-2018-q2-update.win32_1.0.0.201904181610/tools/bin/../lib/gcc/arm-none-eabi/7.3.1/thumb/v7e-m/fpv4-sp/hard\libgcc.a(_arm_cmpdf2.o)
 .ARM.attributes
                0x0000000000000968       0x22 d:/programs/stm32cubeide_1.3.0/stm32cubeide/plugins/com.st.stm32cube.ide.mcu.externaltools.gnu-tools-for-stm32.7-2018-q2-update.win32_1.0.0.201904181610/tools/bin/../lib/gcc/arm-none-eabi/7.3.1/thumb/v7e-m/fpv4-sp/hard\libgcc.a(_arm_fixdfsi.o)
 .ARM.attributes
                0x000000000000098a       0x22 d:/programs/stm32cubeide_1.3.0/stm32cubeide/plugins/com.st.stm32cube.ide.mcu.externaltools.gnu-tools-for-stm32.7-2018-q2-update.win32_1.0.0.201904181610/tools/bin/../lib/gcc/arm-none-eabi/7.3.1/thumb/v7e-m/fpv4-sp/hard\libgcc.a(_aeabi_uldivmod.o)
 .ARM.attributes
                0x00000000000009ac       0x34 d:/programs/stm32cubeide_1.3.0/stm32cubeide/plugins/com.st.stm32cube.ide.mcu.externaltools.gnu-tools-for-stm32.7-2018-q2-update.win32_1.0.0.201904181610/tools/bin/../lib/gcc/arm-none-eabi/7.3.1/thumb/v7e-m/fpv4-sp/hard\libgcc.a(_udivmoddi4.o)
 .ARM.attributes
                0x00000000000009e0       0x22 d:/programs/stm32cubeide_1.3.0/stm32cubeide/plugins/com.st.stm32cube.ide.mcu.externaltools.gnu-tools-for-stm32.7-2018-q2-update.win32_1.0.0.201904181610/tools/bin/../lib/gcc/arm-none-eabi/7.3.1/thumb/v7e-m/fpv4-sp/hard\libgcc.a(_dvmd_tls.o)
 .ARM.attributes
                0x0000000000000a02       0x22 d:/programs/stm32cubeide_1.3.0/stm32cubeide/plugins/com.st.stm32cube.ide.mcu.externaltools.gnu-tools-for-stm32.7-2018-q2-update.win32_1.0.0.201904181610/tools/bin/../lib/gcc/arm-none-eabi/7.3.1/thumb/v7e-m/fpv4-sp/hard/crtn.o
OUTPUT(FinalProject.elf elf32-littlearm)

.debug_info     0x0000000000000000     0xf842
 .debug_info    0x0000000000000000      0x845 Core/Src/IR_Ext_JVC.o
 .debug_info    0x0000000000000845      0x845 Core/Src/IR_Ext_LG.o
 .debug_info    0x000000000000108a      0x88b Core/Src/IR_Ext_NEC.o
 .debug_info    0x0000000000001915      0xa3c Core/Src/IR_Ext_RC56.o
 .debug_info    0x0000000000002351      0x88b Core/Src/IR_Ext_Samsung.o
 .debug_info    0x0000000000002bdc      0x875 Core/Src/IR_Ext_Sony.o
 .debug_info    0x0000000000003451      0xaf9 Core/Src/IR_Remote.o
 .debug_info    0x0000000000003f4a      0xbbb Core/Src/IR_Send.o
 .debug_info    0x0000000000004b05     0x19e3 Core/Src/main.o
 .debug_info    0x00000000000064e8      0xe19 Core/Src/stm32f4xx_hal_msp.o
 .debug_info    0x0000000000007301      0x6e3 Core/Src/stm32f4xx_it.o
 .debug_info    0x00000000000079e4      0x91c Core/Src/sysmem.o
 .debug_info    0x0000000000008300      0x57e Core/Src/system_stm32f4xx.o
 .debug_info    0x000000000000887e       0x22 Core/Startup/startup_stm32f411retx.o
 .debug_info    0x00000000000088a0      0x8d5 Drivers/STM32F4xx_HAL_Driver/Src/stm32f4xx_hal.o
 .debug_info    0x0000000000009175      0xd98 Drivers/STM32F4xx_HAL_Driver/Src/stm32f4xx_hal_cortex.o
 .debug_info    0x0000000000009f0d      0x7d7 Drivers/STM32F4xx_HAL_Driver/Src/stm32f4xx_hal_gpio.o
 .debug_info    0x000000000000a6e4      0x92a Drivers/STM32F4xx_HAL_Driver/Src/stm32f4xx_hal_rcc.o
 .debug_info    0x000000000000b00e     0x24a1 Drivers/STM32F4xx_HAL_Driver/Src/stm32f4xx_hal_tim.o
 .debug_info    0x000000000000d4af     0x114f Drivers/STM32F4xx_HAL_Driver/Src/stm32f4xx_hal_tim_ex.o
 .debug_info    0x000000000000e5fe     0x1244 Drivers/STM32F4xx_HAL_Driver/Src/stm32f4xx_hal_uart.o

.debug_abbrev   0x0000000000000000     0x27e5
 .debug_abbrev  0x0000000000000000      0x1ca Core/Src/IR_Ext_JVC.o
 .debug_abbrev  0x00000000000001ca      0x1ca Core/Src/IR_Ext_LG.o
 .debug_abbrev  0x0000000000000394      0x1e2 Core/Src/IR_Ext_NEC.o
 .debug_abbrev  0x0000000000000576      0x1f3 Core/Src/IR_Ext_RC56.o
 .debug_abbrev  0x0000000000000769      0x1e2 Core/Src/IR_Ext_Samsung.o
 .debug_abbrev  0x000000000000094b      0x1d3 Core/Src/IR_Ext_Sony.o
 .debug_abbrev  0x0000000000000b1e      0x22a Core/Src/IR_Remote.o
 .debug_abbrev  0x0000000000000d48      0x1ed Core/Src/IR_Send.o
 .debug_abbrev  0x0000000000000f35      0x2f2 Core/Src/main.o
 .debug_abbrev  0x0000000000001227      0x1a6 Core/Src/stm32f4xx_hal_msp.o
 .debug_abbrev  0x00000000000013cd      0x169 Core/Src/stm32f4xx_it.o
 .debug_abbrev  0x0000000000001536      0x1bb Core/Src/sysmem.o
 .debug_abbrev  0x00000000000016f1      0x12b Core/Src/system_stm32f4xx.o
 .debug_abbrev  0x000000000000181c       0x12 Core/Startup/startup_stm32f411retx.o
 .debug_abbrev  0x000000000000182e      0x1f2 Drivers/STM32F4xx_HAL_Driver/Src/stm32f4xx_hal.o
 .debug_abbrev  0x0000000000001a20      0x2fa Drivers/STM32F4xx_HAL_Driver/Src/stm32f4xx_hal_cortex.o
 .debug_abbrev  0x0000000000001d1a      0x1c9 Drivers/STM32F4xx_HAL_Driver/Src/stm32f4xx_hal_gpio.o
 .debug_abbrev  0x0000000000001ee3      0x245 Drivers/STM32F4xx_HAL_Driver/Src/stm32f4xx_hal_rcc.o
 .debug_abbrev  0x0000000000002128      0x23f Drivers/STM32F4xx_HAL_Driver/Src/stm32f4xx_hal_tim.o
 .debug_abbrev  0x0000000000002367      0x22d Drivers/STM32F4xx_HAL_Driver/Src/stm32f4xx_hal_tim_ex.o
 .debug_abbrev  0x0000000000002594      0x251 Drivers/STM32F4xx_HAL_Driver/Src/stm32f4xx_hal_uart.o

.debug_aranges  0x0000000000000000      0xcc0
 .debug_aranges
                0x0000000000000000       0x20 Core/Src/IR_Ext_JVC.o
 .debug_aranges
                0x0000000000000020       0x20 Core/Src/IR_Ext_LG.o
 .debug_aranges
                0x0000000000000040       0x28 Core/Src/IR_Ext_NEC.o
 .debug_aranges
                0x0000000000000068       0x40 Core/Src/IR_Ext_RC56.o
 .debug_aranges
                0x00000000000000a8       0x28 Core/Src/IR_Ext_Samsung.o
 .debug_aranges
                0x00000000000000d0       0x28 Core/Src/IR_Ext_Sony.o
 .debug_aranges
                0x00000000000000f8       0x68 Core/Src/IR_Remote.o
 .debug_aranges
                0x0000000000000160       0x48 Core/Src/IR_Send.o
 .debug_aranges
                0x00000000000001a8       0x48 Core/Src/main.o
 .debug_aranges
                0x00000000000001f0       0x48 Core/Src/stm32f4xx_hal_msp.o
 .debug_aranges
                0x0000000000000238       0x68 Core/Src/stm32f4xx_it.o
 .debug_aranges
                0x00000000000002a0       0x20 Core/Src/sysmem.o
 .debug_aranges
                0x00000000000002c0       0x28 Core/Src/system_stm32f4xx.o
 .debug_aranges
                0x00000000000002e8       0x28 Core/Startup/startup_stm32f411retx.o
 .debug_aranges
                0x0000000000000310       0xf0 Drivers/STM32F4xx_HAL_Driver/Src/stm32f4xx_hal.o
 .debug_aranges
                0x0000000000000400      0x118 Drivers/STM32F4xx_HAL_Driver/Src/stm32f4xx_hal_cortex.o
 .debug_aranges
                0x0000000000000518       0x58 Drivers/STM32F4xx_HAL_Driver/Src/stm32f4xx_hal_gpio.o
 .debug_aranges
                0x0000000000000570       0x88 Drivers/STM32F4xx_HAL_Driver/Src/stm32f4xx_hal_rcc.o
 .debug_aranges
                0x00000000000005f8      0x3a8 Drivers/STM32F4xx_HAL_Driver/Src/stm32f4xx_hal_tim.o
 .debug_aranges
                0x00000000000009a0      0x150 Drivers/STM32F4xx_HAL_Driver/Src/stm32f4xx_hal_tim_ex.o
 .debug_aranges
                0x0000000000000af0      0x1d0 Drivers/STM32F4xx_HAL_Driver/Src/stm32f4xx_hal_uart.o

.debug_ranges   0x0000000000000000      0xb78
 .debug_ranges  0x0000000000000000       0x10 Core/Src/IR_Ext_JVC.o
 .debug_ranges  0x0000000000000010       0x10 Core/Src/IR_Ext_LG.o
 .debug_ranges  0x0000000000000020       0x18 Core/Src/IR_Ext_NEC.o
 .debug_ranges  0x0000000000000038       0x30 Core/Src/IR_Ext_RC56.o
 .debug_ranges  0x0000000000000068       0x18 Core/Src/IR_Ext_Samsung.o
 .debug_ranges  0x0000000000000080       0x18 Core/Src/IR_Ext_Sony.o
 .debug_ranges  0x0000000000000098       0x58 Core/Src/IR_Remote.o
 .debug_ranges  0x00000000000000f0       0x38 Core/Src/IR_Send.o
 .debug_ranges  0x0000000000000128       0x38 Core/Src/main.o
 .debug_ranges  0x0000000000000160       0x38 Core/Src/stm32f4xx_hal_msp.o
 .debug_ranges  0x0000000000000198       0x58 Core/Src/stm32f4xx_it.o
 .debug_ranges  0x00000000000001f0       0x10 Core/Src/sysmem.o
 .debug_ranges  0x0000000000000200       0x18 Core/Src/system_stm32f4xx.o
 .debug_ranges  0x0000000000000218       0x20 Core/Startup/startup_stm32f411retx.o
 .debug_ranges  0x0000000000000238       0xe0 Drivers/STM32F4xx_HAL_Driver/Src/stm32f4xx_hal.o
 .debug_ranges  0x0000000000000318      0x108 Drivers/STM32F4xx_HAL_Driver/Src/stm32f4xx_hal_cortex.o
 .debug_ranges  0x0000000000000420       0x48 Drivers/STM32F4xx_HAL_Driver/Src/stm32f4xx_hal_gpio.o
 .debug_ranges  0x0000000000000468       0x78 Drivers/STM32F4xx_HAL_Driver/Src/stm32f4xx_hal_rcc.o
 .debug_ranges  0x00000000000004e0      0x398 Drivers/STM32F4xx_HAL_Driver/Src/stm32f4xx_hal_tim.o
 .debug_ranges  0x0000000000000878      0x140 Drivers/STM32F4xx_HAL_Driver/Src/stm32f4xx_hal_tim_ex.o
 .debug_ranges  0x00000000000009b8      0x1c0 Drivers/STM32F4xx_HAL_Driver/Src/stm32f4xx_hal_uart.o

.debug_macro    0x0000000000000000    0x170b9
 .debug_macro   0x0000000000000000      0x210 Core/Src/IR_Ext_JVC.o
 .debug_macro   0x0000000000000210      0xa5a Core/Src/IR_Ext_JVC.o
 .debug_macro   0x0000000000000c6a      0x18a Core/Src/IR_Ext_JVC.o
 .debug_macro   0x0000000000000df4       0x2e Core/Src/IR_Ext_JVC.o
 .debug_macro   0x0000000000000e22       0x28 Core/Src/IR_Ext_JVC.o
 .debug_macro   0x0000000000000e4a       0x22 Core/Src/IR_Ext_JVC.o
 .debug_macro   0x0000000000000e6c       0x8e Core/Src/IR_Ext_JVC.o
 .debug_macro   0x0000000000000efa       0x51 Core/Src/IR_Ext_JVC.o
 .debug_macro   0x0000000000000f4b       0xef Core/Src/IR_Ext_JVC.o
 .debug_macro   0x000000000000103a       0x6a Core/Src/IR_Ext_JVC.o
 .debug_macro   0x00000000000010a4      0x1df Core/Src/IR_Ext_JVC.o
 .debug_macro   0x0000000000001283       0x1c Core/Src/IR_Ext_JVC.o
 .debug_macro   0x000000000000129f       0x22 Core/Src/IR_Ext_JVC.o
 .debug_macro   0x00000000000012c1       0xdf Core/Src/IR_Ext_JVC.o
 .debug_macro   0x00000000000013a0     0x102d Core/Src/IR_Ext_JVC.o
 .debug_macro   0x00000000000023cd      0x11f Core/Src/IR_Ext_JVC.o
 .debug_macro   0x00000000000024ec     0xb937 Core/Src/IR_Ext_JVC.o
 .debug_macro   0x000000000000de23       0x43 Core/Src/IR_Ext_JVC.o
 .debug_macro   0x000000000000de66     0x3659 Core/Src/IR_Ext_JVC.o
 .debug_macro   0x00000000000114bf      0x174 Core/Src/IR_Ext_JVC.o
 .debug_macro   0x0000000000011633       0x5a Core/Src/IR_Ext_JVC.o
 .debug_macro   0x000000000001168d      0x447 Core/Src/IR_Ext_JVC.o
 .debug_macro   0x0000000000011ad4      0x9fe Core/Src/IR_Ext_JVC.o
 .debug_macro   0x00000000000124d2      0x15f Core/Src/IR_Ext_JVC.o
 .debug_macro   0x0000000000012631      0x117 Core/Src/IR_Ext_JVC.o
 .debug_macro   0x0000000000012748      0x11b Core/Src/IR_Ext_JVC.o
 .debug_macro   0x0000000000012863       0x27 Core/Src/IR_Ext_JVC.o
 .debug_macro   0x000000000001288a      0x287 Core/Src/IR_Ext_JVC.o
 .debug_macro   0x0000000000012b11       0x5f Core/Src/IR_Ext_JVC.o
 .debug_macro   0x0000000000012b70      0x236 Core/Src/IR_Ext_JVC.o
 .debug_macro   0x0000000000012da6      0x132 Core/Src/IR_Ext_JVC.o
 .debug_macro   0x0000000000012ed8      0x264 Core/Src/IR_Ext_JVC.o
 .debug_macro   0x000000000001313c       0x2e Core/Src/IR_Ext_JVC.o
 .debug_macro   0x000000000001316a      0x11a Core/Src/IR_Ext_JVC.o
 .debug_macro   0x0000000000013284       0x85 Core/Src/IR_Ext_JVC.o
 .debug_macro   0x0000000000013309       0x89 Core/Src/IR_Ext_JVC.o
 .debug_macro   0x0000000000013392      0x8a0 Core/Src/IR_Ext_JVC.o
 .debug_macro   0x0000000000013c32       0x47 Core/Src/IR_Ext_JVC.o
 .debug_macro   0x0000000000013c79      0x287 Core/Src/IR_Ext_JVC.o
 .debug_macro   0x0000000000013f00      0x126 Core/Src/IR_Ext_JVC.o
 .debug_macro   0x0000000000014026       0x64 Core/Src/IR_Ext_JVC.o
 .debug_macro   0x000000000001408a      0x183 Core/Src/IR_Ext_JVC.o
 .debug_macro   0x000000000001420d      0x210 Core/Src/IR_Ext_LG.o
 .debug_macro   0x000000000001441d      0x210 Core/Src/IR_Ext_NEC.o
 .debug_macro   0x000000000001462d      0x218 Core/Src/IR_Ext_RC56.o
 .debug_macro   0x0000000000014845      0x210 Core/Src/IR_Ext_Samsung.o
 .debug_macro   0x0000000000014a55      0x210 Core/Src/IR_Ext_Sony.o
 .debug_macro   0x0000000000014c65      0x1f4 Core/Src/IR_Remote.o
 .debug_macro   0x0000000000014e59      0x1e6 Core/Src/IR_Send.o
 .debug_macro   0x000000000001503f      0x2b1 Core/Src/main.o
 .debug_macro   0x00000000000152f0       0x46 Core/Src/main.o
 .debug_macro   0x0000000000015336       0x18 Core/Src/main.o
 .debug_macro   0x000000000001534e       0x3c Core/Src/main.o
 .debug_macro   0x000000000001538a       0x34 Core/Src/main.o
 .debug_macro   0x00000000000153be       0x52 Core/Src/main.o
 .debug_macro   0x0000000000015410       0x1f Core/Src/main.o
 .debug_macro   0x000000000001542f       0x43 Core/Src/main.o
 .debug_macro   0x0000000000015472       0x20 Core/Src/main.o
 .debug_macro   0x0000000000015492      0x1a3 Core/Src/main.o
 .debug_macro   0x0000000000015635      0x32a Core/Src/main.o
 .debug_macro   0x000000000001595f       0x10 Core/Src/main.o
 .debug_macro   0x000000000001596f       0x35 Core/Src/main.o
 .debug_macro   0x00000000000159a4       0x20 Core/Src/main.o
 .debug_macro   0x00000000000159c4      0x1dd Core/Src/stm32f4xx_hal_msp.o
 .debug_macro   0x0000000000015ba1      0x1e7 Core/Src/stm32f4xx_it.o
 .debug_macro   0x0000000000015d88      0x1ae Core/Src/sysmem.o
 .debug_macro   0x0000000000015f36      0x23b Core/Src/sysmem.o
 .debug_macro   0x0000000000016171       0x16 Core/Src/sysmem.o
 .debug_macro   0x0000000000016187      0x1d4 Core/Src/system_stm32f4xx.o
 .debug_macro   0x000000000001635b      0x22e Drivers/STM32F4xx_HAL_Driver/Src/stm32f4xx_hal.o
 .debug_macro   0x0000000000016589      0x1ce Drivers/STM32F4xx_HAL_Driver/Src/stm32f4xx_hal_cortex.o
 .debug_macro   0x0000000000016757      0x204 Drivers/STM32F4xx_HAL_Driver/Src/stm32f4xx_hal_gpio.o
 .debug_macro   0x000000000001695b      0x1f2 Drivers/STM32F4xx_HAL_Driver/Src/stm32f4xx_hal_rcc.o
 .debug_macro   0x0000000000016b4d      0x1cf Drivers/STM32F4xx_HAL_Driver/Src/stm32f4xx_hal_tim.o
 .debug_macro   0x0000000000016d1c      0x1ce Drivers/STM32F4xx_HAL_Driver/Src/stm32f4xx_hal_tim_ex.o
 .debug_macro   0x0000000000016eea      0x1cf Drivers/STM32F4xx_HAL_Driver/Src/stm32f4xx_hal_uart.o

.debug_line     0x0000000000000000     0xbb0d
 .debug_line    0x0000000000000000      0x748 Core/Src/IR_Ext_JVC.o
 .debug_line    0x0000000000000748      0x735 Core/Src/IR_Ext_LG.o
 .debug_line    0x0000000000000e7d      0x760 Core/Src/IR_Ext_NEC.o
 .debug_line    0x00000000000015dd      0x87b Core/Src/IR_Ext_RC56.o
 .debug_line    0x0000000000001e58      0x764 Core/Src/IR_Ext_Samsung.o
 .debug_line    0x00000000000025bc      0x742 Core/Src/IR_Ext_Sony.o
 .debug_line    0x0000000000002cfe      0x883 Core/Src/IR_Remote.o
 .debug_line    0x0000000000003581      0x77f Core/Src/IR_Send.o
 .debug_line    0x0000000000003d00      0x936 Core/Src/main.o
 .debug_line    0x0000000000004636      0x74c Core/Src/stm32f4xx_hal_msp.o
 .debug_line    0x0000000000004d82      0x78f Core/Src/stm32f4xx_it.o
 .debug_line    0x0000000000005511      0x57c Core/Src/sysmem.o
 .debug_line    0x0000000000005a8d      0x6f4 Core/Src/system_stm32f4xx.o
 .debug_line    0x0000000000006181       0x85 Core/Startup/startup_stm32f411retx.o
 .debug_line    0x0000000000006206      0x8de Drivers/STM32F4xx_HAL_Driver/Src/stm32f4xx_hal.o
 .debug_line    0x0000000000006ae4      0xa02 Drivers/STM32F4xx_HAL_Driver/Src/stm32f4xx_hal_cortex.o
 .debug_line    0x00000000000074e6      0x881 Drivers/STM32F4xx_HAL_Driver/Src/stm32f4xx_hal_gpio.o
 .debug_line    0x0000000000007d67      0x936 Drivers/STM32F4xx_HAL_Driver/Src/stm32f4xx_hal_rcc.o
 .debug_line    0x000000000000869d     0x179b Drivers/STM32F4xx_HAL_Driver/Src/stm32f4xx_hal_tim.o
 .debug_line    0x0000000000009e38      0xce9 Drivers/STM32F4xx_HAL_Driver/Src/stm32f4xx_hal_tim_ex.o
 .debug_line    0x000000000000ab21      0xfec Drivers/STM32F4xx_HAL_Driver/Src/stm32f4xx_hal_uart.o

.debug_str      0x0000000000000000    0x8d415
 .debug_str     0x0000000000000000    0x85873 Core/Src/IR_Ext_JVC.o
                                      0x85ba7 (size before relaxing)
 .debug_str     0x0000000000085873       0x97 Core/Src/IR_Ext_LG.o
                                      0x85b9e (size before relaxing)
 .debug_str     0x000000000008590a       0xb1 Core/Src/IR_Ext_NEC.o
                                      0x85bb8 (size before relaxing)
 .debug_str     0x00000000000859bb       0xfc Core/Src/IR_Ext_RC56.o
                                      0x85c0e (size before relaxing)
 .debug_str     0x0000000000085ab7       0xce Core/Src/IR_Ext_Samsung.o
                                      0x85be0 (size before relaxing)
 .debug_str     0x0000000000085b85       0xb9 Core/Src/IR_Ext_Sony.o
                                      0x85bcb (size before relaxing)
 .debug_str     0x0000000000085c3e      0x1d3 Core/Src/IR_Remote.o
                                      0x85ce0 (size before relaxing)
 .debug_str     0x0000000000085e11      0x1af Core/Src/IR_Send.o
                                      0x85d65 (size before relaxing)
 .debug_str     0x0000000000085fc0     0x3400 Core/Src/main.o
                                      0x890e3 (size before relaxing)
 .debug_str     0x00000000000893c0      0x42c Core/Src/stm32f4xx_hal_msp.o
                                      0x85d5c (size before relaxing)
 .debug_str     0x00000000000897ec       0xcd Core/Src/stm32f4xx_it.o
                                      0x856b3 (size before relaxing)
 .debug_str     0x00000000000898b9     0x1695 Core/Src/sysmem.o
                                       0x7af0 (size before relaxing)
 .debug_str     0x000000000008af4e       0xc4 Core/Src/system_stm32f4xx.o
                                      0x85230 (size before relaxing)
 .debug_str     0x000000000008b012       0x36 Core/Startup/startup_stm32f411retx.o
                                         0x72 (size before relaxing)
 .debug_str     0x000000000008b048      0x588 Drivers/STM32F4xx_HAL_Driver/Src/stm32f4xx_hal.o
                                      0x85ba5 (size before relaxing)
 .debug_str     0x000000000008b5d0      0x393 Drivers/STM32F4xx_HAL_Driver/Src/stm32f4xx_hal_cortex.o
                                      0x85982 (size before relaxing)
 .debug_str     0x000000000008b963      0x20c Drivers/STM32F4xx_HAL_Driver/Src/stm32f4xx_hal_gpio.o
                                      0x8546f (size before relaxing)
 .debug_str     0x000000000008bb6f      0x259 Drivers/STM32F4xx_HAL_Driver/Src/stm32f4xx_hal_rcc.o
                                      0x8561d (size before relaxing)
 .debug_str     0x000000000008bdc8      0xc95 Drivers/STM32F4xx_HAL_Driver/Src/stm32f4xx_hal_tim.o
                                      0x8632a (size before relaxing)
 .debug_str     0x000000000008ca5d      0x4a2 Drivers/STM32F4xx_HAL_Driver/Src/stm32f4xx_hal_tim_ex.o
                                      0x85b2a (size before relaxing)
 .debug_str     0x000000000008ceff      0x516 Drivers/STM32F4xx_HAL_Driver/Src/stm32f4xx_hal_uart.o
                                      0x85a6a (size before relaxing)

.comment        0x0000000000000000       0x7b
 .comment       0x0000000000000000       0x7b Core/Src/IR_Ext_JVC.o
                                         0x7c (size before relaxing)
 .comment       0x000000000000007b       0x7c Core/Src/IR_Ext_LG.o
 .comment       0x000000000000007b       0x7c Core/Src/IR_Ext_NEC.o
 .comment       0x000000000000007b       0x7c Core/Src/IR_Ext_RC56.o
 .comment       0x000000000000007b       0x7c Core/Src/IR_Ext_Samsung.o
 .comment       0x000000000000007b       0x7c Core/Src/IR_Ext_Sony.o
 .comment       0x000000000000007b       0x7c Core/Src/IR_Remote.o
 .comment       0x000000000000007b       0x7c Core/Src/IR_Send.o
 .comment       0x000000000000007b       0x7c Core/Src/main.o
 .comment       0x000000000000007b       0x7c Core/Src/stm32f4xx_hal_msp.o
 .comment       0x000000000000007b       0x7c Core/Src/stm32f4xx_it.o
 .comment       0x000000000000007b       0x7c Core/Src/sysmem.o
 .comment       0x000000000000007b       0x7c Core/Src/system_stm32f4xx.o
 .comment       0x000000000000007b       0x7c Drivers/STM32F4xx_HAL_Driver/Src/stm32f4xx_hal.o
 .comment       0x000000000000007b       0x7c Drivers/STM32F4xx_HAL_Driver/Src/stm32f4xx_hal_cortex.o
 .comment       0x000000000000007b       0x7c Drivers/STM32F4xx_HAL_Driver/Src/stm32f4xx_hal_gpio.o
 .comment       0x000000000000007b       0x7c Drivers/STM32F4xx_HAL_Driver/Src/stm32f4xx_hal_rcc.o
 .comment       0x000000000000007b       0x7c Drivers/STM32F4xx_HAL_Driver/Src/stm32f4xx_hal_tim.o
 .comment       0x000000000000007b       0x7c Drivers/STM32F4xx_HAL_Driver/Src/stm32f4xx_hal_tim_ex.o
 .comment       0x000000000000007b       0x7c Drivers/STM32F4xx_HAL_Driver/Src/stm32f4xx_hal_uart.o

.debug_frame    0x0000000000000000     0x3890
 .debug_frame   0x0000000000000000       0x34 Core/Src/IR_Ext_JVC.o
 .debug_frame   0x0000000000000034       0x34 Core/Src/IR_Ext_LG.o
 .debug_frame   0x0000000000000068       0x58 Core/Src/IR_Ext_NEC.o
 .debug_frame   0x00000000000000c0       0xc4 Core/Src/IR_Ext_RC56.o
 .debug_frame   0x0000000000000184       0x58 Core/Src/IR_Ext_Samsung.o
 .debug_frame   0x00000000000001dc       0x58 Core/Src/IR_Ext_Sony.o
 .debug_frame   0x0000000000000234      0x178 Core/Src/IR_Remote.o
 .debug_frame   0x00000000000003ac       0xe4 Core/Src/IR_Send.o
 .debug_frame   0x0000000000000490       0xe0 Core/Src/main.o
 .debug_frame   0x0000000000000570       0xe8 Core/Src/stm32f4xx_hal_msp.o
 .debug_frame   0x0000000000000658      0x128 Core/Src/stm32f4xx_it.o
 .debug_frame   0x0000000000000780       0x34 Core/Src/sysmem.o
 .debug_frame   0x00000000000007b4       0x58 Core/Src/system_stm32f4xx.o
 .debug_frame   0x000000000000080c      0x374 Drivers/STM32F4xx_HAL_Driver/Src/stm32f4xx_hal.o
 .debug_frame   0x0000000000000b80      0x498 Drivers/STM32F4xx_HAL_Driver/Src/stm32f4xx_hal_cortex.o
 .debug_frame   0x0000000000001018      0x14c Drivers/STM32F4xx_HAL_Driver/Src/stm32f4xx_hal_gpio.o
 .debug_frame   0x0000000000001164      0x1f0 Drivers/STM32F4xx_HAL_Driver/Src/stm32f4xx_hal_rcc.o
 .debug_frame   0x0000000000001354     0x10e8 Drivers/STM32F4xx_HAL_Driver/Src/stm32f4xx_hal_tim.o
 .debug_frame   0x000000000000243c      0x5c0 Drivers/STM32F4xx_HAL_Driver/Src/stm32f4xx_hal_tim_ex.o
 .debug_frame   0x00000000000029fc      0x844 Drivers/STM32F4xx_HAL_Driver/Src/stm32f4xx_hal_uart.o
 .debug_frame   0x0000000000003240       0x20 d:/programs/stm32cubeide_1.3.0/stm32cubeide/plugins/com.st.stm32cube.ide.mcu.externaltools.gnu-tools-for-stm32.7-2018-q2-update.win32_1.0.0.201904181610/tools/bin/../lib/gcc/arm-none-eabi/7.3.1/../../../../arm-none-eabi/lib/thumb/v7e-m/fpv4-sp/hard\libc_nano.a(lib_a-calloc.o)
 .debug_frame   0x0000000000003260       0x20 d:/programs/stm32cubeide_1.3.0/stm32cubeide/plugins/com.st.stm32cube.ide.mcu.externaltools.gnu-tools-for-stm32.7-2018-q2-update.win32_1.0.0.201904181610/tools/bin/../lib/gcc/arm-none-eabi/7.3.1/../../../../arm-none-eabi/lib/thumb/v7e-m/fpv4-sp/hard\libc_nano.a(lib_a-errno.o)
 .debug_frame   0x0000000000003280       0x2c d:/programs/stm32cubeide_1.3.0/stm32cubeide/plugins/com.st.stm32cube.ide.mcu.externaltools.gnu-tools-for-stm32.7-2018-q2-update.win32_1.0.0.201904181610/tools/bin/../lib/gcc/arm-none-eabi/7.3.1/../../../../arm-none-eabi/lib/thumb/v7e-m/fpv4-sp/hard\libc_nano.a(lib_a-init.o)
 .debug_frame   0x00000000000032ac       0x30 d:/programs/stm32cubeide_1.3.0/stm32cubeide/plugins/com.st.stm32cube.ide.mcu.externaltools.gnu-tools-for-stm32.7-2018-q2-update.win32_1.0.0.201904181610/tools/bin/../lib/gcc/arm-none-eabi/7.3.1/../../../../arm-none-eabi/lib/thumb/v7e-m/fpv4-sp/hard\libc_nano.a(lib_a-malloc.o)
 .debug_frame   0x00000000000032dc       0x28 d:/programs/stm32cubeide_1.3.0/stm32cubeide/plugins/com.st.stm32cube.ide.mcu.externaltools.gnu-tools-for-stm32.7-2018-q2-update.win32_1.0.0.201904181610/tools/bin/../lib/gcc/arm-none-eabi/7.3.1/../../../../arm-none-eabi/lib/thumb/v7e-m/fpv4-sp/hard\libc_nano.a(lib_a-memcpy-stub.o)
 .debug_frame   0x0000000000003304       0x20 d:/programs/stm32cubeide_1.3.0/stm32cubeide/plugins/com.st.stm32cube.ide.mcu.externaltools.gnu-tools-for-stm32.7-2018-q2-update.win32_1.0.0.201904181610/tools/bin/../lib/gcc/arm-none-eabi/7.3.1/../../../../arm-none-eabi/lib/thumb/v7e-m/fpv4-sp/hard\libc_nano.a(lib_a-memset.o)
 .debug_frame   0x0000000000003324       0x2c d:/programs/stm32cubeide_1.3.0/stm32cubeide/plugins/com.st.stm32cube.ide.mcu.externaltools.gnu-tools-for-stm32.7-2018-q2-update.win32_1.0.0.201904181610/tools/bin/../lib/gcc/arm-none-eabi/7.3.1/../../../../arm-none-eabi/lib/thumb/v7e-m/fpv4-sp/hard\libc_nano.a(lib_a-nano-callocr.o)
 .debug_frame   0x0000000000003350       0x38 d:/programs/stm32cubeide_1.3.0/stm32cubeide/plugins/com.st.stm32cube.ide.mcu.externaltools.gnu-tools-for-stm32.7-2018-q2-update.win32_1.0.0.201904181610/tools/bin/../lib/gcc/arm-none-eabi/7.3.1/../../../../arm-none-eabi/lib/thumb/v7e-m/fpv4-sp/hard\libc_nano.a(lib_a-nano-freer.o)
 .debug_frame   0x0000000000003388       0x2c d:/programs/stm32cubeide_1.3.0/stm32cubeide/plugins/com.st.stm32cube.ide.mcu.externaltools.gnu-tools-for-stm32.7-2018-q2-update.win32_1.0.0.201904181610/tools/bin/../lib/gcc/arm-none-eabi/7.3.1/../../../../arm-none-eabi/lib/thumb/v7e-m/fpv4-sp/hard\libc_nano.a(lib_a-nano-mallocr.o)
 .debug_frame   0x00000000000033b4       0x2c d:/programs/stm32cubeide_1.3.0/stm32cubeide/plugins/com.st.stm32cube.ide.mcu.externaltools.gnu-tools-for-stm32.7-2018-q2-update.win32_1.0.0.201904181610/tools/bin/../lib/gcc/arm-none-eabi/7.3.1/../../../../arm-none-eabi/lib/thumb/v7e-m/fpv4-sp/hard\libc_nano.a(lib_a-sbrkr.o)
 .debug_frame   0x00000000000033e0       0x6c d:/programs/stm32cubeide_1.3.0/stm32cubeide/plugins/com.st.stm32cube.ide.mcu.externaltools.gnu-tools-for-stm32.7-2018-q2-update.win32_1.0.0.201904181610/tools/bin/../lib/gcc/arm-none-eabi/7.3.1/../../../../arm-none-eabi/lib/thumb/v7e-m/fpv4-sp/hard\libc_nano.a(lib_a-sprintf.o)
 .debug_frame   0x000000000000344c       0x30 d:/programs/stm32cubeide_1.3.0/stm32cubeide/plugins/com.st.stm32cube.ide.mcu.externaltools.gnu-tools-for-stm32.7-2018-q2-update.win32_1.0.0.201904181610/tools/bin/../lib/gcc/arm-none-eabi/7.3.1/../../../../arm-none-eabi/lib/thumb/v7e-m/fpv4-sp/hard\libc_nano.a(lib_a-mlock.o)
 .debug_frame   0x000000000000347c       0x90 d:/programs/stm32cubeide_1.3.0/stm32cubeide/plugins/com.st.stm32cube.ide.mcu.externaltools.gnu-tools-for-stm32.7-2018-q2-update.win32_1.0.0.201904181610/tools/bin/../lib/gcc/arm-none-eabi/7.3.1/../../../../arm-none-eabi/lib/thumb/v7e-m/fpv4-sp/hard\libc_nano.a(lib_a-nano-svfprintf.o)
 .debug_frame   0x000000000000350c       0x60 d:/programs/stm32cubeide_1.3.0/stm32cubeide/plugins/com.st.stm32cube.ide.mcu.externaltools.gnu-tools-for-stm32.7-2018-q2-update.win32_1.0.0.201904181610/tools/bin/../lib/gcc/arm-none-eabi/7.3.1/../../../../arm-none-eabi/lib/thumb/v7e-m/fpv4-sp/hard\libc_nano.a(lib_a-nano-vfprintf_i.o)
 .debug_frame   0x000000000000356c       0x5c d:/programs/stm32cubeide_1.3.0/stm32cubeide/plugins/com.st.stm32cube.ide.mcu.externaltools.gnu-tools-for-stm32.7-2018-q2-update.win32_1.0.0.201904181610/tools/bin/../lib/gcc/arm-none-eabi/7.3.1/../../../../arm-none-eabi/lib/thumb/v7e-m/fpv4-sp/hard\libc_nano.a(lib_a-reent.o)
 .debug_frame   0x00000000000035c8       0x28 d:/programs/stm32cubeide_1.3.0/stm32cubeide/plugins/com.st.stm32cube.ide.mcu.externaltools.gnu-tools-for-stm32.7-2018-q2-update.win32_1.0.0.201904181610/tools/bin/../lib/gcc/arm-none-eabi/7.3.1/../../../../arm-none-eabi/lib/thumb/v7e-m/fpv4-sp/hard\libc_nano.a(lib_a-memmove.o)
 .debug_frame   0x00000000000035f0       0x3c d:/programs/stm32cubeide_1.3.0/stm32cubeide/plugins/com.st.stm32cube.ide.mcu.externaltools.gnu-tools-for-stm32.7-2018-q2-update.win32_1.0.0.201904181610/tools/bin/../lib/gcc/arm-none-eabi/7.3.1/../../../../arm-none-eabi/lib/thumb/v7e-m/fpv4-sp/hard\libc_nano.a(lib_a-nano-reallocr.o)
 .debug_frame   0x000000000000362c       0x20 d:/programs/stm32cubeide_1.3.0/stm32cubeide/plugins/com.st.stm32cube.ide.mcu.externaltools.gnu-tools-for-stm32.7-2018-q2-update.win32_1.0.0.201904181610/tools/bin/../lib/gcc/arm-none-eabi/7.3.1/../../../../arm-none-eabi/lib/thumb/v7e-m/fpv4-sp/hard\libc_nano.a(lib_a-nano-msizer.o)
 .debug_frame   0x000000000000364c       0xac d:/programs/stm32cubeide_1.3.0/stm32cubeide/plugins/com.st.stm32cube.ide.mcu.externaltools.gnu-tools-for-stm32.7-2018-q2-update.win32_1.0.0.201904181610/tools/bin/../lib/gcc/arm-none-eabi/7.3.1/thumb/v7e-m/fpv4-sp/hard\libgcc.a(_arm_addsubdf3.o)
 .debug_frame   0x00000000000036f8       0x50 d:/programs/stm32cubeide_1.3.0/stm32cubeide/plugins/com.st.stm32cube.ide.mcu.externaltools.gnu-tools-for-stm32.7-2018-q2-update.win32_1.0.0.201904181610/tools/bin/../lib/gcc/arm-none-eabi/7.3.1/thumb/v7e-m/fpv4-sp/hard\libgcc.a(_arm_muldivdf3.o)
 .debug_frame   0x0000000000003748       0xc4 d:/programs/stm32cubeide_1.3.0/stm32cubeide/plugins/com.st.stm32cube.ide.mcu.externaltools.gnu-tools-for-stm32.7-2018-q2-update.win32_1.0.0.201904181610/tools/bin/../lib/gcc/arm-none-eabi/7.3.1/thumb/v7e-m/fpv4-sp/hard\libgcc.a(_arm_cmpdf2.o)
 .debug_frame   0x000000000000380c       0x24 d:/programs/stm32cubeide_1.3.0/stm32cubeide/plugins/com.st.stm32cube.ide.mcu.externaltools.gnu-tools-for-stm32.7-2018-q2-update.win32_1.0.0.201904181610/tools/bin/../lib/gcc/arm-none-eabi/7.3.1/thumb/v7e-m/fpv4-sp/hard\libgcc.a(_arm_fixdfsi.o)
 .debug_frame   0x0000000000003830       0x2c d:/programs/stm32cubeide_1.3.0/stm32cubeide/plugins/com.st.stm32cube.ide.mcu.externaltools.gnu-tools-for-stm32.7-2018-q2-update.win32_1.0.0.201904181610/tools/bin/../lib/gcc/arm-none-eabi/7.3.1/thumb/v7e-m/fpv4-sp/hard\libgcc.a(_aeabi_uldivmod.o)
 .debug_frame   0x000000000000385c       0x34 d:/programs/stm32cubeide_1.3.0/stm32cubeide/plugins/com.st.stm32cube.ide.mcu.externaltools.gnu-tools-for-stm32.7-2018-q2-update.win32_1.0.0.201904181610/tools/bin/../lib/gcc/arm-none-eabi/7.3.1/thumb/v7e-m/fpv4-sp/hard\libgcc.a(_udivmoddi4.o)